Archive member included to satisfy reference by file (symbol)

/usr/lib/x86_64-linux-gnu/libc_nonshared.a(elf-init.oS)
                              /usr/lib/gcc/x86_64-linux-gnu/7/../../../x86_64-linux-gnu/Scrt1.o (__libc_csu_init)

As-needed library included to satisfy reference by file (symbol)

libpthread.so.0               FrontEnd/Uart.o (write@@GLIBC_2.2.5)
libstdc++.so.6                SettingManager/Patient.o (std::__cxx11::basic_string<char, std::char_traits<char>, std::allocator<char> >::operator=(char const*)@@GLIBCXX_3.4.21)
libgcc_s.so.1                 AlarmManager/AlarmManager.o (_Unwind_Resume@@GCC_3.0)
libc.so.6                     UtilityComponent/WorkThread.o (sched_get_priority_min@@GLIBC_2.2.5)

Discarded input sections

 .note.GNU-stack
                0x0000000000000000        0x0 /usr/lib/gcc/x86_64-linux-gnu/7/../../../x86_64-linux-gnu/Scrt1.o
 .note.GNU-stack
                0x0000000000000000        0x0 /usr/lib/gcc/x86_64-linux-gnu/7/../../../x86_64-linux-gnu/crti.o
 .note.GNU-stack
                0x0000000000000000        0x0 /usr/lib/gcc/x86_64-linux-gnu/7/crtbeginS.o
 .note.GNU-stack
                0x0000000000000000        0x0 AlarmManager/VoiceLib.o
 .group         0x0000000000000000        0xc AlarmManager/AlarmManager.o
 .group         0x0000000000000000        0xc AlarmManager/AlarmManager.o
 .group         0x0000000000000000        0x8 AlarmManager/AlarmManager.o
 .group         0x0000000000000000        0xc AlarmManager/AlarmManager.o
 .note.GNU-stack
                0x0000000000000000        0x0 AlarmManager/AlarmManager.o
 .note.GNU-stack
                0x0000000000000000        0x0 AlarmManager/AudioWaveParser.o
 .group         0x0000000000000000        0x8 AlarmManager/AlarmDispatch.o
 .group         0x0000000000000000        0x8 AlarmManager/AlarmDispatch.o
 .group         0x0000000000000000        0xc AlarmManager/AlarmDispatch.o
 .group         0x0000000000000000        0x8 AlarmManager/AlarmDispatch.o
 .group         0x0000000000000000        0xc AlarmManager/AlarmDispatch.o
 .group         0x0000000000000000        0xc AlarmManager/AlarmDispatch.o
 .group         0x0000000000000000        0xc AlarmManager/AlarmDispatch.o
 .group         0x0000000000000000        0xc AlarmManager/AlarmDispatch.o
 .group         0x0000000000000000        0xc AlarmManager/AlarmDispatch.o
 .group         0x0000000000000000        0xc AlarmManager/AlarmDispatch.o
 .group         0x0000000000000000        0xc AlarmManager/AlarmDispatch.o
 .group         0x0000000000000000        0xc AlarmManager/AlarmDispatch.o
 .group         0x0000000000000000        0xc AlarmManager/AlarmDispatch.o
 .group         0x0000000000000000        0x8 AlarmManager/AlarmDispatch.o
 .group         0x0000000000000000        0xc AlarmManager/AlarmDispatch.o
 .group         0x0000000000000000        0xc AlarmManager/AlarmDispatch.o
 .group         0x0000000000000000        0xc AlarmManager/AlarmDispatch.o
 .group         0x0000000000000000        0xc AlarmManager/AlarmDispatch.o
 .group         0x0000000000000000        0xc AlarmManager/AlarmDispatch.o
 .group         0x0000000000000000        0xc AlarmManager/AlarmDispatch.o
 .group         0x0000000000000000        0x8 AlarmManager/AlarmDispatch.o
 .group         0x0000000000000000        0xc AlarmManager/AlarmDispatch.o
 .group         0x0000000000000000        0xc AlarmManager/AlarmDispatch.o
 .group         0x0000000000000000        0xc AlarmManager/AlarmDispatch.o
 .group         0x0000000000000000        0xc AlarmManager/AlarmDispatch.o
 .group         0x0000000000000000        0x8 AlarmManager/AlarmDispatch.o
 .group         0x0000000000000000        0xc AlarmManager/AlarmDispatch.o
 .group         0x0000000000000000        0xc AlarmManager/AlarmDispatch.o
 .group         0x0000000000000000        0xc AlarmManager/AlarmDispatch.o
 .group         0x0000000000000000        0xc AlarmManager/AlarmDispatch.o
 .group         0x0000000000000000        0x8 AlarmManager/AlarmDispatch.o
 .group         0x0000000000000000        0xc AlarmManager/AlarmDispatch.o
 .group         0x0000000000000000        0x8 AlarmManager/AlarmDispatch.o
 .group         0x0000000000000000        0xc AlarmManager/AlarmDispatch.o
 .group         0x0000000000000000        0xc AlarmManager/AlarmDispatch.o
 .group         0x0000000000000000        0xc AlarmManager/AlarmDispatch.o
 .group         0x0000000000000000        0x8 AlarmManager/AlarmDispatch.o
 .group         0x0000000000000000        0xc AlarmManager/AlarmDispatch.o
 .group         0x0000000000000000        0xc AlarmManager/AlarmDispatch.o
 .group         0x0000000000000000        0xc AlarmManager/AlarmDispatch.o
 .group         0x0000000000000000        0x8 AlarmManager/AlarmDispatch.o
 .group         0x0000000000000000        0x8 AlarmManager/AlarmDispatch.o
 .group         0x0000000000000000        0xc AlarmManager/AlarmDispatch.o
 .group         0x0000000000000000        0x8 AlarmManager/AlarmDispatch.o
[...]
Memory Configuration

Name             Origin             Length             Attributes
*default*        0x0000000000000000 0xffffffffffffffff

Linker script and memory map

LOAD /usr/lib/gcc/x86_64-linux-gnu/7/../../../x86_64-linux-gnu/Scrt1.o
LOAD /usr/lib/gcc/x86_64-linux-gnu/7/../../../x86_64-linux-gnu/crti.o
LOAD /usr/lib/gcc/x86_64-linux-gnu/7/crtbeginS.o
LOAD AlarmManager/VoiceLib.o
LOAD AlarmManager/AlarmManager.o
LOAD AlarmManager/AudioWaveParser.o
LOAD AlarmManager/AlarmDispatch.o
LOAD AlarmManager/AlarmItem.o
LOAD AlarmManager/VoicePlay.o
LOAD bmApplication/bmApplication.o
LOAD DataStream/OperationInstance.o
LOAD DataStream/SO2.o
LOAD DataStream/SPO2.o
LOAD DataStream/PH.o
LOAD DataStream/HCT.o
LOAD DataStream/Temp.o
LOAD DataStream/KPlus.o
LOAD DataStream/SPCO2.o
LOAD FrontEnd/UartThread.o
LOAD FrontEnd/FrontEndManager.o
LOAD FrontEnd/ParameterModule.o
LOAD FrontEnd/COModule.o
LOAD FrontEnd/Uart.o
LOAD SettingManager/Patient.o
LOAD SettingManager/AlarmLimitSetting.o
LOAD SettingManager/SystemProfle.o
LOAD SettingManager/SettingManager.o
LOAD UtilityComponent/TimeFunction.o
LOAD UtilityComponent/MessageDistributor.o
LOAD UtilityComponent/WorkThread.o
LOAD UtilityComponent/SafeSemphore.o
LOAD UtilityComponent/logging.o
LOAD UtilityComponent/encryption.o
LOAD UtilityComponent/AutoLock.o
LOAD NetWork/NetWorkManager.o
LOAD NetWork/WLanDevice.o
LOAD NetWork/LanDevice.o
LOAD NetWork/CentralMonitorSystemProtocol.o
LOAD /usr/lib/gcc/x86_64-linux-gnu/7/../../../x86_64-linux-gnu/libpthread.so
START GROUP
LOAD /lib/x86_64-linux-gnu/libpthread.so.0
LOAD /usr/lib/x86_64-linux-gnu/libpthread_nonshared.a
END GROUP
LOAD //usr/local/lib/libuv.so
LOAD /usr/lib/gcc/x86_64-linux-gnu/7/libstdc++.so
LOAD /usr/lib/gcc/x86_64-linux-gnu/7/../../../x86_64-linux-gnu/libm.so
START GROUP
LOAD /lib/x86_64-linux-gnu/libm.so.6
LOAD /usr/lib/x86_64-linux-gnu/libmvec_nonshared.a
LOAD /lib/x86_64-linux-gnu/libmvec.so.1
END GROUP
LOAD /usr/lib/gcc/x86_64-linux-gnu/7/libgcc_s.so
START GROUP
LOAD /usr/lib/gcc/x86_64-linux-gnu/7/libgcc_s.so.1
LOAD /usr/lib/gcc/x86_64-linux-gnu/7/libgcc.a
END GROUP
LOAD /usr/lib/gcc/x86_64-linux-gnu/7/libgcc.a
LOAD /usr/lib/gcc/x86_64-linux-gnu/7/../../../x86_64-linux-gnu/libc.so
START GROUP
LOAD /lib/x86_64-linux-gnu/libc.so.6
LOAD /usr/lib/x86_64-linux-gnu/libc_nonshared.a
LOAD /lib/x86_64-linux-gnu/ld-linux-x86-64.so.2
END GROUP
LOAD /usr/lib/gcc/x86_64-linux-gnu/7/libgcc_s.so
START GROUP
LOAD /usr/lib/gcc/x86_64-linux-gnu/7/libgcc_s.so.1
LOAD /usr/lib/gcc/x86_64-linux-gnu/7/libgcc.a
END GROUP
LOAD /usr/lib/gcc/x86_64-linux-gnu/7/libgcc.a
LOAD /usr/lib/gcc/x86_64-linux-gnu/7/crtendS.o
LOAD /usr/lib/gcc/x86_64-linux-gnu/7/../../../x86_64-linux-gnu/crtn.o
                [!provide]                        PROVIDE (__executable_start = SEGMENT_START ("text-segment", 0x0))
                0x0000000000000238                . = (SEGMENT_START ("text-segment", 0x0) + SIZEOF_HEADERS)

.interp         0x0000000000000238       0x1c
 *(.interp)
 .interp        0x0000000000000238       0x1c /usr/lib/gcc/x86_64-linux-gnu/7/../../../x86_64-linux-gnu/Scrt1.o

.note.ABI-tag   0x0000000000000254       0x20
 .note.ABI-tag  0x0000000000000254       0x20 /usr/lib/gcc/x86_64-linux-gnu/7/../../../x86_64-linux-gnu/Scrt1.o

.note.gnu.build-id
                0x0000000000000274       0x24
 *(.note.gnu.build-id)
 .note.gnu.build-id
                0x0000000000000274       0x24 /usr/lib/gcc/x86_64-linux-gnu/7/../../../x86_64-linux-gnu/Scrt1.o

.hash
 *(.hash)

.gnu.hash       0x0000000000000298       0x28
 *(.gnu.hash)
 .gnu.hash      0x0000000000000298       0x28 /usr/lib/gcc/x86_64-linux-gnu/7/../../../x86_64-linux-gnu/Scrt1.o

.dynsym         0x00000000000002c0      0xbd0
 *(.dynsym)
 .dynsym        0x00000000000002c0      0xbd0 /usr/lib/gcc/x86_64-linux-gnu/7/../../../x86_64-linux-gnu/Scrt1.o

.dynstr         0x0000000000000e90      0xade
 *(.dynstr)
 .dynstr        0x0000000000000e90      0xade /usr/lib/gcc/x86_64-linux-gnu/7/../../../x86_64-linux-gnu/Scrt1.o

.gnu.version    0x000000000000196e       0xfc
 *(.gnu.version)
 .gnu.version   0x000000000000196e       0xfc /usr/lib/gcc/x86_64-linux-gnu/7/../../../x86_64-linux-gnu/Scrt1.o

.gnu.version_d  0x0000000000001a70        0x0
 *(.gnu.version_d)
 .gnu.version_d
                0x0000000000001a70        0x0 /usr/lib/gcc/x86_64-linux-gnu/7/../../../x86_64-linux-gnu/Scrt1.o

.gnu.version_r  0x0000000000001a70      0x110
 *(.gnu.version_r)
 .gnu.version_r
                0x0000000000001a70      0x110 /usr/lib/gcc/x86_64-linux-gnu/7/../../../x86_64-linux-gnu/Scrt1.o

.rela.dyn       0x0000000000001b80     0x2100
 *(.rela.init)
 *(.rela.text .rela.text.* .rela.gnu.linkonce.t.*)
 .rela.text     0x0000000000001b80        0x0 /usr/lib/gcc/x86_64-linux-gnu/7/../../../x86_64-linux-gnu/Scrt1.o
 .rela.text._ZNSt15_Rb_tree_headerC2Ev
                0x0000000000001b80        0x0 /usr/lib/gcc/x86_64-linux-gnu/7/../../../x86_64-linux-gnu/Scrt1.o
 .rela.text._ZNSt8_Rb_treeIsSt4pairIKsNSt7__cxx114listI9AlarmItemSaIS4_EEEESt10_Select1stIS7_ESt4lessIsESaIS7_EE13_Rb_tree_implISB_Lb1EEC2Ev
                0x0000000000001b80        0x0 /usr/lib/gcc/x86_64-linux-gnu/7/../../../x86_64-linux-gnu/Scrt1.o
 .rela.text._ZNSt8_Rb_treeIsSt4pairIKsNSt7__cxx114listI9AlarmItemSaIS4_EEEESt10_Select1stIS7_ESt4lessIsESaIS7_EE13_Rb_tree_implISB_Lb1EED2Ev
                0x0000000000001b80        0x0 /usr/lib/gcc/x86_64-linux-gnu/7/../../../x86_64-linux-gnu/Scrt1.o
 .rela.text._ZNSt8_Rb_treeIsSt4pairIKsNSt7__cxx114listI9AlarmItemSaIS4_EEEESt10_Select1stIS7_ESt4lessIsESaIS7_EEC2Ev
                0x0000000000001b80        0x0 /usr/lib/gcc/x86_64-linux-gnu/7/../../../x86_64-linux-gnu/Scrt1.o
 .rela.text._ZNSt3mapIsNSt7__cxx114listI9AlarmItemSaIS2_EEESt4lessIsESaISt4pairIKsS4_EEEC2Ev
                0x0000000000001b80        0x0 /usr/lib/gcc/x86_64-linux-gnu/7/../../../x86_64-linux-gnu/Scrt1.o
 .rela.text._ZNSt3mapIsNSt7__cxx114listI9AlarmItemSaIS2_EEESt4lessIsESaISt4pairIKsS4_EEED2Ev
                0x0000000000001b80        0x0 /usr/lib/gcc/x86_64-linux-gnu/7/../../../x86_64-linux-gnu/Scrt1.o
 .rela.text._ZNSt7__cxx114listI9AlarmItemSaIS1_EED2Ev
                0x0000000000001b80        0x0 /usr/lib/gcc/x86_64-linux-gnu/7/../../../x86_64-linux-gnu/Scrt1.o
 .rela.text._ZNSt4pairIKsNSt7__cxx114listI9AlarmItemSaIS3_EEEED2Ev
                0x0000000000001b80        0x0 /usr/lib/gcc/x86_64-linux-gnu/7/../../../x86_64-linux-gnu/Scrt1.o
 .rela.text._ZNSaISt13_Rb_tree_nodeISt4pairIKsNSt7__cxx114listI9AlarmItemSaIS4_EEEEEEC2Ev
                0x0000000000001b80        0x0 /usr/lib/gcc/x86_64-linux-gnu/7/../../../x86_64-linux-gnu/Scrt1.o
 .rela.text._ZNSaISt13_Rb_tree_nodeISt4pairIKsNSt7__cxx114listI9AlarmItemSaIS4_EEEEEED2Ev
                0x0000000000001b80        0x0 /usr/lib/gcc/x86_64-linux-gnu/7/../../../x86_64-linux-gnu/Scrt1.o
 .rela.text._ZNSt8_Rb_treeIsSt4pairIKsNSt7__cxx114listI9AlarmItemSaIS4_EEEESt10_Select1stIS7_ESt4lessIsESaIS7_EED2Ev
                0x0000000000001b80        0x0 /usr/lib/gcc/x86_64-linux-gnu/7/../../../x86_64-linux-gnu/Scrt1.o
 .rela.text._ZNSt6vectorISt4pairIs7AlarmIdESaIS2_EEC2Ev
                0x0000000000001b80        0x0 /usr/lib/gcc/x86_64-linux-gnu/7/../../../x86_64-linux-gnu/Scrt1.o
 .rela.text._ZNSt6vectorISt4pairIs7AlarmIdESaIS2_EED2Ev
                0x0000000000001b80        0x0 /usr/lib/gcc/x86_64-linux-gnu/7/../../../x86_64-linux-gnu/Scrt1.o
 .rela.text._ZNSt3mapIsNSt7__cxx114listI9AlarmItemSaIS2_EEESt4lessIsESaISt4pairIKsS4_EEE5clearEv
                0x0000000000001b80        0x0 /usr/lib/gcc/x86_64-linux-gnu/7/../../../x86_64-linux-gnu/Scrt1.o
 .rela.text._ZNSt3mapIsNSt7__cxx114listI9AlarmItemSaIS2_EEESt4lessIsESaISt4pairIKsS4_EEE5beginEv
                0x0000000000001b80        0x0 /usr/lib/gcc/x86_64-linux-gnu/7/../../../x86_64-linux-gnu/Scrt1.o
 .rela.text._ZNSt3mapIsNSt7__cxx114listI9AlarmItemSaIS2_EEESt4lessIsESaISt4pairIKsS4_EEE3endEv
                0x0000000000001b80        0x0 /usr/lib/gcc/x86_64-linux-gnu/7/../../../x86_64-linux-gnu/Scrt1.o
 .rela.text._ZNKSt17_Rb_tree_iteratorISt4pairIKsNSt7__cxx114listI9AlarmItemSaIS4_EEEEEptEv
                0x0000000000001b80        0x0 /usr/lib/gcc/x86_64-linux-gnu/7/../../../x86_64-linux-gnu/Scrt1.o
 .rela.text._ZNSt7__cxx114listI9AlarmItemSaIS1_EE5clearEv
                0x0000000000001b80        0x0 /usr/lib/gcc/x86_64-linux-gnu/7/../../../x86_64-linux-gnu/Scrt1.o
 .rela.text._ZNSt3mapIsNSt7__cxx114listI9AlarmItemSaIS2_EEESt4lessIsESaISt4pairIKsS4_EEE4findERS8_
                0x0000000000001b80        0x0 /usr/lib/gcc/x86_64-linux-gnu/7/../../../x86_64-linux-gnu/Scrt1.o
 .rela.text._ZNSt7__cxx114listI9AlarmItemSaIS1_EEC2Ev
                0x0000000000001b80        0x0 /usr/lib/gcc/x86_64-linux-gnu/7/../../../x86_64-linux-gnu/Scrt1.o
 .rela.text._ZNSt7__cxx1110_List_baseI9AlarmItemSaIS1_EE10_List_implD2Ev
                0x0000000000001b80        0x0 /usr/lib/gcc/x86_64-linux-gnu/7/../../../x86_64-linux-gnu/Scrt1.o
 .rela.text._ZNSt7__cxx1110_List_baseI9AlarmItemSaIS1_EED2Ev
                0x0000000000001b80        0x0 /usr/lib/gcc/x86_64-linux-gnu/7/../../../x86_64-linux-gnu/Scrt1.o
 .rela.text._ZNSt7__cxx114listI9AlarmItemSaIS1_EE9push_backERKS1_
                0x0000000000001b80        0x0 /usr/lib/gcc/x86_64-linux-gnu/7/../../../x86_64-linux-gnu/Scrt1.o
 .rela.text._ZNSt4pairIKsNSt7__cxx114listI9AlarmItemSaIS3_EEEEC2IRsRS5_Lb1EEEOT_OT0_
                0x0000000000001b80        0x0 /usr/lib/gcc/x86_64-linux-gnu/7/../../../x86_64-linux-gnu/Scrt1.o
 .rela.text._ZNSt3mapIsNSt7__cxx114listI9AlarmItemSaIS2_EEESt4lessIsESaISt4pairIKsS4_EEE6insertEOS9_
                0x0000000000001b80        0x0 /usr/lib/gcc/x86_64-linux-gnu/7/../../../x86_64-linux-gnu/Scrt1.o
 .rela.text._ZNSt5tupleIJRKsEEC2IvLb1EEES1_
                0x0000000000001b80        0x0 /usr/lib/gcc/x86_64-linux-gnu/7/../../../x86_64-linux-gnu/Scrt1.o
 .rela.text._ZNSt11_Tuple_implILm0EJRKsEEC2ES1_
                0x0000000000001b80        0x0 /usr/lib/gcc/x86_64-linux-gnu/7/../../../x86_64-linux-gnu/Scrt1.o
 .rela.text._ZNSt3mapIsNSt7__cxx114listI9AlarmItemSaIS2_EEESt4lessIsESaISt4pairIKsS4_EEEixERS8_
                0x0000000000001b80        0x0 /usr/lib/gcc/x86_64-linux-gnu/7/../../../x86_64-linux-gnu/Scrt1.o
 .rela.text._ZNSt7__cxx114listI9AlarmItemSaIS1_EE5beginEv
                0x0000000000001b80        0x0 /usr/lib/gcc/x86_64-linux-gnu/7/../../../x86_64-linux-gnu/Scrt1.o
 .rela.text._ZNSt7__cxx114listI9AlarmItemSaIS1_EE3endEv
                0x0000000000001b80        0x0 /usr/lib/gcc/x86_64-linux-gnu/7/../../../x86_64-linux-gnu/Scrt1.o
 .rela.text._ZNKSt14_List_iteratorI9AlarmItemEdeEv
                0x0000000000001b80        0x0 /usr/lib/gcc/x86_64-linux-gnu/7/../../../x86_64-linux-gnu/Scrt1.o
 .rela.text._ZNSt7__cxx114listI9AlarmItemSaIS1_EE5eraseESt20_List_const_iteratorIS1_E
                0x0000000000001b80        0x0 /usr/lib/gcc/x86_64-linux-gnu/7/../../../x86_64-linux-gnu/Scrt1.o
 .rela.text._ZNSt6vectorI9AlarmItemSaIS0_EE9push_backERKS0_
                0x0000000000001b80        0x0 /usr/lib/gcc/x86_64-linux-gnu/7/../../../x86_64-linux-gnu/Scrt1.o
 .rela.text._ZNSt6vectorISt4pairIs7AlarmIdESaIS2_EE5beginEv
                0x0000000000001b80        0x0 /usr/lib/gcc/x86_64-linux-gnu/7/../../../x86_64-linux-gnu/Scrt1.o
 .rela.text._ZNK9__gnu_cxx17__normal_iteratorIPSt4pairIs7AlarmIdESt6vectorIS3_SaIS3_EEEplEl
                0x0000000000001b80        0x0 /usr/lib/gcc/x86_64-linux-gnu/7/../../../x86_64-linux-gnu/Scrt1.o
 .rela.text._ZN9__gnu_cxx17__normal_iteratorIPKSt4pairIs7AlarmIdESt6vectorIS3_SaIS3_EEEC2IPS3_EERKNS0_IT_NS_11__enable_ifIXsrSt10__are_sameISC_SB_E7__valueES8_E6__typeEEE
                0x0000000000001b80        0x0 /usr/lib/gcc/x86_64-linux-gnu/7/../../../x86_64-linux-gnu/Scrt1.o
 .rela.text._ZNSt6vectorISt4pairIs7AlarmIdESaIS2_EE5eraseEN9__gnu_cxx17__normal_iteratorIPKS2_S4_EE
                0x0000000000001b80        0x0 /usr/lib/gcc/x86_64-linux-gnu/7/../../../x86_64-linux-gnu/Scrt1.o
 .rela.text._ZNSt6vectorISt4pairIs7AlarmIdESaIS2_EE5clearEv
                0x0000000000001b80        0x0 /usr/lib/gcc/x86_64-linux-gnu/7/../../../x86_64-linux-gnu/Scrt1.o
 .rela.text._ZNSt8_Rb_treeIsSt4pairIKsNSt7__cxx114listI9AlarmItemSaIS4_EEEESt10_Select1stIS7_ESt4lessIsESaIS7_EE8_M_eraseEPSt13_Rb_tree_nodeIS7_E
                0x0000000000001b80        0x0 /usr/lib/gcc/x86_64-linux-gnu/7/../../../x86_64-linux-gnu/Scrt1.o
 .rela.text._ZNSt12_Vector_baseISt4pairIs7AlarmIdESaIS2_EE12_Vector_implD2Ev
                0x0000000000001b80        0x0 /usr/lib/gcc/x86_64-linux-gnu/7/../../../x86_64-linux-gnu/Scrt1.o
 .rela.text._ZNSt12_Vector_baseISt4pairIs7AlarmIdESaIS2_EEC2Ev
                0x0000000000001b80        0x0 /usr/lib/gcc/x86_64-linux-gnu/7/../../../x86_64-linux-gnu/Scrt1.o
 .rela.text._ZNSt12_Vector_baseISt4pairIs7AlarmIdESaIS2_EED2Ev
                0x0000000000001b80        0x0 /usr/lib/gcc/x86_64-linux-gnu/7/../../../x86_64-linux-gnu/Scrt1.o
 .rela.text._ZSt8_DestroyIPSt4pairIs7AlarmIdES2_EvT_S4_RSaIT0_E
                0x0000000000001b80        0x0 /usr/lib/gcc/x86_64-linux-gnu/7/../../../x86_64-linux-gnu/Scrt1.o
 .rela.text._ZNSt8_Rb_treeIsSt4pairIKsNSt7__cxx114listI9AlarmItemSaIS4_EEEESt10_Select1stIS7_ESt4lessIsESaIS7_EE5clearEv
                0x0000000000001b80        0x0 /usr/lib/gcc/x86_64-linux-gnu/7/../../../x86_64-linux-gnu/Scrt1.o
 .rela.text._ZNSt8_Rb_treeIsSt4pairIKsNSt7__cxx114listI9AlarmItemSaIS4_EEEESt10_Select1stIS7_ESt4lessIsESaIS7_EE5beginEv
                0x0000000000001b80        0x0 /usr/lib/gcc/x86_64-linux-gnu/7/../../../x86_64-linux-gnu/Scrt1.o
 .rela.text._ZNSt8_Rb_treeIsSt4pairIKsNSt7__cxx114listI9AlarmItemSaIS4_EEEESt10_Select1stIS7_ESt4lessIsESaIS7_EE3endEv
                0x0000000000001b80        0x0 /usr/lib/gcc/x86_64-linux-gnu/7/../../../x86_64-linux-gnu/Scrt1.o
 .rela.text._ZNSt13_Rb_tree_nodeISt4pairIKsNSt7__cxx114listI9AlarmItemSaIS4_EEEEE9_M_valptrEv
                0x0000000000001b80        0x0 /usr/lib/gcc/x86_64-linux-gnu/7/../../../x86_64-linux-gnu/Scrt1.o
 .rela.text._ZNSt7__cxx1110_List_baseI9AlarmItemSaIS1_EE8_M_clearEv
                0x0000000000001b80        0x0 /usr/lib/gcc/x86_64-linux-gnu/7/../../../x86_64-linux-gnu/Scrt1.o
 .rela.text._ZNSt7__cxx1110_List_baseI9AlarmItemSaIS1_EE7_M_initEv
                0x0000000000001b80        0x0 /usr/lib/gcc/x86_64-linux-gnu/7/../../../x86_64-linux-gnu/Scrt1.o
 .rela.text._ZNSt8_Rb_treeIsSt4pairIKsNSt7__cxx114listI9AlarmItemSaIS4_EEEESt10_Select1stIS7_ESt4lessIsESaIS7_EE4findERS1_
                0x0000000000001b80        0x0 /usr/lib/gcc/x86_64-linux-gnu/7/../../../x86_64-linux-gnu/Scrt1.o
 .rela.text._ZNSt7__cxx1110_List_baseI9AlarmItemSaIS1_EEC2Ev
                0x0000000000001b80        0x0 /usr/lib/gcc/x86_64-linux-gnu/7/../../../x86_64-linux-gnu/Scrt1.o
 .rela.text._ZNSaISt10_List_nodeI9AlarmItemEED2Ev
                0x0000000000001b80        0x0 /usr/lib/gcc/x86_64-linux-gnu/7/../../../x86_64-linux-gnu/Scrt1.o
 .rela.text._ZNSt7__cxx114listI9AlarmItemSaIS1_EE9_M_insertIJRKS1_EEEvSt14_List_iteratorIS1_EDpOT_
                0x0000000000001b80        0x0 /usr/lib/gcc/x86_64-linux-gnu/7/../../../x86_64-linux-gnu/Scrt1.o
 .rela.text._ZNSt7__cxx114listI9AlarmItemSaIS1_EEC2ERKS3_
                0x0000000000001b80        0x0 /usr/lib/gcc/x86_64-linux-gnu/7/../../../x86_64-linux-gnu/Scrt1.o
 .rela.text._ZNSt8_Rb_treeIsSt4pairIKsNSt7__cxx114listI9AlarmItemSaIS4_EEEESt10_Select1stIS7_ESt4lessIsESaIS7_EE16_M_insert_uniqueIS7_EES0_ISt17_Rb_tree_iteratorIS7_EbEOT_
                0x0000000000001b80        0x0 /usr/lib/gcc/x86_64-linux-gnu/7/../../../x86_64-linux-gnu/Scrt1.o
 .rela.text._ZNSt3mapIsNSt7__cxx114listI9AlarmItemSaIS2_EEESt4lessIsESaISt4pairIKsS4_EEE11lower_boundERS8_
                0x0000000000001b80        0x0 /usr/lib/gcc/x86_64-linux-gnu/7/../../../x86_64-linux-gnu/Scrt1.o
 .rela.text._ZNKSt3mapIsNSt7__cxx114listI9AlarmItemSaIS2_EEESt4lessIsESaISt4pairIKsS4_EEE8key_compEv
                0x0000000000001b80        0x0 /usr/lib/gcc/x86_64-linux-gnu/7/../../../x86_64-linux-gnu/Scrt1.o
 .rela.text._ZNKSt17_Rb_tree_iteratorISt4pairIKsNSt7__cxx114listI9AlarmItemSaIS4_EEEEEdeEv
                0x0000000000001b80        0x0 /usr/lib/gcc/x86_64-linux-gnu/7/../../../x86_64-linux-gnu/Scrt1.o
 .rela.text._ZNSt8_Rb_treeIsSt4pairIKsNSt7__cxx114listI9AlarmItemSaIS4_EEEESt10_Select1stIS7_ESt4lessIsESaIS7_EE22_M_emplace_hint_uniqueIJRKSt21piecewise_construct_tSt5tupleIJRS1_EESI_IJEEEEESt17_Rb_tree_iteratorIS7_ESt23_Rb_tree_const_iteratorIS7_EDpOT_
                0x0000000000001b80        0x0 /usr/lib/gcc/x86_64-linux-gnu/7/../../../x86_64-linux-gnu/Scrt1.o
 .rela.text._ZNSt10_List_nodeI9AlarmItemE9_M_valptrEv
                0x0000000000001b80        0x0 /usr/lib/gcc/x86_64-linux-gnu/7/../../../x86_64-linux-gnu/Scrt1.o
 .rela.text._ZNSt7__cxx114listI9AlarmItemSaIS1_EE8_M_eraseESt14_List_iteratorIS1_E
                0x0000000000001b80        0x0 /usr/lib/gcc/x86_64-linux-gnu/7/../../../x86_64-linux-gnu/Scrt1.o
 .rela.text._ZNKSt20_List_const_iteratorI9AlarmItemE13_M_const_castEv
                0x0000000000001b80        0x0 /usr/lib/gcc/x86_64-linux-gnu/7/../../../x86_64-linux-gnu/Scrt1.o
 .rela.text._ZNSt16allocator_traitsISaI9AlarmItemEE9constructIS0_JRKS0_EEEvRS1_PT_DpOT0_
                0x0000000000001b80        0x0 /usr/lib/gcc/x86_64-linux-gnu/7/../../../x86_64-linux-gnu/Scrt1.o
 .rela.text._ZNSt6vectorI9AlarmItemSaIS0_EE3endEv
                0x0000000000001b80        0x0 /usr/lib/gcc/x86_64-linux-gnu/7/../../../x86_64-linux-gnu/Scrt1.o
 .rela.text._ZNSt6vectorI9AlarmItemSaIS0_EE17_M_realloc_insertIJRKS0_EEEvN9__gnu_cxx17__normal_iteratorIPS0_S2_EEDpOT_
                0x0000000000001b80        0x0 /usr/lib/gcc/x86_64-linux-gnu/7/../../../x86_64-linux-gnu/Scrt1.o
 .rela.text._ZNKSt6vectorISt4pairIs7AlarmIdESaIS2_EE6cbeginEv
                0x0000000000001b80        0x0 /usr/lib/gcc/x86_64-linux-gnu/7/../../../x86_64-linux-gnu/Scrt1.o
 .rela.text._ZN9__gnu_cxxmiIPKSt4pairIs7AlarmIdESt6vectorIS3_SaIS3_EEEENS_17__normal_iteratorIT_T0_E15difference_typeERKSC_SF_
                0x0000000000001b80        0x0 /usr/lib/gcc/x86_64-linux-gnu/7/../../../x86_64-linux-gnu/Scrt1.o
 .rela.text._ZNSt6vectorISt4pairIs7AlarmIdESaIS2_EE8_M_eraseEN9__gnu_cxx17__normal_iteratorIPS2_S4_EE
                0x0000000000001b80        0x0 /usr/lib/gcc/x86_64-linux-gnu/7/../../../x86_64-linux-gnu/Scrt1.o
 .rela.text._ZNSt6vectorISt4pairIs7AlarmIdESaIS2_EE15_M_erase_at_endEPS2_
                0x0000000000001b80        0x0 /usr/lib/gcc/x86_64-linux-gnu/7/../../../x86_64-linux-gnu/Scrt1.o
 .rela.text._ZNSt8_Rb_treeIsSt4pairIKsNSt7__cxx114listI9AlarmItemSaIS4_EEEESt10_Select1stIS7_ESt4lessIsESaIS7_EE12_M_drop_nodeEPSt13_Rb_tree_nodeIS7_E
                0x0000000000001b80        0x0 /usr/lib/gcc/x86_64-linux-gnu/7/../../../x86_64-linux-gnu/Scrt1.o
 .rela.text._ZNSt12_Vector_baseISt4pairIs7AlarmIdESaIS2_EE12_Vector_implC2Ev
                0x0000000000001b80        0x0 /usr/lib/gcc/x86_64-linux-gnu/7/../../../x86_64-linux-gnu/Scrt1.o
 .rela.text._ZNSaISt4pairIs7AlarmIdEED2Ev
                0x0000000000001b80        0x0 /usr/lib/gcc/x86_64-linux-gnu/7/../../../x86_64-linux-gnu/Scrt1.o
 .rela.text._ZNSt12_Vector_baseISt4pairIs7AlarmIdESaIS2_EE13_M_deallocateEPS2_m
                0x0000000000001b80        0x0 /usr/lib/gcc/x86_64-linux-gnu/7/../../../x86_64-linux-gnu/Scrt1.o
 .rela.text._ZSt8_DestroyIPSt4pairIs7AlarmIdEEvT_S4_
                0x0000000000001b80        0x0 /usr/lib/gcc/x86_64-linux-gnu/7/../../../x86_64-linux-gnu/Scrt1.o
 .rela.text._ZN9__gnu_cxx16__aligned_membufISt4pairIKsNSt7__cxx114listI9AlarmItemSaIS5_EEEEE6_M_ptrEv
                0x0000000000001b80        0x0 /usr/lib/gcc/x86_64-linux-gnu/7/../../../x86_64-linux-gnu/Scrt1.o
 .rela.text._ZNSt16allocator_traitsISaISt10_List_nodeI9AlarmItemEEE7destroyIS1_EEvRS3_PT_
                0x0000000000001b80        0x0 /usr/lib/gcc/x86_64-linux-gnu/7/../../../x86_64-linux-gnu/Scrt1.o
 .rela.text._ZNSt7__cxx1110_List_baseI9AlarmItemSaIS1_EE11_M_put_nodeEPSt10_List_nodeIS1_E
                0x0000000000001b80        0x0 /usr/lib/gcc/x86_64-linux-gnu/7/../../../x86_64-linux-gnu/Scrt1.o
 .rela.text._ZNSt7__cxx1110_List_baseI9AlarmItemSaIS1_EE11_M_set_sizeEm
                0x0000000000001b80        0x0 /usr/lib/gcc/x86_64-linux-gnu/7/../../../x86_64-linux-gnu/Scrt1.o
 .rela.text._ZNSt8_Rb_treeIsSt4pairIKsNSt7__cxx114listI9AlarmItemSaIS4_EEEESt10_Select1stIS7_ESt4lessIsESaIS7_EE14_M_lower_boundEPSt13_Rb_tree_nodeIS7_EPSt18_Rb_tree_node_baseRS1_
                0x0000000000001b80        0x0 /usr/lib/gcc/x86_64-linux-gnu/7/../../../x86_64-linux-gnu/Scrt1.o
 .rela.text._ZNSt8_Rb_treeIsSt4pairIKsNSt7__cxx114listI9AlarmItemSaIS4_EEEESt10_Select1stIS7_ESt4lessIsESaIS7_EE6_S_keyEPKSt18_Rb_tree_node_base
                0x0000000000001b80        0x0 /usr/lib/gcc/x86_64-linux-gnu/7/../../../x86_64-linux-gnu/Scrt1.o
 .rela.text._ZNSt7__cxx1110_List_baseI9AlarmItemSaIS1_EE10_List_implC2Ev
                0x0000000000001b80        0x0 /usr/lib/gcc/x86_64-linux-gnu/7/../../../x86_64-linux-gnu/Scrt1.o
 .rela.text._ZNSt7__cxx114listI9AlarmItemSaIS1_EE14_M_create_nodeIJRKS1_EEEPSt10_List_nodeIS1_EDpOT_
                0x0000000000001b80        0x0 /usr/lib/gcc/x86_64-linux-gnu/7/../../../x86_64-linux-gnu/Scrt1.o
 .rela.text._ZNSt7__cxx1110_List_baseI9AlarmItemSaIS1_EE11_M_inc_sizeEm
                0x0000000000001b80        0x0 /usr/lib/gcc/x86_64-linux-gnu/7/../../../x86_64-linux-gnu/Scrt1.o
 .rela.text._ZN9__gnu_cxx14__alloc_traitsISaISt10_List_nodeI9AlarmItemEEE17_S_select_on_copyERKS4_
                0x0000000000001b80        0x0 /usr/lib/gcc/x86_64-linux-gnu/7/../../../x86_64-linux-gnu/Scrt1.o
 .rela.text._ZNSt7__cxx1110_List_baseI9AlarmItemSaIS1_EEC2ERKSaISt10_List_nodeIS1_EE
                0x0000000000001b80        0x0 /usr/lib/gcc/x86_64-linux-gnu/7/../../../x86_64-linux-gnu/Scrt1.o
 .rela.text._ZNKSt7__cxx114listI9AlarmItemSaIS1_EE5beginEv
                0x0000000000001b80        0x0 /usr/lib/gcc/x86_64-linux-gnu/7/../../../x86_64-linux-gnu/Scrt1.o
 .rela.text._ZNKSt7__cxx114listI9AlarmItemSaIS1_EE3endEv
                0x0000000000001b80        0x0 /usr/lib/gcc/x86_64-linux-gnu/7/../../../x86_64-linux-gnu/Scrt1.o
 .rela.text._ZNSt7__cxx114listI9AlarmItemSaIS1_EE22_M_initialize_dispatchISt20_List_const_iteratorIS1_EEEvT_S7_St12__false_type
                0x0000000000001b80        0x0 /usr/lib/gcc/x86_64-linux-gnu/7/../../../x86_64-linux-gnu/Scrt1.o
 .rela.text._ZNSt4pairIPSt18_Rb_tree_node_baseS1_EC2IRPSt13_Rb_tree_nodeIS_IKsNSt7__cxx114listI9AlarmItemSaIS8_EEEEERS1_Lb1EEEOT_OT0_
                0x0000000000001b80        0x0 /usr/lib/gcc/x86_64-linux-gnu/7/../../../x86_64-linux-gnu/Scrt1.o
 .rela.text._ZNSt4pairIPSt18_Rb_tree_node_baseS1_EC2IRS1_Lb1EEEOT_RKS1_
                0x0000000000001b80        0x0 /usr/lib/gcc/x86_64-linux-gnu/7/../../../x86_64-linux-gnu/Scrt1.o
 .rela.text._ZNSt8_Rb_treeIsSt4pairIKsNSt7__cxx114listI9AlarmItemSaIS4_EEEESt10_Select1stIS7_ESt4lessIsESaIS7_EE24_M_get_insert_unique_posERS1_
                0x0000000000001b80        0x0 /usr/lib/gcc/x86_64-linux-gnu/7/../../../x86_64-linux-gnu/Scrt1.o
 .rela.text._ZNSt8_Rb_treeIsSt4pairIKsNSt7__cxx114listI9AlarmItemSaIS4_EEEESt10_Select1stIS7_ESt4lessIsESaIS7_EE10_M_insert_IS7_NSD_11_Alloc_nodeEEESt17_Rb_tree_iteratorIS7_EPSt18_Rb_tree_node_baseSJ_OT_RT0_
                0x0000000000001b80        0x0 /usr/lib/gcc/x86_64-linux-gnu/7/../../../x86_64-linux-gnu/Scrt1.o
 .rela.text._ZNSt4pairISt17_Rb_tree_iteratorIS_IKsNSt7__cxx114listI9AlarmItemSaIS4_EEEEEbEC2IS8_bLb1EEEOT_OT0_
                0x0000000000001b80        0x0 /usr/lib/gcc/x86_64-linux-gnu/7/../../../x86_64-linux-gnu/Scrt1.o
 .rela.text._ZNSt8_Rb_treeIsSt4pairIKsNSt7__cxx114listI9AlarmItemSaIS4_EEEESt10_Select1stIS7_ESt4lessIsESaIS7_EE11lower_boundERS1_
                0x0000000000001b80        0x0 /usr/lib/gcc/x86_64-linux-gnu/7/../../../x86_64-linux-gnu/Scrt1.o
 .rela.text._ZNSt8_Rb_treeIsSt4pairIKsNSt7__cxx114listI9AlarmItemSaIS4_EEEESt10_Select1stIS7_ESt4lessIsESaIS7_EE14_M_create_nodeIJRKSt21piecewise_construct_tSt5tupleIJRS1_EESI_IJEEEEEPSt13_Rb_tree_nodeIS7_EDpOT_
                0x0000000000001b80        0x0 /usr/lib/gcc/x86_64-linux-gnu/7/../../../x86_64-linux-gnu/Scrt1.o
 .rela.text._ZNSt4pairIPSt18_Rb_tree_node_baseS1_EC2IRS1_Lb1EEERKS1_OT_
                0x0000000000001b80        0x0 /usr/lib/gcc/x86_64-linux-gnu/7/../../../x86_64-linux-gnu/Scrt1.o
 .rela.text._ZNSt4pairIPSt18_Rb_tree_node_baseS1_EC2IRS1_S4_Lb1EEEOT_OT0_
                0x0000000000001b80        0x0 /usr/lib/gcc/x86_64-linux-gnu/7/../../../x86_64-linux-gnu/Scrt1.o
 .rela.text._ZNSt8_Rb_treeIsSt4pairIKsNSt7__cxx114listI9AlarmItemSaIS4_EEEESt10_Select1stIS7_ESt4lessIsESaIS7_EE29_M_get_insert_hint_unique_posESt23_Rb_tree_const_iteratorIS7_ERS1_
                0x0000000000001b80        0x0 /usr/lib/gcc/x86_64-linux-gnu/7/../../../x86_64-linux-gnu/Scrt1.o
 .rela.text._ZNSt8_Rb_treeIsSt4pairIKsNSt7__cxx114listI9AlarmItemSaIS4_EEEESt10_Select1stIS7_ESt4lessIsESaIS7_EE6_S_keyEPKSt13_Rb_tree_nodeIS7_E
                0x0000000000001b80        0x0 /usr/lib/gcc/x86_64-linux-gnu/7/../../../x86_64-linux-gnu/Scrt1.o
 .rela.text._ZNSt8_Rb_treeIsSt4pairIKsNSt7__cxx114listI9AlarmItemSaIS4_EEEESt10_Select1stIS7_ESt4lessIsESaIS7_EE14_M_insert_nodeEPSt18_Rb_tree_node_baseSF_PSt13_Rb_tree_nodeIS7_E
                0x0000000000001b80        0x0 /usr/lib/gcc/x86_64-linux-gnu/7/../../../x86_64-linux-gnu/Scrt1.o
 .rela.text._ZN9__gnu_cxx16__aligned_membufI9AlarmItemE6_M_ptrEv
                0x0000000000001b80        0x0 /usr/lib/gcc/x86_64-linux-gnu/7/../../../x86_64-linux-gnu/Scrt1.o
 .rela.text._ZNSt7__cxx1110_List_baseI9AlarmItemSaIS1_EE11_M_dec_sizeEm
                0x0000000000001b80        0x0 /usr/lib/gcc/x86_64-linux-gnu/7/../../../x86_64-linux-gnu/Scrt1.o
 .rela.text._ZN9AlarmItemC2ERKS_
                0x0000000000001b80        0x0 /usr/lib/gcc/x86_64-linux-gnu/7/../../../x86_64-linux-gnu/Scrt1.o
 .rela.text._ZN9__gnu_cxx13new_allocatorI9AlarmItemE9constructIS1_JRKS1_EEEvPT_DpOT0_
                0x0000000000001b80        0x0 /usr/lib/gcc/x86_64-linux-gnu/7/../../../x86_64-linux-gnu/Scrt1.o
 .rela.text._ZNKSt6vectorI9AlarmItemSaIS0_EE12_M_check_lenEmPKc
                0x0000000000001b80        0x0 /usr/lib/gcc/x86_64-linux-gnu/7/../../../x86_64-linux-gnu/Scrt1.o
 .rela.text._ZNSt6vectorI9AlarmItemSaIS0_EE5beginEv
                0x0000000000001b80        0x0 /usr/lib/gcc/x86_64-linux-gnu/7/../../../x86_64-linux-gnu/Scrt1.o
 .rela.text._ZN9__gnu_cxxmiIP9AlarmItemSt6vectorIS1_SaIS1_EEEENS_17__normal_iteratorIT_T0_E15difference_typeERKS9_SC_
                0x0000000000001b80        0x0 /usr/lib/gcc/x86_64-linux-gnu/7/../../../x86_64-linux-gnu/Scrt1.o
 .rela.text._ZNSt12_Vector_baseI9AlarmItemSaIS0_EE11_M_allocateEm
                0x0000000000001b80        0x0 /usr/lib/gcc/x86_64-linux-gnu/7/../../../x86_64-linux-gnu/Scrt1.o
 .rela.text._ZSt34__uninitialized_move_if_noexcept_aIP9AlarmItemS1_SaIS0_EET0_T_S4_S3_RT1_
                0x0000000000001b80        0x0 /usr/lib/gcc/x86_64-linux-gnu/7/../../../x86_64-linux-gnu/Scrt1.o
 .rela.text._ZNSt16allocator_traitsISaI9AlarmItemEE7destroyIS0_EEvRS1_PT_
                0x0000000000001b80        0x0 /usr/lib/gcc/x86_64-linux-gnu/7/../../../x86_64-linux-gnu/Scrt1.o
 .rela.text._ZSt8_DestroyIP9AlarmItemS0_EvT_S2_RSaIT0_E
                0x0000000000001b80        0x0 /usr/lib/gcc/x86_64-linux-gnu/7/../../../x86_64-linux-gnu/Scrt1.o
 .rela.text._ZNSt12_Vector_baseI9AlarmItemSaIS0_EE13_M_deallocateEPS0_m
                0x0000000000001b80        0x0 /usr/lib/gcc/x86_64-linux-gnu/7/../../../x86_64-linux-gnu/Scrt1.o
 .rela.text._ZNSt6vectorISt4pairIs7AlarmIdESaIS2_EE3endEv
                0x0000000000001b80        0x0 /usr/lib/gcc/x86_64-linux-gnu/7/../../../x86_64-linux-gnu/Scrt1.o
 .rela.text._ZN9__gnu_cxxneIPSt4pairIs7AlarmIdESt6vectorIS3_SaIS3_EEEEbRKNS_17__normal_iteratorIT_T0_EESD_
                0x0000000000001b80        0x0 /usr/lib/gcc/x86_64-linux-gnu/7/../../../x86_64-linux-gnu/Scrt1.o
 .rela.text._ZSt4moveIN9__gnu_cxx17__normal_iteratorIPSt4pairIs7AlarmIdESt6vectorIS4_SaIS4_EEEES9_ET0_T_SB_SA_
                0x0000000000001b80        0x0 /usr/lib/gcc/x86_64-linux-gnu/7/../../../x86_64-linux-gnu/Scrt1.o
 .rela.text._ZNSt16allocator_traitsISaISt4pairIs7AlarmIdEEE7destroyIS2_EEvRS3_PT_
                0x0000000000001b80        0x0 /usr/lib/gcc/x86_64-linux-gnu/7/../../../x86_64-linux-gnu/Scrt1.o
 .rela.text._ZNSt8_Rb_treeIsSt4pairIKsNSt7__cxx114listI9AlarmItemSaIS4_EEEESt10_Select1stIS7_ESt4lessIsESaIS7_EE15_M_destroy_nodeEPSt13_Rb_tree_nodeIS7_E
                0x0000000000001b80        0x0 /usr/lib/gcc/x86_64-linux-gnu/7/../../../x86_64-linux-gnu/Scrt1.o
 .rela.text._ZNSt8_Rb_treeIsSt4pairIKsNSt7__cxx114listI9AlarmItemSaIS4_EEEESt10_Select1stIS7_ESt4lessIsESaIS7_EE11_M_put_nodeEPSt13_Rb_tree_nodeIS7_E
                0x0000000000001b80        0x0 /usr/lib/gcc/x86_64-linux-gnu/7/../../../x86_64-linux-gnu/Scrt1.o
 .rela.text._ZNSaISt4pairIs7AlarmIdEEC2Ev
                0x0000000000001b80        0x0 /usr/lib/gcc/x86_64-linux-gnu/7/../../../x86_64-linux-gnu/Scrt1.o
 .rela.text._ZNSt16allocator_traitsISaISt4pairIs7AlarmIdEEE10deallocateERS3_PS2_m
                0x0000000000001b80        0x0 /usr/lib/gcc/x86_64-linux-gnu/7/../../../x86_64-linux-gnu/Scrt1.o
 .rela.text._ZNSt16allocator_traitsISaISt10_List_nodeI9AlarmItemEEE10deallocateERS3_PS2_m
                0x0000000000001b80        0x0 /usr/lib/gcc/x86_64-linux-gnu/7/../../../x86_64-linux-gnu/Scrt1.o
 .rela.text._ZNSt10_List_nodeImE9_M_valptrEv
                0x0000000000001b80        0x0 /usr/lib/gcc/x86_64-linux-gnu/7/../../../x86_64-linux-gnu/Scrt1.o
 .rela.text._ZNSt8_Rb_treeIsSt4pairIKsNSt7__cxx114listI9AlarmItemSaIS4_EEEESt10_Select1stIS7_ESt4lessIsESaIS7_EE8_S_valueEPKSt18_Rb_tree_node_base
                0x0000000000001b80        0x0 /usr/lib/gcc/x86_64-linux-gnu/7/../../../x86_64-linux-gnu/Scrt1.o
 .rela.text._ZNSaISt10_List_nodeI9AlarmItemEEC2Ev
                0x0000000000001b80        0x0 /usr/lib/gcc/x86_64-linux-gnu/7/../../../x86_64-linux-gnu/Scrt1.o
 .rela.text._ZNSt7__cxx1110_List_baseI9AlarmItemSaIS1_EE11_M_get_nodeEv
                0x0000000000001b80        0x0 /usr/lib/gcc/x86_64-linux-gnu/7/../../../x86_64-linux-gnu/Scrt1.o
 .rela.text._ZNSt15__allocated_ptrISaISt10_List_nodeI9AlarmItemEEEC2ERS3_PS2_
                0x0000000000001b80        0x0 /usr/lib/gcc/x86_64-linux-gnu/7/../../../x86_64-linux-gnu/Scrt1.o
 .rela.text._ZNSt15__allocated_ptrISaISt10_List_nodeI9AlarmItemEEED2Ev
                0x0000000000001b80        0x0 /usr/lib/gcc/x86_64-linux-gnu/7/../../../x86_64-linux-gnu/Scrt1.o
 .rela.text._ZNSt16allocator_traitsISaISt10_List_nodeI9AlarmItemEEE9constructIS1_JRKS1_EEEvRS3_PT_DpOT0_
                0x0000000000001b80        0x0 /usr/lib/gcc/x86_64-linux-gnu/7/../../../x86_64-linux-gnu/Scrt1.o
 .rela.text._ZNSt16allocator_traitsISaISt10_List_nodeI9AlarmItemEEE37select_on_container_copy_constructionERKS3_
                0x0000000000001b80        0x0 /usr/lib/gcc/x86_64-linux-gnu/7/../../../x86_64-linux-gnu/Scrt1.o
 .rela.text._ZNSaISt10_List_nodeI9AlarmItemEEC2ERKS2_
                0x0000000000001b80        0x0 /usr/lib/gcc/x86_64-linux-gnu/7/../../../x86_64-linux-gnu/Scrt1.o
 .rela.text._ZNSt7__cxx1110_List_baseI9AlarmItemSaIS1_EE10_List_implC2ERKSaISt10_List_nodeIS1_EE
                0x0000000000001b80        0x0 /usr/lib/gcc/x86_64-linux-gnu/7/../../../x86_64-linux-gnu/Scrt1.o
 .rela.text._ZNKSt20_List_const_iteratorI9AlarmItemEdeEv
                0x0000000000001b80        0x0 /usr/lib/gcc/x86_64-linux-gnu/7/../../../x86_64-linux-gnu/Scrt1.o
 .rela.text._ZNSt7__cxx114listI9AlarmItemSaIS1_EE12emplace_backIJRKS1_EEEvDpOT_
                0x0000000000001b80        0x0 /usr/lib/gcc/x86_64-linux-gnu/7/../../../x86_64-linux-gnu/Scrt1.o
 .rela.text._ZNKSt8_Rb_treeIsSt4pairIKsNSt7__cxx114listI9AlarmItemSaIS4_EEEESt10_Select1stIS7_ESt4lessIsESaIS7_EE11_Alloc_nodeclIS7_EEPSt13_Rb_tree_nodeIS7_EOT_
                0x0000000000001b80        0x0 /usr/lib/gcc/x86_64-linux-gnu/7/../../../x86_64-linux-gnu/Scrt1.o
 .rela.text._ZNSt8_Rb_treeIsSt4pairIKsNSt7__cxx114listI9AlarmItemSaIS4_EEEESt10_Select1stIS7_ESt4lessIsESaIS7_EE11_M_get_nodeEv
                0x0000000000001b80        0x0 /usr/lib/gcc/x86_64-linux-gnu/7/../../../x86_64-linux-gnu/Scrt1.o
 .rela.text._ZNSt8_Rb_treeIsSt4pairIKsNSt7__cxx114listI9AlarmItemSaIS4_EEEESt10_Select1stIS7_ESt4lessIsESaIS7_EE17_M_construct_nodeIJRKSt21piecewise_construct_tSt5tupleIJRS1_EESI_IJEEEEEvPSt13_Rb_tree_nodeIS7_EDpOT_
                0x0000000000001b80        0x0 /usr/lib/gcc/x86_64-linux-gnu/7/../../../x86_64-linux-gnu/Scrt1.o
 .rela.text._ZNKSt23_Rb_tree_const_iteratorISt4pairIKsNSt7__cxx114listI9AlarmItemSaIS4_EEEEE13_M_const_castEv
                0x0000000000001b80        0x0 /usr/lib/gcc/x86_64-linux-gnu/7/../../../x86_64-linux-gnu/Scrt1.o
 .rela.text._ZNSt8_Rb_treeIsSt4pairIKsNSt7__cxx114listI9AlarmItemSaIS4_EEEESt10_Select1stIS7_ESt4lessIsESaIS7_EE8_S_valueEPKSt13_Rb_tree_nodeIS7_E
                0x0000000000001b80        0x0 /usr/lib/gcc/x86_64-linux-gnu/7/../../../x86_64-linux-gnu/Scrt1.o
 .rela.text._ZNKSt6vectorI9AlarmItemSaIS0_EE8max_sizeEv
                0x0000000000001b80        0x0 /usr/lib/gcc/x86_64-linux-gnu/7/../../../x86_64-linux-gnu/Scrt1.o
 .rela.text._ZNSt16allocator_traitsISaI9AlarmItemEE8allocateERS1_m
                0x0000000000001b80        0x0 /usr/lib/gcc/x86_64-linux-gnu/7/../../../x86_64-linux-gnu/Scrt1.o
 .rela.text._ZSt32__make_move_if_noexcept_iteratorI9AlarmItemSt13move_iteratorIPS0_EET0_PT_
                0x0000000000001b80        0x0 /usr/lib/gcc/x86_64-linux-gnu/7/../../../x86_64-linux-gnu/Scrt1.o
 .rela.text._ZSt22__uninitialized_copy_aISt13move_iteratorIP9AlarmItemES2_S1_ET0_T_S5_S4_RSaIT1_E
                0x0000000000001b80        0x0 /usr/lib/gcc/x86_64-linux-gnu/7/../../../x86_64-linux-gnu/Scrt1.o
 .rela.text._ZSt8_DestroyIP9AlarmItemEvT_S2_
                0x0000000000001b80        0x0 /usr/lib/gcc/x86_64-linux-gnu/7/../../../x86_64-linux-gnu/Scrt1.o
 .rela.text._ZNSt16allocator_traitsISaI9AlarmItemEE10deallocateERS1_PS0_m
                0x0000000000001b80        0x0 /usr/lib/gcc/x86_64-linux-gnu/7/../../../x86_64-linux-gnu/Scrt1.o
 .rela.text._ZSt14__copy_move_a2ILb1EN9__gnu_cxx17__normal_iteratorIPSt4pairIs7AlarmIdESt6vectorIS4_SaIS4_EEEES9_ET1_T0_SB_SA_
                0x0000000000001b80        0x0 /usr/lib/gcc/x86_64-linux-gnu/7/../../../x86_64-linux-gnu/Scrt1.o
 .rela.text._ZNSt16allocator_traitsISaISt13_Rb_tree_nodeISt4pairIKsNSt7__cxx114listI9AlarmItemSaIS5_EEEEEEE7destroyIS8_EEvRSA_PT_
                0x0000000000001b80        0x0 /usr/lib/gcc/x86_64-linux-gnu/7/../../../x86_64-linux-gnu/Scrt1.o
 .rela.text._ZNSt16allocator_traitsISaISt13_Rb_tree_nodeISt4pairIKsNSt7__cxx114listI9AlarmItemSaIS5_EEEEEEE10deallocateERSA_PS9_m
                0x0000000000001b80        0x0 /usr/lib/gcc/x86_64-linux-gnu/7/../../../x86_64-linux-gnu/Scrt1.o
 .rela.text._ZN9__gnu_cxx16__aligned_membufImE6_M_ptrEv
                0x0000000000001b80        0x0 /usr/lib/gcc/x86_64-linux-gnu/7/../../../x86_64-linux-gnu/Scrt1.o
 .rela.text._ZNKSt13_Rb_tree_nodeISt4pairIKsNSt7__cxx114listI9AlarmItemSaIS4_EEEEE9_M_valptrEv
                0x0000000000001b80        0x0 /usr/lib/gcc/x86_64-linux-gnu/7/../../../x86_64-linux-gnu/Scrt1.o
 .rela.text._ZNSt16allocator_traitsISaISt10_List_nodeI9AlarmItemEEE8allocateERS3_m
                0x0000000000001b80        0x0 /usr/lib/gcc/x86_64-linux-gnu/7/../../../x86_64-linux-gnu/Scrt1.o
 .rela.text._ZN9__gnu_cxx13new_allocatorISt10_List_nodeI9AlarmItemEE9constructIS2_JRKS2_EEEvPT_DpOT0_
                0x0000000000001b80        0x0 /usr/lib/gcc/x86_64-linux-gnu/7/../../../x86_64-linux-gnu/Scrt1.o
 .rela.text._ZNKSt10_List_nodeI9AlarmItemE9_M_valptrEv
                0x0000000000001b80        0x0 /usr/lib/gcc/x86_64-linux-gnu/7/../../../x86_64-linux-gnu/Scrt1.o
 .rela.text._ZNSt8_Rb_treeIsSt4pairIKsNSt7__cxx114listI9AlarmItemSaIS4_EEEESt10_Select1stIS7_ESt4lessIsESaIS7_EE14_M_create_nodeIJS7_EEEPSt13_Rb_tree_nodeIS7_EDpOT_
                0x0000000000001b80        0x0 /usr/lib/gcc/x86_64-linux-gnu/7/../../../x86_64-linux-gnu/Scrt1.o
 .rela.text._ZNSt16allocator_traitsISaISt13_Rb_tree_nodeISt4pairIKsNSt7__cxx114listI9AlarmItemSaIS5_EEEEEEE8allocateERSA_m
                0x0000000000001b80        0x0 /usr/lib/gcc/x86_64-linux-gnu/7/../../../x86_64-linux-gnu/Scrt1.o
 .rela.text._ZNSt16allocator_traitsISaISt13_Rb_tree_nodeISt4pairIKsNSt7__cxx114listI9AlarmItemSaIS5_EEEEEEE9constructIS8_JRKSt21piecewise_construct_tSt5tupleIJRS2_EESG_IJEEEEEvRSA_PT_DpOT0_
                0x0000000000001b80        0x0 /usr/lib/gcc/x86_64-linux-gnu/7/../../../x86_64-linux-gnu/Scrt1.o
 .rela.text._ZNSt16allocator_traitsISaI9AlarmItemEE8max_sizeERKS1_
                0x0000000000001b80        0x0 /usr/lib/gcc/x86_64-linux-gnu/7/../../../x86_64-linux-gnu/Scrt1.o
 .rela.text._ZN9__gnu_cxx13new_allocatorI9AlarmItemE8allocateEmPKv
                0x0000000000001b80        0x0 /usr/lib/gcc/x86_64-linux-gnu/7/../../../x86_64-linux-gnu/Scrt1.o
 .rela.text._ZSt18uninitialized_copyISt13move_iteratorIP9AlarmItemES2_ET0_T_S5_S4_
                0x0000000000001b80        0x0 /usr/lib/gcc/x86_64-linux-gnu/7/../../../x86_64-linux-gnu/Scrt1.o
 .rela.text._ZNSt12_Destroy_auxILb0EE9__destroyIP9AlarmItemEEvT_S4_
                0x0000000000001b80        0x0 /usr/lib/gcc/x86_64-linux-gnu/7/../../../x86_64-linux-gnu/Scrt1.o
 .rela.text._ZSt12__niter_baseIPSt4pairIs7AlarmIdESt6vectorIS2_SaIS2_EEET_N9__gnu_cxx17__normal_iteratorIS7_T0_EE
                0x0000000000001b80        0x0 /usr/lib/gcc/x86_64-linux-gnu/7/../../../x86_64-linux-gnu/Scrt1.o
 .rela.text._ZSt13__copy_move_aILb1EPSt4pairIs7AlarmIdES3_ET1_T0_S5_S4_
                0x0000000000001b80        0x0 /usr/lib/gcc/x86_64-linux-gnu/7/../../../x86_64-linux-gnu/Scrt1.o
 .rela.text._ZN9__gnu_cxx13new_allocatorISt13_Rb_tree_nodeISt4pairIKsNSt7__cxx114listI9AlarmItemSaIS6_EEEEEE7destroyIS9_EEvPT_
                0x0000000000001b80        0x0 /usr/lib/gcc/x86_64-linux-gnu/7/../../../x86_64-linux-gnu/Scrt1.o
 .rela.text._ZNK9__gnu_cxx16__aligned_membufISt4pairIKsNSt7__cxx114listI9AlarmItemSaIS5_EEEEE6_M_ptrEv
                0x0000000000001b80        0x0 /usr/lib/gcc/x86_64-linux-gnu/7/../../../x86_64-linux-gnu/Scrt1.o
 .rela.text._ZN9__gnu_cxx13new_allocatorISt10_List_nodeI9AlarmItemEE8allocateEmPKv
                0x0000000000001b80        0x0 /usr/lib/gcc/x86_64-linux-gnu/7/../../../x86_64-linux-gnu/Scrt1.o
 .rela.text._ZNK9__gnu_cxx16__aligned_membufI9AlarmItemE6_M_ptrEv
                0x0000000000001b80        0x0 /usr/lib/gcc/x86_64-linux-gnu/7/../../../x86_64-linux-gnu/Scrt1.o
 .rela.text._ZNSt8_Rb_treeIsSt4pairIKsNSt7__cxx114listI9AlarmItemSaIS4_EEEESt10_Select1stIS7_ESt4lessIsESaIS7_EE17_M_construct_nodeIJS7_EEEvPSt13_Rb_tree_nodeIS7_EDpOT_
                0x0000000000001b80        0x0 /usr/lib/gcc/x86_64-linux-gnu/7/../../../x86_64-linux-gnu/Scrt1.o
 .rela.text._ZN9__gnu_cxx13new_allocatorISt13_Rb_tree_nodeISt4pairIKsNSt7__cxx114listI9AlarmItemSaIS6_EEEEEE8allocateEmPKv
                0x0000000000001b80        0x0 /usr/lib/gcc/x86_64-linux-gnu/7/../../../x86_64-linux-gnu/Scrt1.o
 .rela.text._ZNSt5tupleIJRKsEEC2EOS2_
                0x0000000000001b80        0x0 /usr/lib/gcc/x86_64-linux-gnu/7/../../../x86_64-linux-gnu/Scrt1.o
 .rela.text._ZN9__gnu_cxx13new_allocatorISt13_Rb_tree_nodeISt4pairIKsNSt7__cxx114listI9AlarmItemSaIS6_EEEEEE9constructIS9_JRKSt21piecewise_construct_tSt5tupleIJRS3_EESG_IJEEEEEvPT_DpOT0_
                0x0000000000001b80        0x0 /usr/lib/gcc/x86_64-linux-gnu/7/../../../x86_64-linux-gnu/Scrt1.o
 .rela.text._ZNSt20__uninitialized_copyILb0EE13__uninit_copyISt13move_iteratorIP9AlarmItemES4_EET0_T_S7_S6_
                0x0000000000001b80        0x0 /usr/lib/gcc/x86_64-linux-gnu/7/../../../x86_64-linux-gnu/Scrt1.o
 .rela.text._ZNSt11__copy_moveILb1ELb0ESt26random_access_iterator_tagE8__copy_mIPSt4pairIs7AlarmIdES6_EET0_T_S8_S7_
                0x0000000000001b80        0x0 /usr/lib/gcc/x86_64-linux-gnu/7/../../../x86_64-linux-gnu/Scrt1.o
 .rela.text._ZNSt16allocator_traitsISaISt13_Rb_tree_nodeISt4pairIKsNSt7__cxx114listI9AlarmItemSaIS5_EEEEEEE9constructIS8_JS8_EEEvRSA_PT_DpOT0_
                0x0000000000001b80        0x0 /usr/lib/gcc/x86_64-linux-gnu/7/../../../x86_64-linux-gnu/Scrt1.o
 .rela.text._ZNSt11_Tuple_implILm0EJRKsEE7_M_headERS2_
                0x0000000000001b80        0x0 /usr/lib/gcc/x86_64-linux-gnu/7/../../../x86_64-linux-gnu/Scrt1.o
 .rela.text._ZNSt11_Tuple_implILm0EJRKsEEC2EOS2_
                0x0000000000001b80        0x0 /usr/lib/gcc/x86_64-linux-gnu/7/../../../x86_64-linux-gnu/Scrt1.o
 .rela.text._ZNSt4pairIKsNSt7__cxx114listI9AlarmItemSaIS3_EEEEC2IJRS0_EJEEESt21piecewise_construct_tSt5tupleIJDpT_EESA_IJDpT0_EE
                0x0000000000001b80        0x0 /usr/lib/gcc/x86_64-linux-gnu/7/../../../x86_64-linux-gnu/Scrt1.o
 .rela.text._ZStneIP9AlarmItemEbRKSt13move_iteratorIT_ES6_
                0x0000000000001b80        0x0 /usr/lib/gcc/x86_64-linux-gnu/7/../../../x86_64-linux-gnu/Scrt1.o
 .rela.text._ZSt10_ConstructI9AlarmItemJS0_EEvPT_DpOT0_
                0x0000000000001b80        0x0 /usr/lib/gcc/x86_64-linux-gnu/7/../../../x86_64-linux-gnu/Scrt1.o
 .rela.text._ZNSt4pairIs7AlarmIdEaSEOS1_
                0x0000000000001b80        0x0 /usr/lib/gcc/x86_64-linux-gnu/7/../../../x86_64-linux-gnu/Scrt1.o
 .rela.text._ZNSt4pairIKsNSt7__cxx114listI9AlarmItemSaIS3_EEEEC2EOS6_
                0x0000000000001b80        0x0 /usr/lib/gcc/x86_64-linux-gnu/7/../../../x86_64-linux-gnu/Scrt1.o
 .rela.text._ZN9__gnu_cxx13new_allocatorISt13_Rb_tree_nodeISt4pairIKsNSt7__cxx114listI9AlarmItemSaIS6_EEEEEE9constructIS9_JS9_EEEvPT_DpOT0_
                0x0000000000001b80        0x0 /usr/lib/gcc/x86_64-linux-gnu/7/../../../x86_64-linux-gnu/Scrt1.o
 .rela.text._ZSt3getILm0EJRKsEERNSt13tuple_elementIXT_ESt5tupleIJDpT0_EEE4typeERS6_
                0x0000000000001b80        0x0 /usr/lib/gcc/x86_64-linux-gnu/7/../../../x86_64-linux-gnu/Scrt1.o
 .rela.text._ZSt12__get_helperILm0ERKsJEERT0_RSt11_Tuple_implIXT_EJS2_DpT1_EE
                0x0000000000001b80        0x0 /usr/lib/gcc/x86_64-linux-gnu/7/../../../x86_64-linux-gnu/Scrt1.o
 .rela.text._ZNSt4pairIKsNSt7__cxx114listI9AlarmItemSaIS3_EEEEC2IJRS0_EJLm0EEJEJEEERSt5tupleIJDpT_EERS9_IJDpT1_EESt12_Index_tupleIJXspT0_EEESI_IJXspT2_EEE
                0x0000000000001b80        0x0 /usr/lib/gcc/x86_64-linux-gnu/7/../../../x86_64-linux-gnu/Scrt1.o
 .rela.text._ZSteqIP9AlarmItemEbRKSt13move_iteratorIT_ES6_
                0x0000000000001b80        0x0 /usr/lib/gcc/x86_64-linux-gnu/7/../../../x86_64-linux-gnu/Scrt1.o
 .rela.text._ZNSt7__cxx114listI9AlarmItemSaIS1_EEC2EOS3_
                0x0000000000001b80        0x0 /usr/lib/gcc/x86_64-linux-gnu/7/../../../x86_64-linux-gnu/Scrt1.o
 .rela.text._ZNSt7__cxx1110_List_baseI9AlarmItemSaIS1_EEC2EOS3_
                0x0000000000001b80        0x0 /usr/lib/gcc/x86_64-linux-gnu/7/../../../x86_64-linux-gnu/Scrt1.o
 .rela.text._ZNSt7__cxx1110_List_baseI9AlarmItemSaIS1_EE10_List_implC2EOSaISt10_List_nodeIS1_EE
                0x0000000000001b80        0x0 /usr/lib/gcc/x86_64-linux-gnu/7/../../../x86_64-linux-gnu/Scrt1.o
 .rela.text._ZNSt7__cxx1110_List_baseI9AlarmItemSaIS1_EE13_M_move_nodesEOS3_
                0x0000000000001b80        0x0 /usr/lib/gcc/x86_64-linux-gnu/7/../../../x86_64-linux-gnu/Scrt1.o
 .rela.text._ZNKSt7__cxx1110_List_baseI9AlarmItemSaIS1_EE11_M_get_sizeEv
                0x0000000000001b80        0x0 /usr/lib/gcc/x86_64-linux-gnu/7/../../../x86_64-linux-gnu/Scrt1.o
 .rela.text._ZNKSt10_List_nodeImE9_M_valptrEv
                0x0000000000001b80        0x0 /usr/lib/gcc/x86_64-linux-gnu/7/../../../x86_64-linux-gnu/Scrt1.o
 .rela.text._ZNK9__gnu_cxx16__aligned_membufImE6_M_ptrEv
                0x0000000000001b80        0x0 /usr/lib/gcc/x86_64-linux-gnu/7/../../../x86_64-linux-gnu/Scrt1.o
 .rela.text._ZN12IBMOperationC2Ev
                0x0000000000001b80        0x0 /usr/lib/gcc/x86_64-linux-gnu/7/../../../x86_64-linux-gnu/Scrt1.o
 .rela.text._ZN12IBMOperationD2Ev
                0x0000000000001b80        0x0 /usr/lib/gcc/x86_64-linux-gnu/7/../../../x86_64-linux-gnu/Scrt1.o
 .rela.text._ZN12IBMOperationD0Ev
                0x0000000000001b80        0x0 /usr/lib/gcc/x86_64-linux-gnu/7/../../../x86_64-linux-gnu/Scrt1.o
 .rela.text._ZN11IDataStreamC2Ev
                0x0000000000001b80        0x0 /usr/lib/gcc/x86_64-linux-gnu/7/../../../x86_64-linux-gnu/Scrt1.o
 .rela.text._ZN11IDataStreamD2Ev
                0x0000000000001b80        0x0 /usr/lib/gcc/x86_64-linux-gnu/7/../../../x86_64-linux-gnu/Scrt1.o
 .rela.text._ZN11IDataStreamD0Ev
                0x0000000000001b80        0x0 /usr/lib/gcc/x86_64-linux-gnu/7/../../../x86_64-linux-gnu/Scrt1.o
 .rela.text._ZNSt6vectorI6sampleSaIS0_EEC2Ev
                0x0000000000001b80        0x0 /usr/lib/gcc/x86_64-linux-gnu/7/../../../x86_64-linux-gnu/Scrt1.o
 .rela.text._ZNSt6vectorI6sampleSaIS0_EED2Ev
                0x0000000000001b80        0x0 /usr/lib/gcc/x86_64-linux-gnu/7/../../../x86_64-linux-gnu/Scrt1.o
 .rela.text._ZNSt12_Vector_baseI6sampleSaIS0_EE12_Vector_implD2Ev
                0x0000000000001b80        0x0 /usr/lib/gcc/x86_64-linux-gnu/7/../../../x86_64-linux-gnu/Scrt1.o
 .rela.text._ZNSt12_Vector_baseI6sampleSaIS0_EEC2Ev
                0x0000000000001b80        0x0 /usr/lib/gcc/x86_64-linux-gnu/7/../../../x86_64-linux-gnu/Scrt1.o
 .rela.text._ZNSt12_Vector_baseI6sampleSaIS0_EED2Ev
                0x0000000000001b80        0x0 /usr/lib/gcc/x86_64-linux-gnu/7/../../../x86_64-linux-gnu/Scrt1.o
 .rela.text._ZSt8_DestroyIP6sampleS0_EvT_S2_RSaIT0_E
                0x0000000000001b80        0x0 /usr/lib/gcc/x86_64-linux-gnu/7/../../../x86_64-linux-gnu/Scrt1.o
 .rela.text._ZNSt12_Vector_baseI6sampleSaIS0_EE12_Vector_implC2Ev
                0x0000000000001b80        0x0 /usr/lib/gcc/x86_64-linux-gnu/7/../../../x86_64-linux-gnu/Scrt1.o
 .rela.text._ZNSaI6sampleED2Ev
                0x0000000000001b80        0x0 /usr/lib/gcc/x86_64-linux-gnu/7/../../../x86_64-linux-gnu/Scrt1.o
 .rela.text._ZNSt12_Vector_baseI6sampleSaIS0_EE13_M_deallocateEPS0_m
                0x0000000000001b80        0x0 /usr/lib/gcc/x86_64-linux-gnu/7/../../../x86_64-linux-gnu/Scrt1.o
 .rela.text._ZSt8_DestroyIP6sampleEvT_S2_
                0x0000000000001b80        0x0 /usr/lib/gcc/x86_64-linux-gnu/7/../../../x86_64-linux-gnu/Scrt1.o
 .rela.text._ZNSaI6sampleEC2Ev
                0x0000000000001b80        0x0 /usr/lib/gcc/x86_64-linux-gnu/7/../../../x86_64-linux-gnu/Scrt1.o
 .rela.text._ZNSt16allocator_traitsISaI6sampleEE10deallocateERS1_PS0_m
                0x0000000000001b80        0x0 /usr/lib/gcc/x86_64-linux-gnu/7/../../../x86_64-linux-gnu/Scrt1.o
 .rela.text._ZNSt6vectorI4UartSaIS0_EEC2Ev
                0x0000000000001b80        0x0 /usr/lib/gcc/x86_64-linux-gnu/7/../../../x86_64-linux-gnu/Scrt1.o
 .rela.text._ZNSt6vectorI4UartSaIS0_EED2Ev
                0x0000000000001b80        0x0 /usr/lib/gcc/x86_64-linux-gnu/7/../../../x86_64-linux-gnu/Scrt1.o
 .rela.text._ZNSt16reverse_iteratorIN9__gnu_cxx17__normal_iteratorIP4UartSt6vectorIS2_SaIS2_EEEEEC2Ev
                0x0000000000001b80        0x0 /usr/lib/gcc/x86_64-linux-gnu/7/../../../x86_64-linux-gnu/Scrt1.o
 .rela.text._ZNSt6vectorI4UartSaIS0_EE6rbeginEv
                0x0000000000001b80        0x0 /usr/lib/gcc/x86_64-linux-gnu/7/../../../x86_64-linux-gnu/Scrt1.o
 .rela.text._ZNSt6vectorI4UartSaIS0_EE4rendEv
                0x0000000000001b80        0x0 /usr/lib/gcc/x86_64-linux-gnu/7/../../../x86_64-linux-gnu/Scrt1.o
 .rela.text._ZStneIN9__gnu_cxx17__normal_iteratorIP4UartSt6vectorIS2_SaIS2_EEEEEbRKSt16reverse_iteratorIT_ESC_
                0x0000000000001b80        0x0 /usr/lib/gcc/x86_64-linux-gnu/7/../../../x86_64-linux-gnu/Scrt1.o
 .rela.text._ZNSt16reverse_iteratorIN9__gnu_cxx17__normal_iteratorIP4UartSt6vectorIS2_SaIS2_EEEEEppEi
                0x0000000000001b80        0x0 /usr/lib/gcc/x86_64-linux-gnu/7/../../../x86_64-linux-gnu/Scrt1.o
 .rela.text._ZNKSt16reverse_iteratorIN9__gnu_cxx17__normal_iteratorIP4UartSt6vectorIS2_SaIS2_EEEEEptEv
                0x0000000000001b80        0x0 /usr/lib/gcc/x86_64-linux-gnu/7/../../../x86_64-linux-gnu/Scrt1.o
 .rela.text._ZNSt6vectorI4UartSaIS0_EE9push_backERKS0_
                0x0000000000001b80        0x0 /usr/lib/gcc/x86_64-linux-gnu/7/../../../x86_64-linux-gnu/Scrt1.o
 .rela.text._ZNSt12_Vector_baseI4UartSaIS0_EE12_Vector_implD2Ev
                0x0000000000001b80        0x0 /usr/lib/gcc/x86_64-linux-gnu/7/../../../x86_64-linux-gnu/Scrt1.o
 .rela.text._ZNSt12_Vector_baseI4UartSaIS0_EEC2Ev
                0x0000000000001b80        0x0 /usr/lib/gcc/x86_64-linux-gnu/7/../../../x86_64-linux-gnu/Scrt1.o
 .rela.text._ZNSt12_Vector_baseI4UartSaIS0_EED2Ev
                0x0000000000001b80        0x0 /usr/lib/gcc/x86_64-linux-gnu/7/../../../x86_64-linux-gnu/Scrt1.o
 .rela.text._ZSt8_DestroyIP4UartS0_EvT_S2_RSaIT0_E
                0x0000000000001b80        0x0 /usr/lib/gcc/x86_64-linux-gnu/7/../../../x86_64-linux-gnu/Scrt1.o
 .rela.text._ZNSt6vectorI4UartSaIS0_EE3endEv
                0x0000000000001b80        0x0 /usr/lib/gcc/x86_64-linux-gnu/7/../../../x86_64-linux-gnu/Scrt1.o
 .rela.text._ZNSt6vectorI4UartSaIS0_EE5beginEv
                0x0000000000001b80        0x0 /usr/lib/gcc/x86_64-linux-gnu/7/../../../x86_64-linux-gnu/Scrt1.o
 .rela.text._ZSteqIN9__gnu_cxx17__normal_iteratorIP4UartSt6vectorIS2_SaIS2_EEEEEbRKSt16reverse_iteratorIT_ESC_
                0x0000000000001b80        0x0 /usr/lib/gcc/x86_64-linux-gnu/7/../../../x86_64-linux-gnu/Scrt1.o
 .rela.text._ZNKSt16reverse_iteratorIN9__gnu_cxx17__normal_iteratorIP4UartSt6vectorIS2_SaIS2_EEEEEdeEv
                0x0000000000001b80        0x0 /usr/lib/gcc/x86_64-linux-gnu/7/../../../x86_64-linux-gnu/Scrt1.o
 .rela.text._ZNSt16allocator_traitsISaI4UartEE9constructIS0_JRKS0_EEEvRS1_PT_DpOT0_
                0x0000000000001b80        0x0 /usr/lib/gcc/x86_64-linux-gnu/7/../../../x86_64-linux-gnu/Scrt1.o
 .rela.text._ZNSt6vectorI4UartSaIS0_EE17_M_realloc_insertIJRKS0_EEEvN9__gnu_cxx17__normal_iteratorIPS0_S2_EEDpOT_
                0x0000000000001b80        0x0 /usr/lib/gcc/x86_64-linux-gnu/7/../../../x86_64-linux-gnu/Scrt1.o
 .rela.text._ZNSt12_Vector_baseI4UartSaIS0_EE12_Vector_implC2Ev
                0x0000000000001b80        0x0 /usr/lib/gcc/x86_64-linux-gnu/7/../../../x86_64-linux-gnu/Scrt1.o
 .rela.text._ZNSaI4UartED2Ev
                0x0000000000001b80        0x0 /usr/lib/gcc/x86_64-linux-gnu/7/../../../x86_64-linux-gnu/Scrt1.o
 .rela.text._ZNSt12_Vector_baseI4UartSaIS0_EE13_M_deallocateEPS0_m
                0x0000000000001b80        0x0 /usr/lib/gcc/x86_64-linux-gnu/7/../../../x86_64-linux-gnu/Scrt1.o
 .rela.text._ZSt8_DestroyIP4UartEvT_S2_
                0x0000000000001b80        0x0 /usr/lib/gcc/x86_64-linux-gnu/7/../../../x86_64-linux-gnu/Scrt1.o
 .rela.text._ZN9__gnu_cxxeqIP4UartSt6vectorIS1_SaIS1_EEEEbRKNS_17__normal_iteratorIT_T0_EESB_
                0x0000000000001b80        0x0 /usr/lib/gcc/x86_64-linux-gnu/7/../../../x86_64-linux-gnu/Scrt1.o
 .rela.text._ZN4UartC2ERKS_
                0x0000000000001b80        0x0 /usr/lib/gcc/x86_64-linux-gnu/7/../../../x86_64-linux-gnu/Scrt1.o
 .rela.text._ZN9__gnu_cxx13new_allocatorI4UartE9constructIS1_JRKS1_EEEvPT_DpOT0_
                0x0000000000001b80        0x0 /usr/lib/gcc/x86_64-linux-gnu/7/../../../x86_64-linux-gnu/Scrt1.o
 .rela.text._ZNKSt6vectorI4UartSaIS0_EE12_M_check_lenEmPKc
                0x0000000000001b80        0x0 /usr/lib/gcc/x86_64-linux-gnu/7/../../../x86_64-linux-gnu/Scrt1.o
 .rela.text._ZN9__gnu_cxxmiIP4UartSt6vectorIS1_SaIS1_EEEENS_17__normal_iteratorIT_T0_E15difference_typeERKS9_SC_
                0x0000000000001b80        0x0 /usr/lib/gcc/x86_64-linux-gnu/7/../../../x86_64-linux-gnu/Scrt1.o
 .rela.text._ZNSt12_Vector_baseI4UartSaIS0_EE11_M_allocateEm
                0x0000000000001b80        0x0 /usr/lib/gcc/x86_64-linux-gnu/7/../../../x86_64-linux-gnu/Scrt1.o
 .rela.text._ZSt34__uninitialized_move_if_noexcept_aIP4UartS1_SaIS0_EET0_T_S4_S3_RT1_
                0x0000000000001b80        0x0 /usr/lib/gcc/x86_64-linux-gnu/7/../../../x86_64-linux-gnu/Scrt1.o
 .rela.text._ZNSt16allocator_traitsISaI4UartEE7destroyIS0_EEvRS1_PT_
                0x0000000000001b80        0x0 /usr/lib/gcc/x86_64-linux-gnu/7/../../../x86_64-linux-gnu/Scrt1.o
 .rela.text._ZNSaI4UartEC2Ev
                0x0000000000001b80        0x0 /usr/lib/gcc/x86_64-linux-gnu/7/../../../x86_64-linux-gnu/Scrt1.o
 .rela.text._ZNSt16allocator_traitsISaI4UartEE10deallocateERS1_PS0_m
                0x0000000000001b80        0x0 /usr/lib/gcc/x86_64-linux-gnu/7/../../../x86_64-linux-gnu/Scrt1.o
 .rela.text._ZNSt12_Destroy_auxILb0EE9__destroyIP4UartEEvT_S4_
                0x0000000000001b80        0x0 /usr/lib/gcc/x86_64-linux-gnu/7/../../../x86_64-linux-gnu/Scrt1.o
 .rela.text._ZNKSt6vectorI4UartSaIS0_EE8max_sizeEv
                0x0000000000001b80        0x0 /usr/lib/gcc/x86_64-linux-gnu/7/../../../x86_64-linux-gnu/Scrt1.o
 .rela.text._ZNSt16allocator_traitsISaI4UartEE8allocateERS1_m
                0x0000000000001b80        0x0 /usr/lib/gcc/x86_64-linux-gnu/7/../../../x86_64-linux-gnu/Scrt1.o
 .rela.text._ZSt32__make_move_if_noexcept_iteratorI4UartSt13move_iteratorIPS0_EET0_PT_
                0x0000000000001b80        0x0 /usr/lib/gcc/x86_64-linux-gnu/7/../../../x86_64-linux-gnu/Scrt1.o
 .rela.text._ZSt22__uninitialized_copy_aISt13move_iteratorIP4UartES2_S1_ET0_T_S5_S4_RSaIT1_E
                0x0000000000001b80        0x0 /usr/lib/gcc/x86_64-linux-gnu/7/../../../x86_64-linux-gnu/Scrt1.o
 .rela.text._ZNSt16allocator_traitsISaI4UartEE8max_sizeERKS1_
                0x0000000000001b80        0x0 /usr/lib/gcc/x86_64-linux-gnu/7/../../../x86_64-linux-gnu/Scrt1.o
 .rela.text._ZN9__gnu_cxx13new_allocatorI4UartE8allocateEmPKv
                0x0000000000001b80        0x0 /usr/lib/gcc/x86_64-linux-gnu/7/../../../x86_64-linux-gnu/Scrt1.o
 .rela.text._ZSt18uninitialized_copyISt13move_iteratorIP4UartES2_ET0_T_S5_S4_
                0x0000000000001b80        0x0 /usr/lib/gcc/x86_64-linux-gnu/7/../../../x86_64-linux-gnu/Scrt1.o
 .rela.text._ZNSt20__uninitialized_copyILb0EE13__uninit_copyISt13move_iteratorIP4UartES4_EET0_T_S7_S6_
                0x0000000000001b80        0x0 /usr/lib/gcc/x86_64-linux-gnu/7/../../../x86_64-linux-gnu/Scrt1.o
 .rela.text._ZStneIP4UartEbRKSt13move_iteratorIT_ES6_
                0x0000000000001b80        0x0 /usr/lib/gcc/x86_64-linux-gnu/7/../../../x86_64-linux-gnu/Scrt1.o
 .rela.text._ZSt10_ConstructI4UartJS0_EEvPT_DpOT0_
                0x0000000000001b80        0x0 /usr/lib/gcc/x86_64-linux-gnu/7/../../../x86_64-linux-gnu/Scrt1.o
 .rela.text._ZSteqIP4UartEbRKSt13move_iteratorIT_ES6_
                0x0000000000001b80        0x0 /usr/lib/gcc/x86_64-linux-gnu/7/../../../x86_64-linux-gnu/Scrt1.o
 .rela.text._ZNSt6vectorIP13IDeviceModuleSaIS1_EEC2Ev
                0x0000000000001b80        0x0 /usr/lib/gcc/x86_64-linux-gnu/7/../../../x86_64-linux-gnu/Scrt1.o
 .rela.text._ZNSt6vectorIP13IDeviceModuleSaIS1_EED2Ev
                0x0000000000001b80        0x0 /usr/lib/gcc/x86_64-linux-gnu/7/../../../x86_64-linux-gnu/Scrt1.o
 .rela.text._ZNSt16reverse_iteratorIN9__gnu_cxx17__normal_iteratorIPP13IDeviceModuleSt6vectorIS3_SaIS3_EEEEEC2Ev
                0x0000000000001b80        0x0 /usr/lib/gcc/x86_64-linux-gnu/7/../../../x86_64-linux-gnu/Scrt1.o
 .rela.text._ZNSt6vectorIP13IDeviceModuleSaIS1_EE6rbeginEv
                0x0000000000001b80        0x0 /usr/lib/gcc/x86_64-linux-gnu/7/../../../x86_64-linux-gnu/Scrt1.o
 .rela.text._ZNSt6vectorIP13IDeviceModuleSaIS1_EE4rendEv
                0x0000000000001b80        0x0 /usr/lib/gcc/x86_64-linux-gnu/7/../../../x86_64-linux-gnu/Scrt1.o
 .rela.text._ZStneIN9__gnu_cxx17__normal_iteratorIPP13IDeviceModuleSt6vectorIS3_SaIS3_EEEEEbRKSt16reverse_iteratorIT_ESD_
                0x0000000000001b80        0x0 /usr/lib/gcc/x86_64-linux-gnu/7/../../../x86_64-linux-gnu/Scrt1.o
 .rela.text._ZNSt16reverse_iteratorIN9__gnu_cxx17__normal_iteratorIPP13IDeviceModuleSt6vectorIS3_SaIS3_EEEEEppEi
                0x0000000000001b80        0x0 /usr/lib/gcc/x86_64-linux-gnu/7/../../../x86_64-linux-gnu/Scrt1.o
 .rela.text._ZNKSt16reverse_iteratorIN9__gnu_cxx17__normal_iteratorIPP13IDeviceModuleSt6vectorIS3_SaIS3_EEEEEdeEv
                0x0000000000001b80        0x0 /usr/lib/gcc/x86_64-linux-gnu/7/../../../x86_64-linux-gnu/Scrt1.o
 .rela.text._ZNSt6vectorIP13IDeviceModuleSaIS1_EE9push_backEOS1_
                0x0000000000001b80        0x0 /usr/lib/gcc/x86_64-linux-gnu/7/../../../x86_64-linux-gnu/Scrt1.o
 .rela.text._ZNSt12_Vector_baseIP13IDeviceModuleSaIS1_EE12_Vector_implD2Ev
                0x0000000000001b80        0x0 /usr/lib/gcc/x86_64-linux-gnu/7/../../../x86_64-linux-gnu/Scrt1.o
 .rela.text._ZNSt12_Vector_baseIP13IDeviceModuleSaIS1_EEC2Ev
                0x0000000000001b80        0x0 /usr/lib/gcc/x86_64-linux-gnu/7/../../../x86_64-linux-gnu/Scrt1.o
 .rela.text._ZNSt12_Vector_baseIP13IDeviceModuleSaIS1_EED2Ev
                0x0000000000001b80        0x0 /usr/lib/gcc/x86_64-linux-gnu/7/../../../x86_64-linux-gnu/Scrt1.o
 .rela.text._ZSt8_DestroyIPP13IDeviceModuleS1_EvT_S3_RSaIT0_E
                0x0000000000001b80        0x0 /usr/lib/gcc/x86_64-linux-gnu/7/../../../x86_64-linux-gnu/Scrt1.o
 .rela.text._ZNSt6vectorIP13IDeviceModuleSaIS1_EE3endEv
                0x0000000000001b80        0x0 /usr/lib/gcc/x86_64-linux-gnu/7/../../../x86_64-linux-gnu/Scrt1.o
 .rela.text._ZNSt6vectorIP13IDeviceModuleSaIS1_EE5beginEv
                0x0000000000001b80        0x0 /usr/lib/gcc/x86_64-linux-gnu/7/../../../x86_64-linux-gnu/Scrt1.o
 .rela.text._ZSteqIN9__gnu_cxx17__normal_iteratorIPP13IDeviceModuleSt6vectorIS3_SaIS3_EEEEEbRKSt16reverse_iteratorIT_ESD_
                0x0000000000001b80        0x0 /usr/lib/gcc/x86_64-linux-gnu/7/../../../x86_64-linux-gnu/Scrt1.o
 .rela.text._ZNSt6vectorIP13IDeviceModuleSaIS1_EE12emplace_backIJS1_EEEvDpOT_
                0x0000000000001b80        0x0 /usr/lib/gcc/x86_64-linux-gnu/7/../../../x86_64-linux-gnu/Scrt1.o
 .rela.text._ZNSt12_Vector_baseIP13IDeviceModuleSaIS1_EE12_Vector_implC2Ev
                0x0000000000001b80        0x0 /usr/lib/gcc/x86_64-linux-gnu/7/../../../x86_64-linux-gnu/Scrt1.o
 .rela.text._ZNSaIP13IDeviceModuleED2Ev
                0x0000000000001b80        0x0 /usr/lib/gcc/x86_64-linux-gnu/7/../../../x86_64-linux-gnu/Scrt1.o
 .rela.text._ZNSt12_Vector_baseIP13IDeviceModuleSaIS1_EE13_M_deallocateEPS1_m
                0x0000000000001b80        0x0 /usr/lib/gcc/x86_64-linux-gnu/7/../../../x86_64-linux-gnu/Scrt1.o
 .rela.text._ZSt8_DestroyIPP13IDeviceModuleEvT_S3_
                0x0000000000001b80        0x0 /usr/lib/gcc/x86_64-linux-gnu/7/../../../x86_64-linux-gnu/Scrt1.o
 .rela.text._ZN9__gnu_cxxeqIPP13IDeviceModuleSt6vectorIS2_SaIS2_EEEEbRKNS_17__normal_iteratorIT_T0_EESC_
                0x0000000000001b80        0x0 /usr/lib/gcc/x86_64-linux-gnu/7/../../../x86_64-linux-gnu/Scrt1.o
 .rela.text._ZNSt16allocator_traitsISaIP13IDeviceModuleEE9constructIS1_JS1_EEEvRS2_PT_DpOT0_
                0x0000000000001b80        0x0 /usr/lib/gcc/x86_64-linux-gnu/7/../../../x86_64-linux-gnu/Scrt1.o
 .rela.text._ZNSt6vectorIP13IDeviceModuleSaIS1_EE17_M_realloc_insertIJS1_EEEvN9__gnu_cxx17__normal_iteratorIPS1_S3_EEDpOT_
                0x0000000000001b80        0x0 /usr/lib/gcc/x86_64-linux-gnu/7/../../../x86_64-linux-gnu/Scrt1.o
 .rela.text._ZNSaIP13IDeviceModuleEC2Ev
                0x0000000000001b80        0x0 /usr/lib/gcc/x86_64-linux-gnu/7/../../../x86_64-linux-gnu/Scrt1.o
 .rela.text._ZNSt16allocator_traitsISaIP13IDeviceModuleEE10deallocateERS2_PS1_m
                0x0000000000001b80        0x0 /usr/lib/gcc/x86_64-linux-gnu/7/../../../x86_64-linux-gnu/Scrt1.o
 .rela.text._ZN9__gnu_cxx13new_allocatorIP13IDeviceModuleE9constructIS2_JS2_EEEvPT_DpOT0_
                0x0000000000001b80        0x0 /usr/lib/gcc/x86_64-linux-gnu/7/../../../x86_64-linux-gnu/Scrt1.o
 .rela.text._ZNKSt6vectorIP13IDeviceModuleSaIS1_EE12_M_check_lenEmPKc
                0x0000000000001b80        0x0 /usr/lib/gcc/x86_64-linux-gnu/7/../../../x86_64-linux-gnu/Scrt1.o
 .rela.text._ZN9__gnu_cxxmiIPP13IDeviceModuleSt6vectorIS2_SaIS2_EEEENS_17__normal_iteratorIT_T0_E15difference_typeERKSA_SD_
                0x0000000000001b80        0x0 /usr/lib/gcc/x86_64-linux-gnu/7/../../../x86_64-linux-gnu/Scrt1.o
 .rela.text._ZNSt12_Vector_baseIP13IDeviceModuleSaIS1_EE11_M_allocateEm
                0x0000000000001b80        0x0 /usr/lib/gcc/x86_64-linux-gnu/7/../../../x86_64-linux-gnu/Scrt1.o
 .rela.text._ZSt34__uninitialized_move_if_noexcept_aIPP13IDeviceModuleS2_SaIS1_EET0_T_S5_S4_RT1_
                0x0000000000001b80        0x0 /usr/lib/gcc/x86_64-linux-gnu/7/../../../x86_64-linux-gnu/Scrt1.o
 .rela.text._ZNSt16allocator_traitsISaIP13IDeviceModuleEE7destroyIS1_EEvRS2_PT_
                0x0000000000001b80        0x0 /usr/lib/gcc/x86_64-linux-gnu/7/../../../x86_64-linux-gnu/Scrt1.o
 .rela.text._ZNKSt6vectorIP13IDeviceModuleSaIS1_EE8max_sizeEv
                0x0000000000001b80        0x0 /usr/lib/gcc/x86_64-linux-gnu/7/../../../x86_64-linux-gnu/Scrt1.o
 .rela.text._ZNSt16allocator_traitsISaIP13IDeviceModuleEE8allocateERS2_m
                0x0000000000001b80        0x0 /usr/lib/gcc/x86_64-linux-gnu/7/../../../x86_64-linux-gnu/Scrt1.o
 .rela.text._ZSt32__make_move_if_noexcept_iteratorIP13IDeviceModuleSt13move_iteratorIPS1_EET0_PT_
                0x0000000000001b80        0x0 /usr/lib/gcc/x86_64-linux-gnu/7/../../../x86_64-linux-gnu/Scrt1.o
 .rela.text._ZSt22__uninitialized_copy_aISt13move_iteratorIPP13IDeviceModuleES3_S2_ET0_T_S6_S5_RSaIT1_E
                0x0000000000001b80        0x0 /usr/lib/gcc/x86_64-linux-gnu/7/../../../x86_64-linux-gnu/Scrt1.o
 .rela.text._ZNSt16allocator_traitsISaIP13IDeviceModuleEE8max_sizeERKS2_
                0x0000000000001b80        0x0 /usr/lib/gcc/x86_64-linux-gnu/7/../../../x86_64-linux-gnu/Scrt1.o
 .rela.text._ZN9__gnu_cxx13new_allocatorIP13IDeviceModuleE8allocateEmPKv
                0x0000000000001b80        0x0 /usr/lib/gcc/x86_64-linux-gnu/7/../../../x86_64-linux-gnu/Scrt1.o
 .rela.text._ZSt18uninitialized_copyISt13move_iteratorIPP13IDeviceModuleES3_ET0_T_S6_S5_
                0x0000000000001b80        0x0 /usr/lib/gcc/x86_64-linux-gnu/7/../../../x86_64-linux-gnu/Scrt1.o
 .rela.text._ZNSt20__uninitialized_copyILb1EE13__uninit_copyISt13move_iteratorIPP13IDeviceModuleES5_EET0_T_S8_S7_
                0x0000000000001b80        0x0 /usr/lib/gcc/x86_64-linux-gnu/7/../../../x86_64-linux-gnu/Scrt1.o
 .rela.text._ZSt4copyISt13move_iteratorIPP13IDeviceModuleES3_ET0_T_S6_S5_
                0x0000000000001b80        0x0 /usr/lib/gcc/x86_64-linux-gnu/7/../../../x86_64-linux-gnu/Scrt1.o
 .rela.text._ZSt12__miter_baseIPP13IDeviceModuleEDTcl12__miter_basecldtfp_4baseEEESt13move_iteratorIT_E
                0x0000000000001b80        0x0 /usr/lib/gcc/x86_64-linux-gnu/7/../../../x86_64-linux-gnu/Scrt1.o
 .rela.text._ZSt14__copy_move_a2ILb1EPP13IDeviceModuleS2_ET1_T0_S4_S3_
                0x0000000000001b80        0x0 /usr/lib/gcc/x86_64-linux-gnu/7/../../../x86_64-linux-gnu/Scrt1.o
 .rela.text._ZSt13__copy_move_aILb1EPP13IDeviceModuleS2_ET1_T0_S4_S3_
                0x0000000000001b80        0x0 /usr/lib/gcc/x86_64-linux-gnu/7/../../../x86_64-linux-gnu/Scrt1.o
 .rela.text._ZN13IDeviceModuleC2Ev
                0x0000000000001b80        0x0 /usr/lib/gcc/x86_64-linux-gnu/7/../../../x86_64-linux-gnu/Scrt1.o
 .rela.text._ZN13IDeviceModuleD2Ev
                0x0000000000001b80        0x0 /usr/lib/gcc/x86_64-linux-gnu/7/../../../x86_64-linux-gnu/Scrt1.o
 .rela.text._ZN13IDeviceModuleD0Ev
                0x0000000000001b80        0x0 /usr/lib/gcc/x86_64-linux-gnu/7/../../../x86_64-linux-gnu/Scrt1.o
 .rela.text._ZN9MutexLockC2Ev
                0x0000000000001b80        0x0 /usr/lib/gcc/x86_64-linux-gnu/7/../../../x86_64-linux-gnu/Scrt1.o
 .rela.text._ZN9MutexLockD2Ev
                0x0000000000001b80        0x0 /usr/lib/gcc/x86_64-linux-gnu/7/../../../x86_64-linux-gnu/Scrt1.o
 .rela.text._ZN9MutexLockD0Ev
                0x0000000000001b80        0x0 /usr/lib/gcc/x86_64-linux-gnu/7/../../../x86_64-linux-gnu/Scrt1.o
 .rela.text._ZN14MutexLightLockC2Ev
                0x0000000000001b80        0x0 /usr/lib/gcc/x86_64-linux-gnu/7/../../../x86_64-linux-gnu/Scrt1.o
 .rela.text._ZN14MutexLightLockD2Ev
                0x0000000000001b80        0x0 /usr/lib/gcc/x86_64-linux-gnu/7/../../../x86_64-linux-gnu/Scrt1.o
 .rela.text._ZN14MutexLightLockD0Ev
                0x0000000000001b80        0x0 /usr/lib/gcc/x86_64-linux-gnu/7/../../../x86_64-linux-gnu/Scrt1.o
 .rela.text._ZN8ILoggingC2Ev
                0x0000000000001b80        0x0 /usr/lib/gcc/x86_64-linux-gnu/7/../../../x86_64-linux-gnu/Scrt1.o
 .rela.text._ZN8ILoggingD2Ev
                0x0000000000001b80        0x0 /usr/lib/gcc/x86_64-linux-gnu/7/../../../x86_64-linux-gnu/Scrt1.o
 .rela.text._ZN8ILoggingD0Ev
                0x0000000000001b80        0x0 /usr/lib/gcc/x86_64-linux-gnu/7/../../../x86_64-linux-gnu/Scrt1.o
 .rela.text._ZN12OperationLogD2Ev
                0x0000000000001b80        0x0 /usr/lib/gcc/x86_64-linux-gnu/7/../../../x86_64-linux-gnu/Scrt1.o
 .rela.text._ZN12OperationLogD0Ev
                0x0000000000001b80        0x0 /usr/lib/gcc/x86_64-linux-gnu/7/../../../x86_64-linux-gnu/Scrt1.o
 .rela.text._ZN8ErrorLogD2Ev
                0x0000000000001b80        0x0 /usr/lib/gcc/x86_64-linux-gnu/7/../../../x86_64-linux-gnu/Scrt1.o
 .rela.text._ZN8ErrorLogD0Ev
                0x0000000000001b80        0x0 /usr/lib/gcc/x86_64-linux-gnu/7/../../../x86_64-linux-gnu/Scrt1.o
 .rela.text._ZN8AlarmLogD2Ev
                0x0000000000001b80        0x0 /usr/lib/gcc/x86_64-linux-gnu/7/../../../x86_64-linux-gnu/Scrt1.o
 .rela.text._ZN8AlarmLogD0Ev
                0x0000000000001b80        0x0 /usr/lib/gcc/x86_64-linux-gnu/7/../../../x86_64-linux-gnu/Scrt1.o
 .rela.text._ZNSt6vectorI7LOGINFOSaIS0_EEC2Ev
                0x0000000000001b80        0x0 /usr/lib/gcc/x86_64-linux-gnu/7/../../../x86_64-linux-gnu/Scrt1.o
 .rela.text._ZNSt6vectorI7LOGINFOSaIS0_EED2Ev
                0x0000000000001b80        0x0 /usr/lib/gcc/x86_64-linux-gnu/7/../../../x86_64-linux-gnu/Scrt1.o
 .rela.text._ZNSt12_Vector_baseI7LOGINFOSaIS0_EE12_Vector_implD2Ev
                0x0000000000001b80        0x0 /usr/lib/gcc/x86_64-linux-gnu/7/../../../x86_64-linux-gnu/Scrt1.o
 .rela.text._ZNSt12_Vector_baseI7LOGINFOSaIS0_EEC2Ev
                0x0000000000001b80        0x0 /usr/lib/gcc/x86_64-linux-gnu/7/../../../x86_64-linux-gnu/Scrt1.o
 .rela.text._ZNSt12_Vector_baseI7LOGINFOSaIS0_EED2Ev
                0x0000000000001b80        0x0 /usr/lib/gcc/x86_64-linux-gnu/7/../../../x86_64-linux-gnu/Scrt1.o
 .rela.text._ZSt8_DestroyIP7LOGINFOS0_EvT_S2_RSaIT0_E
                0x0000000000001b80        0x0 /usr/lib/gcc/x86_64-linux-gnu/7/../../../x86_64-linux-gnu/Scrt1.o
 .rela.text._ZNSt12_Vector_baseI7LOGINFOSaIS0_EE12_Vector_implC2Ev
                0x0000000000001b80        0x0 /usr/lib/gcc/x86_64-linux-gnu/7/../../../x86_64-linux-gnu/Scrt1.o
 .rela.text._ZNSaI7LOGINFOED2Ev
                0x0000000000001b80        0x0 /usr/lib/gcc/x86_64-linux-gnu/7/../../../x86_64-linux-gnu/Scrt1.o
 .rela.text._ZNSt12_Vector_baseI7LOGINFOSaIS0_EE13_M_deallocateEPS0_m
                0x0000000000001b80        0x0 /usr/lib/gcc/x86_64-linux-gnu/7/../../../x86_64-linux-gnu/Scrt1.o
 .rela.text._ZSt8_DestroyIP7LOGINFOEvT_S2_
                0x0000000000001b80        0x0 /usr/lib/gcc/x86_64-linux-gnu/7/../../../x86_64-linux-gnu/Scrt1.o
 .rela.text._ZNSaI7LOGINFOEC2Ev
                0x0000000000001b80        0x0 /usr/lib/gcc/x86_64-linux-gnu/7/../../../x86_64-linux-gnu/Scrt1.o
 .rela.text._ZNSt16allocator_traitsISaI7LOGINFOEE10deallocateERS1_PS0_m
                0x0000000000001b80        0x0 /usr/lib/gcc/x86_64-linux-gnu/7/../../../x86_64-linux-gnu/Scrt1.o
 .rela.text._ZNSt12_Destroy_auxILb0EE9__destroyIP7LOGINFOEEvT_S4_
                0x0000000000001b80        0x0 /usr/lib/gcc/x86_64-linux-gnu/7/../../../x86_64-linux-gnu/Scrt1.o
 .rela.text._ZSt8_DestroyI7LOGINFOEvPT_
                0x0000000000001b80        0x0 /usr/lib/gcc/x86_64-linux-gnu/7/../../../x86_64-linux-gnu/Scrt1.o
 .rela.text._ZNSt6vectorIcSaIcEEC2Ev
                0x0000000000001b80        0x0 /usr/lib/gcc/x86_64-linux-gnu/7/../../../x86_64-linux-gnu/Scrt1.o
 .rela.text._ZNSt6vectorIcSaIcEED2Ev
                0x0000000000001b80        0x0 /usr/lib/gcc/x86_64-linux-gnu/7/../../../x86_64-linux-gnu/Scrt1.o
 .rela.text._ZNSt12_Vector_baseIcSaIcEEC2Ev
                0x0000000000001b80        0x0 /usr/lib/gcc/x86_64-linux-gnu/7/../../../x86_64-linux-gnu/Scrt1.o
 .rela.text._ZNSt12_Vector_baseIcSaIcEED2Ev
                0x0000000000001b80        0x0 /usr/lib/gcc/x86_64-linux-gnu/7/../../../x86_64-linux-gnu/Scrt1.o
 .rela.text._ZSt8_DestroyIPccEvT_S1_RSaIT0_E
                0x0000000000001b80        0x0 /usr/lib/gcc/x86_64-linux-gnu/7/../../../x86_64-linux-gnu/Scrt1.o
 .rela.text._ZNSt12_Vector_baseIcSaIcEE13_M_deallocateEPcm
                0x0000000000001b80        0x0 /usr/lib/gcc/x86_64-linux-gnu/7/../../../x86_64-linux-gnu/Scrt1.o
 .rela.text._ZSt8_DestroyIPcEvT_S1_
                0x0000000000001b80        0x0 /usr/lib/gcc/x86_64-linux-gnu/7/../../../x86_64-linux-gnu/Scrt1.o
 .rela.text._ZNSt16allocator_traitsISaIcEE10deallocateERS0_Pcm
                0x0000000000001b80        0x0 /usr/lib/gcc/x86_64-linux-gnu/7/../../../x86_64-linux-gnu/Scrt1.o
 .rela.text._ZN14INetworkDeviceC2Ev
                0x0000000000001b80        0x0 /usr/lib/gcc/x86_64-linux-gnu/7/../../../x86_64-linux-gnu/Scrt1.o
 .rela.text._ZN15IMessageProtocoC2Ev
                0x0000000000001b80        0x0 /usr/lib/gcc/x86_64-linux-gnu/7/../../../x86_64-linux-gnu/Scrt1.o
 .rela.text._ZN15IMessageProtocoD2Ev
                0x0000000000001b80        0x0 /usr/lib/gcc/x86_64-linux-gnu/7/../../../x86_64-linux-gnu/Scrt1.o
 .rela.text._ZN15IMessageProtocoD0Ev
                0x0000000000001b80        0x0 /usr/lib/gcc/x86_64-linux-gnu/7/../../../x86_64-linux-gnu/Scrt1.o
 *(.rela.fini)
 *(.rela.rodata .rela.rodata.* .rela.gnu.linkonce.r.*)
 *(.rela.data .rela.data.* .rela.gnu.linkonce.d.*)
 .rela.data.rel.ro
                0x0000000000001b80        0x0 /usr/lib/gcc/x86_64-linux-gnu/7/../../../x86_64-linux-gnu/Scrt1.o
 .rela.data.rel.local
                0x0000000000001b80       0x18 /usr/lib/gcc/x86_64-linux-gnu/7/../../../x86_64-linux-gnu/Scrt1.o
 .rela.data.rel.ro._ZTV12AlarmManager
                0x0000000000001b98       0xc0 /usr/lib/gcc/x86_64-linux-gnu/7/../../../x86_64-linux-gnu/Scrt1.o
 .rela.data.rel.ro._ZTI12AlarmManager
                0x0000000000001c58       0x48 /usr/lib/gcc/x86_64-linux-gnu/7/../../../x86_64-linux-gnu/Scrt1.o
 .rela.data.rel.local.DW.ref.__gxx_personality_v0
                0x0000000000001ca0       0x18 /usr/lib/gcc/x86_64-linux-gnu/7/../../../x86_64-linux-gnu/Scrt1.o
 .rela.data.rel.ro.local._ZTV9AlarmItem
                0x0000000000001cb8       0x48 /usr/lib/gcc/x86_64-linux-gnu/7/../../../x86_64-linux-gnu/Scrt1.o
 .rela.data.rel.ro._ZTI9AlarmItem
                0x0000000000001d00       0x30 /usr/lib/gcc/x86_64-linux-gnu/7/../../../x86_64-linux-gnu/Scrt1.o
 .rela.data.rel.ro._ZTV17OperationInstance
                0x0000000000001d30      0x150 /usr/lib/gcc/x86_64-linux-gnu/7/../../../x86_64-linux-gnu/Scrt1.o
 .rela.data.rel.ro._ZTV12IBMOperation
                0x0000000000001e80       0x48 /usr/lib/gcc/x86_64-linux-gnu/7/../../../x86_64-linux-gnu/Scrt1.o
 .rela.data.rel.ro._ZTI17OperationInstance
                0x0000000000001ec8       0x60 /usr/lib/gcc/x86_64-linux-gnu/7/../../../x86_64-linux-gnu/Scrt1.o
 .rela.data.rel.ro._ZTI12IBMOperation
                0x0000000000001f28       0x30 /usr/lib/gcc/x86_64-linux-gnu/7/../../../x86_64-linux-gnu/Scrt1.o
 .rela.data.rel.ro.local._ZTV3SO2
                0x0000000000001f58       0xc0 /usr/lib/gcc/x86_64-linux-gnu/7/../../../x86_64-linux-gnu/Scrt1.o
 .rela.data.rel.ro._ZTV11IDataStream
                0x0000000000002018       0x90 /usr/lib/gcc/x86_64-linux-gnu/7/../../../x86_64-linux-gnu/Scrt1.o
 .rela.data.rel.ro._ZTI3SO2
                0x00000000000020a8       0x48 /usr/lib/gcc/x86_64-linux-gnu/7/../../../x86_64-linux-gnu/Scrt1.o
 .rela.data.rel.ro._ZTI11IDataStream
                0x00000000000020f0       0x30 /usr/lib/gcc/x86_64-linux-gnu/7/../../../x86_64-linux-gnu/Scrt1.o
 .rela.data.rel.ro.local._ZTV4SPO2
                0x0000000000002120       0xc0 /usr/lib/gcc/x86_64-linux-gnu/7/../../../x86_64-linux-gnu/Scrt1.o
 .rela.data.rel.ro._ZTI4SPO2
                0x00000000000021e0       0x48 /usr/lib/gcc/x86_64-linux-gnu/7/../../../x86_64-linux-gnu/Scrt1.o
 .rela.data.rel.ro.local._ZTV2PH
                0x0000000000002228       0xc0 /usr/lib/gcc/x86_64-linux-gnu/7/../../../x86_64-linux-gnu/Scrt1.o
 .rela.data.rel.ro._ZTI2PH
                0x00000000000022e8       0x48 /usr/lib/gcc/x86_64-linux-gnu/7/../../../x86_64-linux-gnu/Scrt1.o
 .rela.data.rel.ro.local._ZTV3HCT
                0x0000000000002330       0xc0 /usr/lib/gcc/x86_64-linux-gnu/7/../../../x86_64-linux-gnu/Scrt1.o
 .rela.data.rel.ro._ZTI3HCT
                0x00000000000023f0       0x48 /usr/lib/gcc/x86_64-linux-gnu/7/../../../x86_64-linux-gnu/Scrt1.o
 .rela.data.rel.ro.local._ZTV4Temp
                0x0000000000002438       0xc0 /usr/lib/gcc/x86_64-linux-gnu/7/../../../x86_64-linux-gnu/Scrt1.o
 .rela.data.rel.ro._ZTI4Temp
                0x00000000000024f8       0x48 /usr/lib/gcc/x86_64-linux-gnu/7/../../../x86_64-linux-gnu/Scrt1.o
 .rela.data.rel.ro.local._ZTV5KPlus
                0x0000000000002540       0xc0 /usr/lib/gcc/x86_64-linux-gnu/7/../../../x86_64-linux-gnu/Scrt1.o
 .rela.data.rel.ro._ZTI5KPlus
                0x0000000000002600       0x48 /usr/lib/gcc/x86_64-linux-gnu/7/../../../x86_64-linux-gnu/Scrt1.o
 .rela.data.rel.ro.local._ZTV5SPCO2
                0x0000000000002648       0xc0 /usr/lib/gcc/x86_64-linux-gnu/7/../../../x86_64-linux-gnu/Scrt1.o
 .rela.data.rel.ro._ZTI5SPCO2
                0x0000000000002708       0x48 /usr/lib/gcc/x86_64-linux-gnu/7/../../../x86_64-linux-gnu/Scrt1.o
 .rela.data.rel.ro._ZTV10UartThread
                0x0000000000002750       0xc0 /usr/lib/gcc/x86_64-linux-gnu/7/../../../x86_64-linux-gnu/Scrt1.o
 .rela.data.rel.ro._ZTI10UartThread
                0x0000000000002810       0x48 /usr/lib/gcc/x86_64-linux-gnu/7/../../../x86_64-linux-gnu/Scrt1.o
 .rela.data.rel.ro._ZTV15FrontEndManager
                0x0000000000002858       0xc0 /usr/lib/gcc/x86_64-linux-gnu/7/../../../x86_64-linux-gnu/Scrt1.o
 .rela.data.rel.ro._ZTI15FrontEndManager
                0x0000000000002918       0x48 /usr/lib/gcc/x86_64-linux-gnu/7/../../../x86_64-linux-gnu/Scrt1.o
 .rela.data.rel.ro.local._ZTV15ParameterModule
                0x0000000000002960       0xd8 /usr/lib/gcc/x86_64-linux-gnu/7/../../../x86_64-linux-gnu/Scrt1.o
 .rela.data.rel.ro._ZTV13IDeviceModule
                0x0000000000002a38       0xa8 /usr/lib/gcc/x86_64-linux-gnu/7/../../../x86_64-linux-gnu/Scrt1.o
 .rela.data.rel.ro._ZTI15ParameterModule
                0x0000000000002ae0       0x48 /usr/lib/gcc/x86_64-linux-gnu/7/../../../x86_64-linux-gnu/Scrt1.o
 .rela.data.rel.ro._ZTI13IDeviceModule
                0x0000000000002b28       0x30 /usr/lib/gcc/x86_64-linux-gnu/7/../../../x86_64-linux-gnu/Scrt1.o
 .rela.data.rel.ro.local._ZTV8COModule
                0x0000000000002b58       0xd8 /usr/lib/gcc/x86_64-linux-gnu/7/../../../x86_64-linux-gnu/Scrt1.o
 .rela.data.rel.ro._ZTI8COModule
                0x0000000000002c30       0x48 /usr/lib/gcc/x86_64-linux-gnu/7/../../../x86_64-linux-gnu/Scrt1.o
 .rela.data.rel.ro.local._ZTV4Uart
                0x0000000000002c78       0x48 /usr/lib/gcc/x86_64-linux-gnu/7/../../../x86_64-linux-gnu/Scrt1.o
 .rela.data.rel.ro._ZTI4Uart
                0x0000000000002cc0       0x30 /usr/lib/gcc/x86_64-linux-gnu/7/../../../x86_64-linux-gnu/Scrt1.o
 .rela.data.rel.ro.local._ZTV17AlarmLimitSetting
                0x0000000000002cf0       0x48 /usr/lib/gcc/x86_64-linux-gnu/7/../../../x86_64-linux-gnu/Scrt1.o
 .rela.data.rel.ro._ZTI17AlarmLimitSetting
                0x0000000000002d38       0x30 /usr/lib/gcc/x86_64-linux-gnu/7/../../../x86_64-linux-gnu/Scrt1.o
 .rela.data.rel.ro.local._ZTV14SettingManager
                0x0000000000002d68       0x48 /usr/lib/gcc/x86_64-linux-gnu/7/../../../x86_64-linux-gnu/Scrt1.o
 .rela.data.rel.ro._ZTI14SettingManager
                0x0000000000002db0       0x30 /usr/lib/gcc/x86_64-linux-gnu/7/../../../x86_64-linux-gnu/Scrt1.o
 .rela.data.rel.ro._ZTV10WorkThread
                0x0000000000002de0       0x90 /usr/lib/gcc/x86_64-linux-gnu/7/../../../x86_64-linux-gnu/Scrt1.o
 .rela.data.rel.ro.local._ZTV14MutexLightLock
                0x0000000000002e70       0x90 /usr/lib/gcc/x86_64-linux-gnu/7/../../../x86_64-linux-gnu/Scrt1.o
 .rela.data.rel.ro._ZTV9MutexLock
                0x0000000000002f00       0x60 /usr/lib/gcc/x86_64-linux-gnu/7/../../../x86_64-linux-gnu/Scrt1.o
 .rela.data.rel.ro._ZTI10WorkThread
                0x0000000000002f60       0x30 /usr/lib/gcc/x86_64-linux-gnu/7/../../../x86_64-linux-gnu/Scrt1.o
 .rela.data.rel.ro._ZTI14MutexLightLock
                0x0000000000002f90       0x48 /usr/lib/gcc/x86_64-linux-gnu/7/../../../x86_64-linux-gnu/Scrt1.o
 .rela.data.rel.ro._ZTI9MutexLock
                0x0000000000002fd8       0x30 /usr/lib/gcc/x86_64-linux-gnu/7/../../../x86_64-linux-gnu/Scrt1.o
 .rela.data.rel.ro.local._ZTV12SafeSemphore
                0x0000000000003008       0x48 /usr/lib/gcc/x86_64-linux-gnu/7/../../../x86_64-linux-gnu/Scrt1.o
 .rela.data.rel.ro._ZTI12SafeSemphore
                0x0000000000003050       0x30 /usr/lib/gcc/x86_64-linux-gnu/7/../../../x86_64-linux-gnu/Scrt1.o
 .rela.data.rel.ro.local._ZTV8AlarmLog
                0x0000000000003080       0x78 /usr/lib/gcc/x86_64-linux-gnu/7/../../../x86_64-linux-gnu/Scrt1.o
 .rela.data.rel.ro.local._ZTV8ErrorLog
                0x00000000000030f8       0x78 /usr/lib/gcc/x86_64-linux-gnu/7/../../../x86_64-linux-gnu/Scrt1.o
 .rela.data.rel.ro.local._ZTV12OperationLog
                0x0000000000003170       0x78 /usr/lib/gcc/x86_64-linux-gnu/7/../../../x86_64-linux-gnu/Scrt1.o
 .rela.data.rel.ro._ZTV8ILogging
                0x00000000000031e8       0x48 /usr/lib/gcc/x86_64-linux-gnu/7/../../../x86_64-linux-gnu/Scrt1.o
 .rela.data.rel.ro._ZTI8AlarmLog
                0x0000000000003230       0x48 /usr/lib/gcc/x86_64-linux-gnu/7/../../../x86_64-linux-gnu/Scrt1.o
 .rela.data.rel.ro._ZTI8ErrorLog
                0x0000000000003278       0x48 /usr/lib/gcc/x86_64-linux-gnu/7/../../../x86_64-linux-gnu/Scrt1.o
 .rela.data.rel.ro._ZTI12OperationLog
                0x00000000000032c0       0x48 /usr/lib/gcc/x86_64-linux-gnu/7/../../../x86_64-linux-gnu/Scrt1.o
 .rela.data.rel.ro._ZTI8ILogging
                0x0000000000003308       0x30 /usr/lib/gcc/x86_64-linux-gnu/7/../../../x86_64-linux-gnu/Scrt1.o
 .rela.data.rel.ro.local._ZTV14MicroportMutex
                0x0000000000003338       0x48 /usr/lib/gcc/x86_64-linux-gnu/7/../../../x86_64-linux-gnu/Scrt1.o
 .rela.data.rel.ro.local._ZTV8AutoLock
                0x0000000000003380       0x48 /usr/lib/gcc/x86_64-linux-gnu/7/../../../x86_64-linux-gnu/Scrt1.o
 .rela.data.rel.ro.local._ZTV14MutexHeavyLock
                0x00000000000033c8       0x90 /usr/lib/gcc/x86_64-linux-gnu/7/../../../x86_64-linux-gnu/Scrt1.o
 .rela.data.rel.ro._ZTI14MicroportMutex
                0x0000000000003458       0x30 /usr/lib/gcc/x86_64-linux-gnu/7/../../../x86_64-linux-gnu/Scrt1.o
 .rela.data.rel.ro._ZTI8AutoLock
                0x0000000000003488       0x30 /usr/lib/gcc/x86_64-linux-gnu/7/../../../x86_64-linux-gnu/Scrt1.o
 .rela.data.rel.ro._ZTI14MutexHeavyLock
                0x00000000000034b8       0x48 /usr/lib/gcc/x86_64-linux-gnu/7/../../../x86_64-linux-gnu/Scrt1.o
 .rela.data.rel.ro._ZTV14NetWorkManager
                0x0000000000003500       0xc0 /usr/lib/gcc/x86_64-linux-gnu/7/../../../x86_64-linux-gnu/Scrt1.o
 .rela.data.rel.ro._ZTI14NetWorkManager
                0x00000000000035c0       0x48 /usr/lib/gcc/x86_64-linux-gnu/7/../../../x86_64-linux-gnu/Scrt1.o
 .rela.data.rel.ro.local._ZTV10WLanDevice
                0x0000000000003608       0xd8 /usr/lib/gcc/x86_64-linux-gnu/7/../../../x86_64-linux-gnu/Scrt1.o
 .rela.data.rel.ro._ZTV14INetworkDevice
                0x00000000000036e0       0xa8 /usr/lib/gcc/x86_64-linux-gnu/7/../../../x86_64-linux-gnu/Scrt1.o
 .rela.data.rel.ro._ZTI10WLanDevice
                0x0000000000003788       0x48 /usr/lib/gcc/x86_64-linux-gnu/7/../../../x86_64-linux-gnu/Scrt1.o
 .rela.data.rel.ro._ZTI14INetworkDevice
                0x00000000000037d0       0x30 /usr/lib/gcc/x86_64-linux-gnu/7/../../../x86_64-linux-gnu/Scrt1.o
 .rela.data.rel.ro.local._ZTV9LanDevice
                0x0000000000003800       0xd8 /usr/lib/gcc/x86_64-linux-gnu/7/../../../x86_64-linux-gnu/Scrt1.o
 .rela.data.rel.ro._ZTI9LanDevice
                0x00000000000038d8       0x48 /usr/lib/gcc/x86_64-linux-gnu/7/../../../x86_64-linux-gnu/Scrt1.o
 .rela.data.rel.ro.local._ZTV28CentralMonitorSystemProtocol
                0x0000000000003920       0x78 /usr/lib/gcc/x86_64-linux-gnu/7/../../../x86_64-linux-gnu/Scrt1.o
 .rela.data.rel.ro._ZTV15IMessageProtoco
                0x0000000000003998       0x48 /usr/lib/gcc/x86_64-linux-gnu/7/../../../x86_64-linux-gnu/Scrt1.o
 .rela.data.rel.ro._ZTI28CentralMonitorSystemProtocol
                0x00000000000039e0       0x48 /usr/lib/gcc/x86_64-linux-gnu/7/../../../x86_64-linux-gnu/Scrt1.o
 .rela.data.rel.ro._ZTI15IMessageProtoco
                0x0000000000003a28       0x30 /usr/lib/gcc/x86_64-linux-gnu/7/../../../x86_64-linux-gnu/Scrt1.o
 *(.rela.tdata .rela.tdata.* .rela.gnu.linkonce.td.*)
 *(.rela.tbss .rela.tbss.* .rela.gnu.linkonce.tb.*)
 *(.rela.ctors)
 *(.rela.dtors)
 *(.rela.got)
 .rela.got      0x0000000000003a58       0xa8 /usr/lib/gcc/x86_64-linux-gnu/7/../../../x86_64-linux-gnu/Scrt1.o
 *(.rela.bss .rela.bss.* .rela.gnu.linkonce.b.*)
 .rela.bss      0x0000000000003b00       0x30 /usr/lib/gcc/x86_64-linux-gnu/7/../../../x86_64-linux-gnu/Scrt1.o
 *(.rela.ldata .rela.ldata.* .rela.gnu.linkonce.l.*)
 *(.rela.lbss .rela.lbss.* .rela.gnu.linkonce.lb.*)
 *(.rela.lrodata .rela.lrodata.* .rela.gnu.linkonce.lr.*)
 *(.rela.ifunc)
 .rela.ifunc    0x0000000000003b30        0x0 /usr/lib/gcc/x86_64-linux-gnu/7/../../../x86_64-linux-gnu/Scrt1.o
 .rela.fini_array
                0x0000000000003b30       0x18 /usr/lib/gcc/x86_64-linux-gnu/7/../../../x86_64-linux-gnu/Scrt1.o
 .rela.init_array
                0x0000000000003b48      0x138 /usr/lib/gcc/x86_64-linux-gnu/7/../../../x86_64-linux-gnu/Scrt1.o
 .rela.eh_frame
                0x0000000000003c80        0x0 /usr/lib/gcc/x86_64-linux-gnu/7/../../../x86_64-linux-gnu/Scrt1.o

.rela.plt       0x0000000000003c80      0xa68
 *(.rela.plt)
 .rela.plt      0x0000000000003c80      0xa68 /usr/lib/gcc/x86_64-linux-gnu/7/../../../x86_64-linux-gnu/Scrt1.o
                [!provide]                        PROVIDE (__rela_iplt_start = .)
 *(.rela.iplt)
                [!provide]                        PROVIDE (__rela_iplt_end = .)

.init           0x00000000000046e8       0x17
 *(SORT_NONE(.init))
 .init          0x00000000000046e8       0x12 /usr/lib/gcc/x86_64-linux-gnu/7/../../../x86_64-linux-gnu/crti.o
                0x00000000000046e8                _init
 .init          0x00000000000046fa        0x5 /usr/lib/gcc/x86_64-linux-gnu/7/../../../x86_64-linux-gnu/crtn.o

.plt            0x0000000000004700      0x700
 *(.plt)
 .plt           0x0000000000004700      0x700 /usr/lib/gcc/x86_64-linux-gnu/7/../../../x86_64-linux-gnu/Scrt1.o
 *(.iplt)

.plt.got        0x0000000000004e00        0x8
 *(.plt.got)
 .plt.got       0x0000000000004e00        0x8 /usr/lib/gcc/x86_64-linux-gnu/7/../../../x86_64-linux-gnu/Scrt1.o

.plt.sec
 *(.plt.sec)

.text           0x0000000000004e10     0xead2
 *(.text.unlikely .text.*_unlikely .text.unlikely.*)
 *(.text.exit .text.exit.*)
 *(.text.startup .text.startup.*)
 *(.text.hot .text.hot.*)
 *(.text .stub .text.* .gnu.linkonce.t.*)
 .text          0x0000000000004e10       0x2b /usr/lib/gcc/x86_64-linux-gnu/7/../../../x86_64-linux-gnu/Scrt1.o
                0x0000000000004e10                _start
 .text          0x0000000000004e3b        0x0 /usr/lib/gcc/x86_64-linux-gnu/7/../../../x86_64-linux-gnu/crti.o
 *fill*         0x0000000000004e3b        0x5 
 .text          0x0000000000004e40       0xda /usr/lib/gcc/x86_64-linux-gnu/7/crtbeginS.o
 .text          0x0000000000004f1a        0x0 AlarmManager/VoiceLib.o
 .text          0x0000000000004f1a      0x197 AlarmManager/AlarmManager.o
                0x0000000000004f1a                AlarmManager::AlarmManager()
                0x0000000000004f1a                AlarmManager::AlarmManager()
                0x0000000000004f50                AlarmManager::~AlarmManager()
                0x0000000000004f50                AlarmManager::~AlarmManager()
                0x0000000000004f7a                AlarmManager::~AlarmManager()
                0x0000000000004fa0                AlarmManager::run()
                0x0000000000004ff4                AlarmManager::manageAlarm()
                0x0000000000005000                AlarmManager::getInstance()
 *fill*         0x00000000000050b1        0x1 
 .text          0x00000000000050b2      0x7b4 AlarmManager/AudioWaveParser.o
                0x00000000000050b2                AudioWaveParser::AudioWaveParser()
                0x00000000000050b2                AudioWaveParser::AudioWaveParser()
                0x00000000000050f8                AudioWaveParser::~AudioWaveParser()
                0x00000000000050f8                AudioWaveParser::~AudioWaveParser()
                0x0000000000005136                AudioWaveParser::setFile(char*)
                0x000000000000518e                AudioWaveParser::readRiff()
                0x00000000000052c8                AudioWaveParser::readFmt()
                0x00000000000053a6                AudioWaveParser::readWave()
                0x000000000000550e                AudioWaveParser::readDataChunk()
                0x00000000000055e8                AudioWaveParser::loadData()
                0x000000000000568a                AudioWaveParser::parseFile()
                0x000000000000576a                AudioWaveParser::getData(char*, int)
 .text          0x0000000000005866     0x1895 AlarmManager/AlarmDispatch.o
                0x0000000000005866                AlarmDispatch::AlarmDispatch()
                0x0000000000005866                AlarmDispatch::AlarmDispatch()
                0x00000000000058a6                AlarmDispatch::~AlarmDispatch()
                0x00000000000058a6                AlarmDispatch::~AlarmDispatch()
                0x000000000000595e                AlarmDispatch::addAlarm(tagAlarm)
                0x0000000000005dda                AlarmDispatch::removeAlarm(short, AlarmId, bool)
                0x0000000000006048                AlarmDispatch::deleteObsolete()
                0x00000000000062b6                AlarmDispatch::reset()
                0x00000000000063d4                AlarmDispatch::isAlarmExist(short, AlarmId)
                0x0000000000006516                AlarmDispatch::getHighestAlarmPri(short&, short&, short&)
                0x000000000000675e                AlarmDispatch::getAlarms(short, AlarmPriority, std::vector<AlarmItem, std::allocator<AlarmItem> >&)
                0x000000000000688c                AlarmDispatch::getAlarms(AlarmPriority, std::vector<AlarmItem, std::allocator<AlarmItem> >&)
                0x0000000000006934                AlarmDispatch::getAlarms(std::vector<AlarmItem, std::allocator<AlarmItem> >&)
                0x0000000000006978                AlarmDispatch::getAlarmInfo(short, AlarmId, tagAlarm&)
                0x0000000000006aea                AlarmDispatch::isChannelExisted(short)
                0x0000000000006b6c                AlarmDispatch::clearLatchedAlarm()
                0x0000000000006d20                AlarmDispatch::clearSingleValueAlarms()
                0x0000000000006d2c                AlarmDispatch::clearInopAlarms()
                0x0000000000006d38                AlarmDispatch::removeMuteTechAlarm(short, AlarmId)
                0x0000000000006e54                AlarmDispatch::clearAllMuteTechAlarms()
                0x0000000000006e74                AlarmDispatch::insertMuteTechAlarm(short, AlarmId)
                0x0000000000006e88                AlarmDispatch::isMuteTechAlarmExist(short, AlarmId)
                0x0000000000006f24                AlarmDispatch::isMuteTechAlarm(AlarmId)
                0x0000000000006f32                AlarmDispatch::isVisualOnlyAlarm(AlarmId)
                0x0000000000006f44                AlarmDispatch::setAcknowledged(bool)
                0x0000000000007062                AlarmDispatch::isPhysicalAlarmExisted()
                0x0000000000007072                AlarmDispatch::setNewPatient()
                0x000000000000707e                AlarmDispatch::getAlarmGenerateTickCout(short, AlarmId)
 .text._ZnwmPv  0x00000000000070fb       0x12 AlarmManager/AlarmDispatch.o
                0x00000000000070fb                operator new(unsigned long, void*)
 .text._ZdlPvS_
                0x000000000000710d        0xf AlarmManager/AlarmDispatch.o
                0x000000000000710d                operator delete(void*, void*)
 .text._ZNSt15_Rb_tree_headerC2Ev
                0x000000000000711c       0x25 AlarmManager/AlarmDispatch.o
                0x000000000000711c                std::_Rb_tree_header::_Rb_tree_header()
                0x000000000000711c                std::_Rb_tree_header::_Rb_tree_header()
 *fill*         0x0000000000007141        0x1 
 .text._ZNSt15_Rb_tree_header8_M_resetEv
                0x0000000000007142       0x3b AlarmManager/AlarmDispatch.o
                0x0000000000007142                std::_Rb_tree_header::_M_reset()
 *fill*         0x000000000000717d        0x1 
 .text._ZNSt8_Rb_treeIsSt4pairIKsNSt7__cxx114listI9AlarmItemSaIS4_EEEESt10_Select1stIS7_ESt4lessIsESaIS7_EE13_Rb_tree_implISB_Lb1EEC2Ev
                0x000000000000717e       0x37 AlarmManager/AlarmDispatch.o
                0x000000000000717e                std::_Rb_tree<short, std::pair<short const, std::__cxx11::list<AlarmItem, std::allocator<AlarmItem> > >, std::_Select1st<std::pair<short const, std::__cxx11::list<AlarmItem, std::allocator<AlarmItem> > > >, std::less<short>, std::allocator<std::pair<short const, std::__cxx11::list<AlarmItem, std::allocator<AlarmItem> > > > >::_Rb_tree_impl<std::less<short>, true>::_Rb_tree_impl()
                0x000000000000717e                std::_Rb_tree<short, std::pair<short const, std::__cxx11::list<AlarmItem, std::allocator<AlarmItem> > >, std::_Select1st<std::pair<short const, std::__cxx11::list<AlarmItem, std::allocator<AlarmItem> > > >, std::less<short>, std::allocator<std::pair<short const, std::__cxx11::list<AlarmItem, std::allocator<AlarmItem> > > > >::_Rb_tree_impl<std::less<short>, true>::_Rb_tree_impl()
 *fill*         0x00000000000071b5        0x1 
 .text._ZNSt8_Rb_treeIsSt4pairIKsNSt7__cxx114listI9AlarmItemSaIS4_EEEESt10_Select1stIS7_ESt4lessIsESaIS7_EE13_Rb_tree_implISB_Lb1EED2Ev
                0x00000000000071b6       0x1b AlarmManager/AlarmDispatch.o
                0x00000000000071b6                std::_Rb_tree<short, std::pair<short const, std::__cxx11::list<AlarmItem, std::allocator<AlarmItem> > >, std::_Select1st<std::pair<short const, std::__cxx11::list<AlarmItem, std::allocator<AlarmItem> > > >, std::less<short>, std::allocator<std::pair<short const, std::__cxx11::list<AlarmItem, std::allocator<AlarmItem> > > > >::_Rb_tree_impl<std::less<short>, true>::~_Rb_tree_impl()
                0x00000000000071b6                std::_Rb_tree<short, std::pair<short const, std::__cxx11::list<AlarmItem, std::allocator<AlarmItem> > >, std::_Select1st<std::pair<short const, std::__cxx11::list<AlarmItem, std::allocator<AlarmItem> > > >, std::less<short>, std::allocator<std::pair<short const, std::__cxx11::list<AlarmItem, std::allocator<AlarmItem> > > > >::_Rb_tree_impl<std::less<short>, true>::~_Rb_tree_impl()
 *fill*         0x00000000000071d1        0x1 
 .text._ZNSt8_Rb_treeIsSt4pairIKsNSt7__cxx114listI9AlarmItemSaIS4_EEEESt10_Select1stIS7_ESt4lessIsESaIS7_EEC2Ev
                0x00000000000071d2       0x1b AlarmManager/AlarmDispatch.o
                0x00000000000071d2                std::_Rb_tree<short, std::pair<short const, std::__cxx11::list<AlarmItem, std::allocator<AlarmItem> > >, std::_Select1st<std::pair<short const, std::__cxx11::list<AlarmItem, std::allocator<AlarmItem> > > >, std::less<short>, std::allocator<std::pair<short const, std::__cxx11::list<AlarmItem, std::allocator<AlarmItem> > > > >::_Rb_tree()
                0x00000000000071d2                std::_Rb_tree<short, std::pair<short const, std::__cxx11::list<AlarmItem, std::allocator<AlarmItem> > >, std::_Select1st<std::pair<short const, std::__cxx11::list<AlarmItem, std::allocator<AlarmItem> > > >, std::less<short>, std::allocator<std::pair<short const, std::__cxx11::list<AlarmItem, std::allocator<AlarmItem> > > > >::_Rb_tree()
 *fill*         0x00000000000071ed        0x1 
 .text._ZNSt3mapIsNSt7__cxx114listI9AlarmItemSaIS2_EEESt4lessIsESaISt4pairIKsS4_EEEC2Ev
                0x00000000000071ee       0x1b AlarmManager/AlarmDispatch.o
                0x00000000000071ee                std::map<short, std::__cxx11::list<AlarmItem, std::allocator<AlarmItem> >, std::less<short>, std::allocator<std::pair<short const, std::__cxx11::list<AlarmItem, std::allocator<AlarmItem> > > > >::map()
                0x00000000000071ee                std::map<short, std::__cxx11::list<AlarmItem, std::allocator<AlarmItem> >, std::less<short>, std::allocator<std::pair<short const, std::__cxx11::list<AlarmItem, std::allocator<AlarmItem> > > > >::map()
 *fill*         0x0000000000007209        0x1 
 .text._ZNSt3mapIsNSt7__cxx114listI9AlarmItemSaIS2_EEESt4lessIsESaISt4pairIKsS4_EEED2Ev
                0x000000000000720a       0x1b AlarmManager/AlarmDispatch.o
                0x000000000000720a                std::map<short, std::__cxx11::list<AlarmItem, std::allocator<AlarmItem> >, std::less<short>, std::allocator<std::pair<short const, std::__cxx11::list<AlarmItem, std::allocator<AlarmItem> > > > >::~map()
                0x000000000000720a                std::map<short, std::__cxx11::list<AlarmItem, std::allocator<AlarmItem> >, std::less<short>, std::allocator<std::pair<short const, std::__cxx11::list<AlarmItem, std::allocator<AlarmItem> > > > >::~map()
 *fill*         0x0000000000007225        0x1 
 .text._ZNSt7__cxx114listI9AlarmItemSaIS1_EED2Ev