Archive member included to satisfy reference by file (symbol)

/usr/lib/x86_64-linux-gnu/libc_nonshared.a(elf-init.oS)
                              /usr/lib/gcc/x86_64-linux-gnu/7/../../../x86_64-linux-gnu/Scrt1.o (__libc_csu_init)

As-needed library included to satisfy reference by file (symbol)

libpthread.so.0               FrontEnd/Uart.o (write@@GLIBC_2.2.5)
libstdc++.so.6                SettingManager/Patient.o (std::__cxx11::basic_string<char, std::char_traits<char>, std::allocator<char> >::operator=(char const*)@@GLIBCXX_3.4.21)
libgcc_s.so.1                 AlarmManager/AlarmManager.o (_Unwind_Resume@@GCC_3.0)
libc.so.6                     UtilityComponent/WorkThread.o (sched_get_priority_min@@GLIBC_2.2.5)

Discarded input sections

 .note.GNU-stack
                0x0000000000000000        0x0 /usr/lib/gcc/x86_64-linux-gnu/7/../../../x86_64-linux-gnu/Scrt1.o
 .note.GNU-stack
                0x0000000000000000        0x0 /usr/lib/gcc/x86_64-linux-gnu/7/../../../x86_64-linux-gnu/crti.o
 .note.GNU-stack
                0x0000000000000000        0x0 /usr/lib/gcc/x86_64-linux-gnu/7/crtbeginS.o
 .note.GNU-stack
                0x0000000000000000        0x0 AlarmManager/VoiceLib.o
 .group         0x0000000000000000        0xc AlarmManager/AlarmManager.o
 .group         0x0000000000000000        0xc AlarmManager/AlarmManager.o
 .group         0x0000000000000000        0x8 AlarmManager/AlarmManager.o
 .group         0x0000000000000000        0xc AlarmManager/AlarmManager.o
 .note.GNU-stack
                0x0000000000000000        0x0 AlarmManager/AlarmManager.o
 .note.GNU-stack
                0x0000000000000000        0x0 AlarmManager/AudioWaveParser.o
 .group         0x0000000000000000        0x8 AlarmManager/AlarmDispatch.o
 .group         0x0000000000000000        0x8 AlarmManager/AlarmDispatch.o
 .group         0x0000000000000000        0xc AlarmManager/AlarmDispatch.o
 .group         0x0000000000000000        0x8 AlarmManager/AlarmDispatch.o
 .group         0x0000000000000000        0xc AlarmManager/AlarmDispatch.o
 .group         0x0000000000000000        0xc AlarmManager/AlarmDispatch.o
 .group         0x0000000000000000        0xc AlarmManager/AlarmDispatch.o
 .group         0x0000000000000000        0xc AlarmManager/AlarmDispatch.o
 .group         0x0000000000000000        0xc AlarmManager/AlarmDispatch.o
 .group         0x0000000000000000        0xc AlarmManager/AlarmDispatch.o
 .group         0x0000000000000000        0xc AlarmManager/AlarmDispatch.o
 .group         0x0000000000000000        0xc AlarmManager/AlarmDispatch.o
 .group         0x0000000000000000        0xc AlarmManager/AlarmDispatch.o
 .group         0x0000000000000000        0x8 AlarmManager/AlarmDispatch.o
 .group         0x0000000000000000        0xc AlarmManager/AlarmDispatch.o
 .group         0x0000000000000000        0xc AlarmManager/AlarmDispatch.o
 .group         0x0000000000000000        0xc AlarmManager/AlarmDispatch.o
 .group         0x0000000000000000        0xc AlarmManager/AlarmDispatch.o
 .group         0x0000000000000000        0xc AlarmManager/AlarmDispatch.o
 .group         0x0000000000000000        0xc AlarmManager/AlarmDispatch.o
 .group         0x0000000000000000        0x8 AlarmManager/AlarmDispatch.o
 .group         0x0000000000000000        0xc AlarmManager/AlarmDispatch.o
 .group         0x0000000000000000        0xc AlarmManager/AlarmDispatch.o
 .group         0x0000000000000000        0xc AlarmManager/AlarmDispatch.o
 .group         0x0000000000000000        0xc AlarmManager/AlarmDispatch.o
 .group         0x0000000000000000        0x8 AlarmManager/AlarmDispatch.o
 .group         0x0000000000000000        0xc AlarmManager/AlarmDispatch.o
 .group         0x0000000000000000        0xc AlarmManager/AlarmDispatch.o
 .group         0x0000000000000000        0xc AlarmManager/AlarmDispatch.o
 .group         0x0000000000000000        0xc AlarmManager/AlarmDispatch.o
 .group         0x0000000000000000        0x8 AlarmManager/AlarmDispatch.o
 .group         0x0000000000000000        0xc AlarmManager/AlarmDispatch.o
 .group         0x0000000000000000        0x8 AlarmManager/AlarmDispatch.o
 .group         0x0000000000000000        0xc AlarmManager/AlarmDispatch.o
 .group         0x0000000000000000        0xc AlarmManager/AlarmDispatch.o
 .group         0x0000000000000000        0xc AlarmManager/AlarmDispatch.o
 .group         0x0000000000000000        0x8 AlarmManager/AlarmDispatch.o
 .group         0x0000000000000000        0xc AlarmManager/AlarmDispatch.o
 .group         0x0000000000000000        0xc AlarmManager/AlarmDispatch.o
 .group         0x0000000000000000        0xc AlarmManager/AlarmDispatch.o
 .group         0x0000000000000000        0x8 AlarmManager/AlarmDispatch.o
 .group         0x0000000000000000        0x8 AlarmManager/AlarmDispatch.o
 .group         0x0000000000000000        0xc AlarmManager/AlarmDispatch.o
 .group         0x0000000000000000        0x8 AlarmManager/AlarmDispatch.o
[...]
Memory Configuration

Name             Origin             Length             Attributes
*default*        0x0000000000000000 0xffffffffffffffff

Linker script and memory map

LOAD /usr/lib/gcc/x86_64-linux-gnu/7/../../../x86_64-linux-gnu/Scrt1.o
LOAD /usr/lib/gcc/x86_64-linux-gnu/7/../../../x86_64-linux-gnu/crti.o
LOAD /usr/lib/gcc/x86_64-linux-gnu/7/crtbeginS.o
LOAD AlarmManager/VoiceLib.o
LOAD AlarmManager/AlarmManager.o
LOAD AlarmManager/AudioWaveParser.o
LOAD AlarmManager/AlarmDispatch.o
LOAD AlarmManager/AlarmItem.o
LOAD AlarmManager/VoicePlay.o
LOAD bmApplication/bmApplication.o
LOAD BMScreen/MainScreen.o
LOAD DataStream/SO2.o
LOAD DataStream/OperationInstance.o
LOAD DataStream/SPO2.o
LOAD DataStream/PH.o
LOAD DataStream/KPlus.o
LOAD DataStream/HCT.o
LOAD DataStream/Temp.o
LOAD DataStream/SPCO2.o
LOAD FrontEnd/UartThread.o
LOAD FrontEnd/FrontEndManager.o
LOAD FrontEnd/ParameterModule.o
LOAD FrontEnd/COModule.o
LOAD FrontEnd/Uart.o
LOAD SettingManager/Patient.o
LOAD SettingManager/AlarmLimitSetting.o
LOAD SettingManager/SystemProfle.o
LOAD SettingManager/SettingManager.o
LOAD UtilityComponent/TimeFunction.o
LOAD UtilityComponent/MessageDistributor.o
LOAD UtilityComponent/WorkThread.o
LOAD UtilityComponent/SafeSemphore.o
LOAD UtilityComponent/logging.o
LOAD UtilityComponent/encryption.o
LOAD UtilityComponent/AutoLock.o
LOAD NetWork/NetWorkManager.o
LOAD NetWork/WLanDevice.o
LOAD NetWork/LanDevice.o
LOAD NetWork/CentralMonitorSystemProtocol.o
LOAD /usr/lib/gcc/x86_64-linux-gnu/7/../../../x86_64-linux-gnu/libpthread.so
START GROUP
LOAD /lib/x86_64-linux-gnu/libpthread.so.0
LOAD /usr/lib/x86_64-linux-gnu/libpthread_nonshared.a
END GROUP
LOAD //usr/local/lib/libuv.so
LOAD /usr/lib/gcc/x86_64-linux-gnu/7/libstdc++.so
LOAD /usr/lib/gcc/x86_64-linux-gnu/7/../../../x86_64-linux-gnu/libm.so
START GROUP
LOAD /lib/x86_64-linux-gnu/libm.so.6
LOAD /usr/lib/x86_64-linux-gnu/libmvec_nonshared.a
LOAD /lib/x86_64-linux-gnu/libmvec.so.1
END GROUP
LOAD /usr/lib/gcc/x86_64-linux-gnu/7/libgcc_s.so
START GROUP
LOAD /usr/lib/gcc/x86_64-linux-gnu/7/libgcc_s.so.1
LOAD /usr/lib/gcc/x86_64-linux-gnu/7/libgcc.a
END GROUP
LOAD /usr/lib/gcc/x86_64-linux-gnu/7/libgcc.a
LOAD /usr/lib/gcc/x86_64-linux-gnu/7/../../../x86_64-linux-gnu/libc.so
START GROUP
LOAD /lib/x86_64-linux-gnu/libc.so.6
LOAD /usr/lib/x86_64-linux-gnu/libc_nonshared.a
LOAD /lib/x86_64-linux-gnu/ld-linux-x86-64.so.2
END GROUP
LOAD /usr/lib/gcc/x86_64-linux-gnu/7/libgcc_s.so
START GROUP
LOAD /usr/lib/gcc/x86_64-linux-gnu/7/libgcc_s.so.1
LOAD /usr/lib/gcc/x86_64-linux-gnu/7/libgcc.a
END GROUP
LOAD /usr/lib/gcc/x86_64-linux-gnu/7/libgcc.a
LOAD /usr/lib/gcc/x86_64-linux-gnu/7/crtendS.o
LOAD /usr/lib/gcc/x86_64-linux-gnu/7/../../../x86_64-linux-gnu/crtn.o
                [!provide]                        PROVIDE (__executable_start = SEGMENT_START ("text-segment", 0x0))
                0x0000000000000238                . = (SEGMENT_START ("text-segment", 0x0) + SIZEOF_HEADERS)

.interp         0x0000000000000238       0x1c
 *(.interp)
 .interp        0x0000000000000238       0x1c /usr/lib/gcc/x86_64-linux-gnu/7/../../../x86_64-linux-gnu/Scrt1.o

.note.ABI-tag   0x0000000000000254       0x20
 .note.ABI-tag  0x0000000000000254       0x20 /usr/lib/gcc/x86_64-linux-gnu/7/../../../x86_64-linux-gnu/Scrt1.o

.note.gnu.build-id
                0x0000000000000274       0x24
 *(.note.gnu.build-id)
 .note.gnu.build-id
                0x0000000000000274       0x24 /usr/lib/gcc/x86_64-linux-gnu/7/../../../x86_64-linux-gnu/Scrt1.o

.hash
 *(.hash)

.gnu.hash       0x0000000000000298       0x1c
 *(.gnu.hash)
 .gnu.hash      0x0000000000000298       0x1c /usr/lib/gcc/x86_64-linux-gnu/7/../../../x86_64-linux-gnu/Scrt1.o

.dynsym         0x00000000000002b8      0xbd0
 *(.dynsym)
 .dynsym        0x00000000000002b8      0xbd0 /usr/lib/gcc/x86_64-linux-gnu/7/../../../x86_64-linux-gnu/Scrt1.o

.dynstr         0x0000000000000e88      0xade
 *(.dynstr)
 .dynstr        0x0000000000000e88      0xade /usr/lib/gcc/x86_64-linux-gnu/7/../../../x86_64-linux-gnu/Scrt1.o

.gnu.version    0x0000000000001966       0xfc
 *(.gnu.version)
 .gnu.version   0x0000000000001966       0xfc /usr/lib/gcc/x86_64-linux-gnu/7/../../../x86_64-linux-gnu/Scrt1.o

.gnu.version_d  0x0000000000001a68        0x0
 *(.gnu.version_d)
 .gnu.version_d
                0x0000000000001a68        0x0 /usr/lib/gcc/x86_64-linux-gnu/7/../../../x86_64-linux-gnu/Scrt1.o

.gnu.version_r  0x0000000000001a68      0x110
 *(.gnu.version_r)
 .gnu.version_r
                0x0000000000001a68      0x110 /usr/lib/gcc/x86_64-linux-gnu/7/../../../x86_64-linux-gnu/Scrt1.o

.rela.dyn       0x0000000000001b78     0x2118
 *(.rela.init)
 *(.rela.text .rela.text.* .rela.gnu.linkonce.t.*)
 .rela.text     0x0000000000001b78        0x0 /usr/lib/gcc/x86_64-linux-gnu/7/../../../x86_64-linux-gnu/Scrt1.o
 .rela.text._ZN9AlarmItemC2ERKS_
                0x0000000000001b78        0x0 /usr/lib/gcc/x86_64-linux-gnu/7/../../../x86_64-linux-gnu/Scrt1.o
 .rela.text._ZN11IDataStreamC2Ev
                0x0000000000001b78        0x0 /usr/lib/gcc/x86_64-linux-gnu/7/../../../x86_64-linux-gnu/Scrt1.o
 .rela.text._ZN11IDataStreamD2Ev
                0x0000000000001b78        0x0 /usr/lib/gcc/x86_64-linux-gnu/7/../../../x86_64-linux-gnu/Scrt1.o
 .rela.text._ZN12IBMOperationC2Ev
                0x0000000000001b78        0x0 /usr/lib/gcc/x86_64-linux-gnu/7/../../../x86_64-linux-gnu/Scrt1.o
 .rela.text._ZN12IBMOperationD2Ev
                0x0000000000001b78        0x0 /usr/lib/gcc/x86_64-linux-gnu/7/../../../x86_64-linux-gnu/Scrt1.o
 .rela.text._ZN4UartC2ERKS_
                0x0000000000001b78        0x0 /usr/lib/gcc/x86_64-linux-gnu/7/../../../x86_64-linux-gnu/Scrt1.o
 .rela.text._ZN13IDeviceModuleC2Ev
                0x0000000000001b78        0x0 /usr/lib/gcc/x86_64-linux-gnu/7/../../../x86_64-linux-gnu/Scrt1.o
 .rela.text._ZN13IDeviceModuleD2Ev
                0x0000000000001b78        0x0 /usr/lib/gcc/x86_64-linux-gnu/7/../../../x86_64-linux-gnu/Scrt1.o
 .rela.text._ZN9MutexLockC2Ev
                0x0000000000001b78        0x0 /usr/lib/gcc/x86_64-linux-gnu/7/../../../x86_64-linux-gnu/Scrt1.o
 .rela.text._ZN9MutexLockD2Ev
                0x0000000000001b78        0x0 /usr/lib/gcc/x86_64-linux-gnu/7/../../../x86_64-linux-gnu/Scrt1.o
 .rela.text._ZN14MutexLightLockC2Ev
                0x0000000000001b78        0x0 /usr/lib/gcc/x86_64-linux-gnu/7/../../../x86_64-linux-gnu/Scrt1.o
 .rela.text._ZN14MutexLightLockD2Ev
                0x0000000000001b78        0x0 /usr/lib/gcc/x86_64-linux-gnu/7/../../../x86_64-linux-gnu/Scrt1.o
 .rela.text._ZN8ILoggingC2Ev
                0x0000000000001b78        0x0 /usr/lib/gcc/x86_64-linux-gnu/7/../../../x86_64-linux-gnu/Scrt1.o
 .rela.text._ZN8ILoggingD2Ev
                0x0000000000001b78        0x0 /usr/lib/gcc/x86_64-linux-gnu/7/../../../x86_64-linux-gnu/Scrt1.o
 .rela.text._ZN12OperationLogD2Ev
                0x0000000000001b78        0x0 /usr/lib/gcc/x86_64-linux-gnu/7/../../../x86_64-linux-gnu/Scrt1.o
 .rela.text._ZN8ErrorLogD2Ev
                0x0000000000001b78        0x0 /usr/lib/gcc/x86_64-linux-gnu/7/../../../x86_64-linux-gnu/Scrt1.o
 .rela.text._ZN8AlarmLogD2Ev
                0x0000000000001b78        0x0 /usr/lib/gcc/x86_64-linux-gnu/7/../../../x86_64-linux-gnu/Scrt1.o
 .rela.text._ZN14INetworkDeviceC2Ev
                0x0000000000001b78        0x0 /usr/lib/gcc/x86_64-linux-gnu/7/../../../x86_64-linux-gnu/Scrt1.o
 .rela.text._ZN15IMessageProtocoC2Ev
                0x0000000000001b78        0x0 /usr/lib/gcc/x86_64-linux-gnu/7/../../../x86_64-linux-gnu/Scrt1.o
 .rela.text._ZN15IMessageProtocoD2Ev
                0x0000000000001b78        0x0 /usr/lib/gcc/x86_64-linux-gnu/7/../../../x86_64-linux-gnu/Scrt1.o
 *(.rela.fini)
 *(.rela.rodata .rela.rodata.* .rela.gnu.linkonce.r.*)
 *(.rela.data .rela.data.* .rela.gnu.linkonce.d.*)
 .rela.data.rel.ro
                0x0000000000001b78        0x0 /usr/lib/gcc/x86_64-linux-gnu/7/../../../x86_64-linux-gnu/Scrt1.o
 .rela.data.rel.local
                0x0000000000001b78       0x18 /usr/lib/gcc/x86_64-linux-gnu/7/../../../x86_64-linux-gnu/Scrt1.o
 .rela.data.rel.ro._ZTV12AlarmManager
                0x0000000000001b90       0xc0 /usr/lib/gcc/x86_64-linux-gnu/7/../../../x86_64-linux-gnu/Scrt1.o
 .rela.data.rel.ro._ZTI12AlarmManager
                0x0000000000001c50       0x48 /usr/lib/gcc/x86_64-linux-gnu/7/../../../x86_64-linux-gnu/Scrt1.o
 .rela.data.rel.local.DW.ref.__gxx_personality_v0
                0x0000000000001c98       0x18 /usr/lib/gcc/x86_64-linux-gnu/7/../../../x86_64-linux-gnu/Scrt1.o
 .rela.data.rel.ro._ZTV9AlarmItem
                0x0000000000001cb0       0x48 /usr/lib/gcc/x86_64-linux-gnu/7/../../../x86_64-linux-gnu/Scrt1.o
 .rela.data.rel.ro._ZTI9AlarmItem
                0x0000000000001cf8       0x30 /usr/lib/gcc/x86_64-linux-gnu/7/../../../x86_64-linux-gnu/Scrt1.o
 .rela.data.rel.ro._ZTV3SO2
                0x0000000000001d28       0xc0 /usr/lib/gcc/x86_64-linux-gnu/7/../../../x86_64-linux-gnu/Scrt1.o
 .rela.data.rel.ro._ZTV11IDataStream
                0x0000000000001de8       0x90 /usr/lib/gcc/x86_64-linux-gnu/7/../../../x86_64-linux-gnu/Scrt1.o
 .rela.data.rel.ro._ZTI3SO2
                0x0000000000001e78       0x48 /usr/lib/gcc/x86_64-linux-gnu/7/../../../x86_64-linux-gnu/Scrt1.o
 .rela.data.rel.ro._ZTI11IDataStream
                0x0000000000001ec0       0x30 /usr/lib/gcc/x86_64-linux-gnu/7/../../../x86_64-linux-gnu/Scrt1.o
 .rela.data.rel.ro._ZTV17OperationInstance
                0x0000000000001ef0      0x150 /usr/lib/gcc/x86_64-linux-gnu/7/../../../x86_64-linux-gnu/Scrt1.o
 .rela.data.rel.ro._ZTV12IBMOperation
                0x0000000000002040       0x48 /usr/lib/gcc/x86_64-linux-gnu/7/../../../x86_64-linux-gnu/Scrt1.o
 .rela.data.rel.ro._ZTI17OperationInstance
                0x0000000000002088       0x60 /usr/lib/gcc/x86_64-linux-gnu/7/../../../x86_64-linux-gnu/Scrt1.o
 .rela.data.rel.ro._ZTI12IBMOperation
                0x00000000000020e8       0x30 /usr/lib/gcc/x86_64-linux-gnu/7/../../../x86_64-linux-gnu/Scrt1.o
 .rela.data.rel.ro._ZTV4SPO2
                0x0000000000002118       0xc0 /usr/lib/gcc/x86_64-linux-gnu/7/../../../x86_64-linux-gnu/Scrt1.o
 .rela.data.rel.ro._ZTI4SPO2
                0x00000000000021d8       0x48 /usr/lib/gcc/x86_64-linux-gnu/7/../../../x86_64-linux-gnu/Scrt1.o
 .rela.data.rel.ro._ZTV2PH
                0x0000000000002220       0xc0 /usr/lib/gcc/x86_64-linux-gnu/7/../../../x86_64-linux-gnu/Scrt1.o
 .rela.data.rel.ro._ZTI2PH
                0x00000000000022e0       0x48 /usr/lib/gcc/x86_64-linux-gnu/7/../../../x86_64-linux-gnu/Scrt1.o
 .rela.data.rel.ro._ZTV5KPlus
                0x0000000000002328       0xc0 /usr/lib/gcc/x86_64-linux-gnu/7/../../../x86_64-linux-gnu/Scrt1.o
 .rela.data.rel.ro._ZTI5KPlus
                0x00000000000023e8       0x48 /usr/lib/gcc/x86_64-linux-gnu/7/../../../x86_64-linux-gnu/Scrt1.o
 .rela.data.rel.ro._ZTV3HCT
                0x0000000000002430       0xc0 /usr/lib/gcc/x86_64-linux-gnu/7/../../../x86_64-linux-gnu/Scrt1.o
 .rela.data.rel.ro._ZTI3HCT
                0x00000000000024f0       0x48 /usr/lib/gcc/x86_64-linux-gnu/7/../../../x86_64-linux-gnu/Scrt1.o
 .rela.data.rel.ro._ZTV4Temp
                0x0000000000002538       0xc0 /usr/lib/gcc/x86_64-linux-gnu/7/../../../x86_64-linux-gnu/Scrt1.o
 .rela.data.rel.ro._ZTI4Temp
                0x00000000000025f8       0x48 /usr/lib/gcc/x86_64-linux-gnu/7/../../../x86_64-linux-gnu/Scrt1.o
 .rela.data.rel.ro._ZTV5SPCO2
                0x0000000000002640       0xc0 /usr/lib/gcc/x86_64-linux-gnu/7/../../../x86_64-linux-gnu/Scrt1.o
 .rela.data.rel.ro._ZTI5SPCO2
                0x0000000000002700       0x48 /usr/lib/gcc/x86_64-linux-gnu/7/../../../x86_64-linux-gnu/Scrt1.o
 .rela.data.rel.ro._ZTV10UartThread
                0x0000000000002748       0xc0 /usr/lib/gcc/x86_64-linux-gnu/7/../../../x86_64-linux-gnu/Scrt1.o
 .rela.data.rel.ro._ZTI10UartThread
                0x0000000000002808       0x48 /usr/lib/gcc/x86_64-linux-gnu/7/../../../x86_64-linux-gnu/Scrt1.o
 .rela.data.rel.ro._ZTV15FrontEndManager
                0x0000000000002850       0xc0 /usr/lib/gcc/x86_64-linux-gnu/7/../../../x86_64-linux-gnu/Scrt1.o
 .rela.data.rel.ro._ZTI15FrontEndManager
                0x0000000000002910       0x48 /usr/lib/gcc/x86_64-linux-gnu/7/../../../x86_64-linux-gnu/Scrt1.o
 .rela.data.rel.ro._ZTV15ParameterModule
                0x0000000000002958       0xd8 /usr/lib/gcc/x86_64-linux-gnu/7/../../../x86_64-linux-gnu/Scrt1.o
 .rela.data.rel.ro._ZTV13IDeviceModule
                0x0000000000002a30       0xa8 /usr/lib/gcc/x86_64-linux-gnu/7/../../../x86_64-linux-gnu/Scrt1.o
 .rela.data.rel.ro._ZTI15ParameterModule
                0x0000000000002ad8       0x48 /usr/lib/gcc/x86_64-linux-gnu/7/../../../x86_64-linux-gnu/Scrt1.o
 .rela.data.rel.ro._ZTI13IDeviceModule
                0x0000000000002b20       0x30 /usr/lib/gcc/x86_64-linux-gnu/7/../../../x86_64-linux-gnu/Scrt1.o
 .rela.data.rel.ro._ZTV8COModule
                0x0000000000002b50       0xd8 /usr/lib/gcc/x86_64-linux-gnu/7/../../../x86_64-linux-gnu/Scrt1.o
 .rela.data.rel.ro._ZTI8COModule
                0x0000000000002c28       0x48 /usr/lib/gcc/x86_64-linux-gnu/7/../../../x86_64-linux-gnu/Scrt1.o
 .rela.data.rel.ro._ZTV4Uart
                0x0000000000002c70       0x48 /usr/lib/gcc/x86_64-linux-gnu/7/../../../x86_64-linux-gnu/Scrt1.o
 .rela.data.rel.ro._ZTI4Uart
                0x0000000000002cb8       0x30 /usr/lib/gcc/x86_64-linux-gnu/7/../../../x86_64-linux-gnu/Scrt1.o
 .rela.data.rel.ro._ZTV17AlarmLimitSetting
                0x0000000000002ce8       0x48 /usr/lib/gcc/x86_64-linux-gnu/7/../../../x86_64-linux-gnu/Scrt1.o
 .rela.data.rel.ro._ZTI17AlarmLimitSetting
                0x0000000000002d30       0x30 /usr/lib/gcc/x86_64-linux-gnu/7/../../../x86_64-linux-gnu/Scrt1.o
 .rela.data.rel.ro._ZTV14SettingManager
                0x0000000000002d60       0x48 /usr/lib/gcc/x86_64-linux-gnu/7/../../../x86_64-linux-gnu/Scrt1.o
 .rela.data.rel.ro._ZTI14SettingManager
                0x0000000000002da8       0x30 /usr/lib/gcc/x86_64-linux-gnu/7/../../../x86_64-linux-gnu/Scrt1.o
 .rela.data.rel.ro._ZTV10WorkThread
                0x0000000000002dd8       0x90 /usr/lib/gcc/x86_64-linux-gnu/7/../../../x86_64-linux-gnu/Scrt1.o
 .rela.data.rel.ro._ZTV14MutexLightLock
                0x0000000000002e68       0x90 /usr/lib/gcc/x86_64-linux-gnu/7/../../../x86_64-linux-gnu/Scrt1.o
 .rela.data.rel.ro._ZTV9MutexLock
                0x0000000000002ef8       0x60 /usr/lib/gcc/x86_64-linux-gnu/7/../../../x86_64-linux-gnu/Scrt1.o
 .rela.data.rel.ro._ZTI10WorkThread
                0x0000000000002f58       0x30 /usr/lib/gcc/x86_64-linux-gnu/7/../../../x86_64-linux-gnu/Scrt1.o
 .rela.data.rel.ro._ZTI14MutexLightLock
                0x0000000000002f88       0x48 /usr/lib/gcc/x86_64-linux-gnu/7/../../../x86_64-linux-gnu/Scrt1.o
 .rela.data.rel.ro._ZTI9MutexLock
                0x0000000000002fd0       0x30 /usr/lib/gcc/x86_64-linux-gnu/7/../../../x86_64-linux-gnu/Scrt1.o
 .rela.data.rel.ro._ZTV12SafeSemphore
                0x0000000000003000       0x48 /usr/lib/gcc/x86_64-linux-gnu/7/../../../x86_64-linux-gnu/Scrt1.o
 .rela.data.rel.ro._ZTI12SafeSemphore
                0x0000000000003048       0x30 /usr/lib/gcc/x86_64-linux-gnu/7/../../../x86_64-linux-gnu/Scrt1.o
 .rela.data.rel.ro._ZTV8AlarmLog
                0x0000000000003078       0x78 /usr/lib/gcc/x86_64-linux-gnu/7/../../../x86_64-linux-gnu/Scrt1.o
 .rela.data.rel.ro._ZTV8ErrorLog
                0x00000000000030f0       0x78 /usr/lib/gcc/x86_64-linux-gnu/7/../../../x86_64-linux-gnu/Scrt1.o
 .rela.data.rel.ro._ZTV12OperationLog
                0x0000000000003168       0x78 /usr/lib/gcc/x86_64-linux-gnu/7/../../../x86_64-linux-gnu/Scrt1.o
 .rela.data.rel.ro._ZTV8ILogging
                0x00000000000031e0       0x48 /usr/lib/gcc/x86_64-linux-gnu/7/../../../x86_64-linux-gnu/Scrt1.o
 .rela.data.rel.ro._ZTI8AlarmLog
                0x0000000000003228       0x48 /usr/lib/gcc/x86_64-linux-gnu/7/../../../x86_64-linux-gnu/Scrt1.o
 .rela.data.rel.ro._ZTI8ErrorLog
                0x0000000000003270       0x48 /usr/lib/gcc/x86_64-linux-gnu/7/../../../x86_64-linux-gnu/Scrt1.o
 .rela.data.rel.ro._ZTI12OperationLog
                0x00000000000032b8       0x48 /usr/lib/gcc/x86_64-linux-gnu/7/../../../x86_64-linux-gnu/Scrt1.o
 .rela.data.rel.ro._ZTI8ILogging
                0x0000000000003300       0x30 /usr/lib/gcc/x86_64-linux-gnu/7/../../../x86_64-linux-gnu/Scrt1.o
 .rela.data.rel.ro._ZTV14MicroportMutex
                0x0000000000003330       0x48 /usr/lib/gcc/x86_64-linux-gnu/7/../../../x86_64-linux-gnu/Scrt1.o
 .rela.data.rel.ro._ZTV8AutoLock
                0x0000000000003378       0x48 /usr/lib/gcc/x86_64-linux-gnu/7/../../../x86_64-linux-gnu/Scrt1.o
 .rela.data.rel.ro._ZTV14MutexHeavyLock
                0x00000000000033c0       0x90 /usr/lib/gcc/x86_64-linux-gnu/7/../../../x86_64-linux-gnu/Scrt1.o
 .rela.data.rel.ro._ZTI14MicroportMutex
                0x0000000000003450       0x30 /usr/lib/gcc/x86_64-linux-gnu/7/../../../x86_64-linux-gnu/Scrt1.o
 .rela.data.rel.ro._ZTI8AutoLock
                0x0000000000003480       0x30 /usr/lib/gcc/x86_64-linux-gnu/7/../../../x86_64-linux-gnu/Scrt1.o
 .rela.data.rel.ro._ZTI14MutexHeavyLock
                0x00000000000034b0       0x48 /usr/lib/gcc/x86_64-linux-gnu/7/../../../x86_64-linux-gnu/Scrt1.o
 .rela.data.rel.ro._ZTV14NetWorkManager
                0x00000000000034f8       0xc0 /usr/lib/gcc/x86_64-linux-gnu/7/../../../x86_64-linux-gnu/Scrt1.o
 .rela.data.rel.ro._ZTI14NetWorkManager
                0x00000000000035b8       0x48 /usr/lib/gcc/x86_64-linux-gnu/7/../../../x86_64-linux-gnu/Scrt1.o
 .rela.data.rel.ro._ZTV10WLanDevice
                0x0000000000003600       0xd8 /usr/lib/gcc/x86_64-linux-gnu/7/../../../x86_64-linux-gnu/Scrt1.o
 .rela.data.rel.ro._ZTV14INetworkDevice
                0x00000000000036d8       0xa8 /usr/lib/gcc/x86_64-linux-gnu/7/../../../x86_64-linux-gnu/Scrt1.o
 .rela.data.rel.ro._ZTI10WLanDevice
                0x0000000000003780       0x48 /usr/lib/gcc/x86_64-linux-gnu/7/../../../x86_64-linux-gnu/Scrt1.o
 .rela.data.rel.ro._ZTI14INetworkDevice
                0x00000000000037c8       0x30 /usr/lib/gcc/x86_64-linux-gnu/7/../../../x86_64-linux-gnu/Scrt1.o
 .rela.data.rel.ro._ZTV9LanDevice
                0x00000000000037f8       0xd8 /usr/lib/gcc/x86_64-linux-gnu/7/../../../x86_64-linux-gnu/Scrt1.o
 .rela.data.rel.ro._ZTI9LanDevice
                0x00000000000038d0       0x48 /usr/lib/gcc/x86_64-linux-gnu/7/../../../x86_64-linux-gnu/Scrt1.o
 .rela.data.rel.ro._ZTV28CentralMonitorSystemProtocol
                0x0000000000003918       0x78 /usr/lib/gcc/x86_64-linux-gnu/7/../../../x86_64-linux-gnu/Scrt1.o
 .rela.data.rel.ro._ZTV15IMessageProtoco
                0x0000000000003990       0x48 /usr/lib/gcc/x86_64-linux-gnu/7/../../../x86_64-linux-gnu/Scrt1.o
 .rela.data.rel.ro._ZTI28CentralMonitorSystemProtocol
                0x00000000000039d8       0x48 /usr/lib/gcc/x86_64-linux-gnu/7/../../../x86_64-linux-gnu/Scrt1.o
 .rela.data.rel.ro._ZTI15IMessageProtoco
                0x0000000000003a20       0x30 /usr/lib/gcc/x86_64-linux-gnu/7/../../../x86_64-linux-gnu/Scrt1.o
 *(.rela.tdata .rela.tdata.* .rela.gnu.linkonce.td.*)
 *(.rela.tbss .rela.tbss.* .rela.gnu.linkonce.tb.*)
 *(.rela.ctors)
 *(.rela.dtors)
 *(.rela.got)
 .rela.got      0x0000000000003a50       0xf0 /usr/lib/gcc/x86_64-linux-gnu/7/../../../x86_64-linux-gnu/Scrt1.o
 *(.rela.bss .rela.bss.* .rela.gnu.linkonce.b.*)
 .rela.bss      0x0000000000003b40        0x0 /usr/lib/gcc/x86_64-linux-gnu/7/../../../x86_64-linux-gnu/Scrt1.o
 *(.rela.ldata .rela.ldata.* .rela.gnu.linkonce.l.*)
 *(.rela.lbss .rela.lbss.* .rela.gnu.linkonce.lb.*)
 *(.rela.lrodata .rela.lrodata.* .rela.gnu.linkonce.lr.*)
 *(.rela.ifunc)
 .rela.ifunc    0x0000000000003b40        0x0 /usr/lib/gcc/x86_64-linux-gnu/7/../../../x86_64-linux-gnu/Scrt1.o
 .rela.fini_array
                0x0000000000003b40       0x18 /usr/lib/gcc/x86_64-linux-gnu/7/../../../x86_64-linux-gnu/Scrt1.o
 .rela.init_array
                0x0000000000003b58      0x138 /usr/lib/gcc/x86_64-linux-gnu/7/../../../x86_64-linux-gnu/Scrt1.o
 .rela.eh_frame
                0x0000000000003c90        0x0 /usr/lib/gcc/x86_64-linux-gnu/7/../../../x86_64-linux-gnu/Scrt1.o

.rela.plt       0x0000000000003c90      0xab0
 *(.rela.plt)
 .rela.plt      0x0000000000003c90      0xab0 /usr/lib/gcc/x86_64-linux-gnu/7/../../../x86_64-linux-gnu/Scrt1.o
                [!provide]                        PROVIDE (__rela_iplt_start = .)
 *(.rela.iplt)
                [!provide]                        PROVIDE (__rela_iplt_end = .)

.init           0x0000000000004740       0x17
 *(SORT_NONE(.init))
 .init          0x0000000000004740       0x12 /usr/lib/gcc/x86_64-linux-gnu/7/../../../x86_64-linux-gnu/crti.o
                0x0000000000004740                _init
 .init          0x0000000000004752        0x5 /usr/lib/gcc/x86_64-linux-gnu/7/../../../x86_64-linux-gnu/crtn.o

.plt            0x0000000000004760      0x730
 *(.plt)
 .plt           0x0000000000004760      0x730 /usr/lib/gcc/x86_64-linux-gnu/7/../../../x86_64-linux-gnu/Scrt1.o
 *(.iplt)

.plt.got        0x0000000000004e90        0x8
 *(.plt.got)
 .plt.got       0x0000000000004e90        0x8 /usr/lib/gcc/x86_64-linux-gnu/7/../../../x86_64-linux-gnu/Scrt1.o

.plt.sec
 *(.plt.sec)

.text           0x0000000000004ea0     0xee62
 *(.text.unlikely .text.*_unlikely .text.unlikely.*)
 *(.text.exit .text.exit.*)
 *(.text.startup .text.startup.*)
 *(.text.hot .text.hot.*)
 *(.text .stub .text.* .gnu.linkonce.t.*)
 .text          0x0000000000004ea0       0x2b /usr/lib/gcc/x86_64-linux-gnu/7/../../../x86_64-linux-gnu/Scrt1.o
                0x0000000000004ea0                _start
 .text          0x0000000000004ecb        0x0 /usr/lib/gcc/x86_64-linux-gnu/7/../../../x86_64-linux-gnu/crti.o
 *fill*         0x0000000000004ecb        0x5 
 .text          0x0000000000004ed0       0xda /usr/lib/gcc/x86_64-linux-gnu/7/crtbeginS.o
 .text          0x0000000000004faa        0x0 AlarmManager/VoiceLib.o
 .text          0x0000000000004faa      0x19f AlarmManager/AlarmManager.o
                0x0000000000004faa                AlarmManager::AlarmManager()
                0x0000000000004faa                AlarmManager::AlarmManager()
                0x0000000000004fe4                AlarmManager::~AlarmManager()
                0x0000000000004fe4                AlarmManager::~AlarmManager()
                0x0000000000005012                AlarmManager::~AlarmManager()
                0x0000000000005038                AlarmManager::run()
                0x000000000000508c                AlarmManager::manageAlarm()
                0x0000000000005098                AlarmManager::getInstance()
 *fill*         0x0000000000005149        0x1 
 .text          0x000000000000514a      0x7b4 AlarmManager/AudioWaveParser.o
                0x000000000000514a                AudioWaveParser::AudioWaveParser()
                0x000000000000514a                AudioWaveParser::AudioWaveParser()
                0x0000000000005190                AudioWaveParser::~AudioWaveParser()
                0x0000000000005190                AudioWaveParser::~AudioWaveParser()
                0x00000000000051ce                AudioWaveParser::setFile(char*)
                0x0000000000005226                AudioWaveParser::readRiff()
                0x0000000000005360                AudioWaveParser::readFmt()
                0x000000000000543e                AudioWaveParser::readWave()
                0x00000000000055a6                AudioWaveParser::readDataChunk()
                0x0000000000005680                AudioWaveParser::loadData()
                0x0000000000005722                AudioWaveParser::parseFile()
                0x0000000000005802                AudioWaveParser::getData(char*, int)
 .text          0x00000000000058fe     0x189b AlarmManager/AlarmDispatch.o
                0x00000000000058fe                AlarmDispatch::AlarmDispatch()
                0x00000000000058fe                AlarmDispatch::AlarmDispatch()
                0x000000000000593e                AlarmDispatch::~AlarmDispatch()
                0x000000000000593e                AlarmDispatch::~AlarmDispatch()
                0x00000000000059f6                AlarmDispatch::addAlarm(tagAlarm)
                0x0000000000005e72                AlarmDispatch::removeAlarm(short, AlarmId, bool)
                0x00000000000060e0                AlarmDispatch::deleteObsolete()
                0x000000000000634e                AlarmDispatch::reset()
                0x000000000000646c                AlarmDispatch::isAlarmExist(short, AlarmId)
                0x00000000000065ae                AlarmDispatch::getHighestAlarmPri(short&, short&, short&)
                0x00000000000067f6                AlarmDispatch::getAlarms(short, AlarmPriority, std::vector<AlarmItem, std::allocator<AlarmItem> >&)
                0x0000000000006924                AlarmDispatch::getAlarms(AlarmPriority, std::vector<AlarmItem, std::allocator<AlarmItem> >&)
                0x00000000000069cc                AlarmDispatch::getAlarms(std::vector<AlarmItem, std::allocator<AlarmItem> >&)
                0x0000000000006a10                AlarmDispatch::getAlarmInfo(short, AlarmId, tagAlarm&)
                0x0000000000006b82                AlarmDispatch::isChannelExisted(short)
                0x0000000000006c04                AlarmDispatch::clearLatchedAlarm()
                0x0000000000006db8                AlarmDispatch::clearSingleValueAlarms()
                0x0000000000006dc4                AlarmDispatch::clearInopAlarms()
                0x0000000000006dd0                AlarmDispatch::removeMuteTechAlarm(short, AlarmId)
                0x0000000000006eec                AlarmDispatch::clearAllMuteTechAlarms()
                0x0000000000006f0c                AlarmDispatch::insertMuteTechAlarm(short, AlarmId)
                0x0000000000006f20                AlarmDispatch::isMuteTechAlarmExist(short, AlarmId)
                0x0000000000006fbc                AlarmDispatch::isMuteTechAlarm(AlarmId)
                0x0000000000006fca                AlarmDispatch::isVisualOnlyAlarm(AlarmId)
                0x0000000000006fdc                AlarmDispatch::setAcknowledged(bool)
                0x0000000000007100                AlarmDispatch::isPhysicalAlarmExisted()
                0x0000000000007110                AlarmDispatch::setNewPatient()
                0x000000000000711c                AlarmDispatch::getAlarmGenerateTickCout(short, AlarmId)
 .text._ZnwmPv  0x0000000000007199       0x12 AlarmManager/AlarmDispatch.o
                0x0000000000007199                operator new(unsigned long, void*)
 .text._ZdlPvS_
                0x00000000000071ab        0xf AlarmManager/AlarmDispatch.o
                0x00000000000071ab                operator delete(void*, void*)
 .text._ZNSt15_Rb_tree_headerC2Ev
                0x00000000000071ba       0x25 AlarmManager/AlarmDispatch.o
                0x00000000000071ba                std::_Rb_tree_header::_Rb_tree_header()
                0x00000000000071ba                std::_Rb_tree_header::_Rb_tree_header()
 *fill*         0x00000000000071df        0x1 
 .text._ZNSt15_Rb_tree_header8_M_resetEv
                0x00000000000071e0       0x3b AlarmManager/AlarmDispatch.o
                0x00000000000071e0                std::_Rb_tree_header::_M_reset()
 *fill*         0x000000000000721b        0x1 
 .text._ZNSt8_Rb_treeIsSt4pairIKsNSt7__cxx114listI9AlarmItemSaIS4_EEEESt10_Select1stIS7_ESt4lessIsESaIS7_EE13_Rb_tree_implISB_Lb1EEC2Ev
                0x000000000000721c       0x37 AlarmManager/AlarmDispatch.o
                0x000000000000721c                std::_Rb_tree<short, std::pair<short const, std::__cxx11::list<AlarmItem, std::allocator<AlarmItem> > >, std::_Select1st<std::pair<short const, std::__cxx11::list<AlarmItem, std::allocator<AlarmItem> > > >, std::less<short>, std::allocator<std::pair<short const, std::__cxx11::list<AlarmItem, std::allocator<AlarmItem> > > > >::_Rb_tree_impl<std::less<short>, true>::_Rb_tree_impl()
                0x000000000000721c                std::_Rb_tree<short, std::pair<short const, std::__cxx11::list<AlarmItem, std::allocator<AlarmItem> > >, std::_Select1st<std::pair<short const, std::__cxx11::list<AlarmItem, std::allocator<AlarmItem> > > >, std::less<short>, std::allocator<std::pair<short const, std::__cxx11::list<AlarmItem, std::allocator<AlarmItem> > > > >::_Rb_tree_impl<std::less<short>, true>::_Rb_tree_impl()
 *fill*         0x0000000000007253        0x1 
 .text._ZNSt8_Rb_treeIsSt4pairIKsNSt7__cxx114listI9AlarmItemSaIS4_EEEESt10_Select1stIS7_ESt4lessIsESaIS7_EE13_Rb_tree_implISB_Lb1EED2Ev
                0x0000000000007254       0x1b AlarmManager/AlarmDispatch.o
                0x0000000000007254                std::_Rb_tree<short, std::pair<short const, std::__cxx11::list<AlarmItem, std::allocator<AlarmItem> > >, std::_Select1st<std::pair<short const, std::__cxx11::list<AlarmItem, std::allocator<AlarmItem> > > >, std::less<short>, std::allocator<std::pair<short const, std::__cxx11::list<AlarmItem, std::allocator<AlarmItem> > > > >::_Rb_tree_impl<std::less<short>, true>::~_Rb_tree_impl()
                0x0000000000007254                std::_Rb_tree<short, std::pair<short const, std::__cxx11::list<AlarmItem, std::allocator<AlarmItem> > >, std::_Select1st<std::pair<short const, std::__cxx11::list<AlarmItem, std::allocator<AlarmItem> > > >, std::less<short>, std::allocator<std::pair<short const, std::__cxx11::list<AlarmItem, std::allocator<AlarmItem> > > > >::_Rb_tree_impl<std::less<short>, true>::~_Rb_tree_impl()
 *fill*         0x000000000000726f        0x1 
 .text._ZNSt8_Rb_treeIsSt4pairIKsNSt7__cxx114listI9AlarmItemSaIS4_EEEESt10_Select1stIS7_ESt4lessIsESaIS7_EEC2Ev
                0x0000000000007270       0x1b AlarmManager/AlarmDispatch.o
                0x0000000000007270                std::_Rb_tree<short, std::pair<short const, std::__cxx11::list<AlarmItem, std::allocator<AlarmItem> > >, std::_Select1st<std::pair<short const, std::__cxx11::list<AlarmItem, std::allocator<AlarmItem> > > >, std::less<short>, std::allocator<std::pair<short const, std::__cxx11::list<AlarmItem, std::allocator<AlarmItem> > > > >::_Rb_tree()
                0x0000000000007270                std::_Rb_tree<short, std::pair<short const, std::__cxx11::list<AlarmItem, std::allocator<AlarmItem> > >, std::_Select1st<std::pair<short const, std::__cxx11::list<AlarmItem, std::allocator<AlarmItem> > > >, std::less<short>, std::allocator<std::pair<short const, std::__cxx11::list<AlarmItem, std::allocator<AlarmItem> > > > >::_Rb_tree()
 *fill*         0x000000000000728b        0x1 
 .text._ZNSt3mapIsNSt7__cxx114listI9AlarmItemSaIS2_EEESt4lessIsESaISt4pairIKsS4_EEEC2Ev
                0x000000000000728c       0x1b AlarmManager/AlarmDispatch.o
                0x000000000000728c                std::map<short, std::__cxx11::list<AlarmItem, std::allocator<AlarmItem> >, std::less<short>, std::allocator<std::pair<short const, std::__cxx11::list<AlarmItem, std::allocator<AlarmItem> > > > >::map()
                0x000000000000728c                std::map<short, std::__cxx11::list<AlarmItem, std::allocator<AlarmItem> >, std::less<short>, std::allocator<std::pair<short const, std::__cxx11::list<AlarmItem, std::allocator<AlarmItem> > > > >::map()
 *fill*         0x00000000000072a7        0x1 
 .text._ZNSt3mapIsNSt7__cxx114listI9AlarmItemSaIS2_EEESt4lessIsESaISt4pairIKsS4_EEED2Ev
                0x00000000000072a8       0x1b AlarmManager/AlarmDispatch.o
                0x00000000000072a8                std::map<short, std::__cxx11::list<AlarmItem, std::allocator<AlarmItem> >, std::less<short>, std::allocator<std::pair<short const, std::__cxx11::list<AlarmItem, std::allocator<AlarmItem> > > > >::~map()
                0x00000000000072a8                std::map<short, std::__cxx11::list<AlarmItem, std::allocator<AlarmItem> >, std::less<short>, std::allocator<std::pair<short const, std::__cxx11::list<AlarmItem, std::allocator<AlarmItem> > > > >::~map()
 *fill*         0x00000000000072c3        0x1 
 .text._ZNSt7__cxx114listI9AlarmItemSaIS1_EED2Ev
                0x00000000000072c4       0x1b AlarmManager/AlarmDispatch.o
                0x00000000000072c4                std::__cxx11::list<AlarmItem, std::allocator<AlarmItem> >::~list()
                0x00000000000072c4                std::__cxx11::list<AlarmItem, std::allocator<AlarmItem> >::~list()
 *fill*         0x00000000000072df        0x1 
 .text._ZNSt4pairIKsNSt7__cxx114listI9AlarmItemSaIS3_EEEED2Ev
                0x00000000000072e0       0x1f AlarmManager/AlarmDispatch.o
                0x00000000000072e0                std::pair<short const, std::__cxx11::list<AlarmItem, std::allocator<AlarmItem> > >::~pair()
                0x00000000000072e0                std::pair<short const, std::__cxx11::list<AlarmItem, std::allocator<AlarmItem> > >::~pair()
 *fill*         0x00000000000072ff        0x1 
 .text._ZNSaISt13_Rb_tree_nodeISt4pairIKsNSt7__cxx114listI9AlarmItemSaIS4_EEEEEEC2Ev
                0x0000000000007300       0x1b AlarmManager/AlarmDispatch.o
                0x0000000000007300                std::allocator<std::_Rb_tree_node<std::pair<short const, std::__cxx11::list<AlarmItem, std::allocator<AlarmItem> > > > >::allocator()
                0x0000000000007300                std::allocator<std::_Rb_tree_node<std::pair<short const, std::__cxx11::list<AlarmItem, std::allocator<AlarmItem> > > > >::allocator()
 *fill*         0x000000000000731b        0x1 
 .text._ZNSaISt13_Rb_tree_nodeISt4pairIKsNSt7__cxx114listI9AlarmItemSaIS4_EEEEEED2Ev
                0x000000000000731c       0x1b AlarmManager/AlarmDispatch.o
                0x000000000000731c                std::allocator<std::_Rb_tree_node<std::pair<short const, std::__cxx11::list<AlarmItem, std::allocator<AlarmItem> > > > >::~allocator()
                0x000000000000731c                std::allocator<std::_Rb_tree_node<std::pair<short const, std::__cxx11::list<AlarmItem, std::allocator<AlarmItem> > > > >::~allocator()
 *fill*         0x0000000000007337        0x1 
 .text._ZNSt20_Rb_tree_key_compareISt4lessIsEEC2Ev
                0x0000000000007338        0xb AlarmManager/AlarmDispatch.o
                0x0000000000007338                std::_Rb_tree_key_compare<std::less<short> >::_Rb_tree_key_compare()
                0x0000000000007338                std::_Rb_tree_key_compare<std::less<short> >::_Rb_tree_key_compare()
 *fill*         0x0000000000007343        0x1 
 .text._ZNSt8_Rb_treeIsSt4pairIKsNSt7__cxx114listI9AlarmItemSaIS4_EEEESt10_Select1stIS7_ESt4lessIsESaIS7_EED2Ev
                0x0000000000007344       0x39 AlarmManager/AlarmDispatch.o
                0x0000000000007344                std::_Rb_tree<short, std::pair<short const, std::__cxx11::list<AlarmItem, std::allocator<AlarmItem> > >, std::_Select1st<std::pair<short const, std::__cxx11::list<AlarmItem, std::allocator<AlarmItem> > > >, std::less<short>, std::allocator<std::pair<short const, std::__cxx11::list<AlarmItem, std::allocator<AlarmItem> > > > >::~_Rb_tree()
                0x0000000000007344                std::_Rb_tree<short, std::pair<short const, std::__cxx11::list<AlarmItem, std::allocator<AlarmItem> > >, std::_Select1st<std::pair<short const, std::__cxx11::list<AlarmItem, std::allocator<AlarmItem> > > >, std::less<short>, std::allocator<std::pair<short const, std::__cxx11::list<AlarmItem, std::allocator<AlarmItem> > > > >::~_Rb_tree()
 *fill*         0x000000000000737d        0x1 
 .text._ZNSt6vectorISt4pairIs7AlarmIdESaIS2_EEC2Ev
                0x000000000000737e       0x1b AlarmManager/AlarmDispatch.o
                0x000000000000737e                std::vector<std::pair<short, AlarmId>, std::allocator<std::pair<short, AlarmId> > >::vector()
                0x000000000000737e                std::vector<std::pair<short, AlarmId>, std::allocator<std::pair<short, AlarmId> > >::vector()
 *fill*         0x0000000000007399        0x1 
 .text._ZNSt6vectorISt4pairIs7AlarmIdESaIS2_EED2Ev
                0x000000000000739a       0x44 AlarmManager/AlarmDispatch.o
                0x000000000000739a                std::vector<std::pair<short, AlarmId>, std::allocator<std::pair<short, AlarmId> > >::~vector()
                0x000000000000739a                std::vector<std::pair<short, AlarmId>, std::allocator<std::pair<short, AlarmId> > >::~vector()
 .text._ZNSt3mapIsNSt7__cxx114listI9AlarmItemSaIS2_EEESt4lessIsESaISt4pairIKsS4_EEE5clearEv
                0x00000000000073de       0x1b AlarmManager/AlarmDispatch.o
                0x00000000000073de                std::map<short, std::__cxx11::list<AlarmItem, std::allocator<AlarmItem> >, std::less<short>, std::allocator<std::pair<short const, std::__cxx11::list<AlarmItem, std::allocator<AlarmItem> > > > >::clear()
 *fill*         0x00000000000073f9        0x1 
 .text._ZNSt3mapIsNSt7__cxx114listI9AlarmItemSaIS2_EEESt4lessIsESaISt4pairIKsS4_EEE5beginEv
                0x00000000000073fa       0x1a AlarmManager/AlarmDispatch.o
                0x00000000000073fa                std::map<short, std::__cxx11::list<AlarmItem, std::allocator<AlarmItem> >, std::less<short>, std::allocator<std::pair<short const, std::__cxx11::list<AlarmItem, std::allocator<AlarmItem> > > > >::begin()
 .text._ZNSt3mapIsNSt7__cxx114listI9AlarmItemSaIS2_EEESt4lessIsESaISt4pairIKsS4_EEE3endEv
                0x0000000000007414       0x1a AlarmManager/AlarmDispatch.o
                0x0000000000007414                std::map<short, std::__cxx11::list<AlarmItem, std::allocator<AlarmItem> >, std::less<short>, std::allocator<std::pair<short const, std::__cxx11::list<AlarmItem, std::allocator<AlarmItem> > > > >::end()
 .text._ZNKSt17_Rb_tree_iteratorISt4pairIKsNSt7__cxx114listI9AlarmItemSaIS4_EEEEEneERKS8_
                0x000000000000742e       0x22 AlarmManager/AlarmDispatch.o
                0x000000000000742e                std::_Rb_tree_iterator<std::pair<short const, std::__cxx11::list<AlarmItem, std::allocator<AlarmItem> > > >::operator!=(std::_Rb_tree_iterator<std::pair<short const, std::__cxx11::list<AlarmItem, std::allocator<AlarmItem> > > > const&) const
 .text._ZNSt17_Rb_tree_iteratorISt4pairIKsNSt7__cxx114listI9AlarmItemSaIS4_EEEEEppEv
                0x0000000000007450       0x2b AlarmManager/AlarmDispatch.o
                0x0000000000007450                std::_Rb_tree_iterator<std::pair<short const, std::__cxx11::list<AlarmItem, std::allocator<AlarmItem> > > >::operator++()
 *fill*         0x000000000000747b        0x1 
 .text._ZNKSt17_Rb_tree_iteratorISt4pairIKsNSt7__cxx114listI9AlarmItemSaIS4_EEEEEptEv
                0x000000000000747c       0x1d AlarmManager/AlarmDispatch.o
                0x000000000000747c                std::_Rb_tree_iterator<std::pair<short const, std::__cxx11::list<AlarmItem, std::allocator<AlarmItem> > > >::operator->() const
 *fill*         0x0000000000007499        0x1 
 .text._ZNSt7__cxx114listI9AlarmItemSaIS1_EE5clearEv
                0x000000000000749a       0x27 AlarmManager/AlarmDispatch.o
                0x000000000000749a                std::__cxx11::list<AlarmItem, std::allocator<AlarmItem> >::clear()
 *fill*         0x00000000000074c1        0x1 
 .text._ZNSt3mapIsNSt7__cxx114listI9AlarmItemSaIS2_EEESt4lessIsESaISt4pairIKsS4_EEE4findERS8_
                0x00000000000074c2       0x25 AlarmManager/AlarmDispatch.o
                0x00000000000074c2                std::map<short, std::__cxx11::list<AlarmItem, std::allocator<AlarmItem> >, std::less<short>, std::allocator<std::pair<short const, std::__cxx11::list<AlarmItem, std::allocator<AlarmItem> > > > >::find(short const&)
 *fill*         0x00000000000074e7        0x1 
 .text._ZNKSt17_Rb_tree_iteratorISt4pairIKsNSt7__cxx114listI9AlarmItemSaIS4_EEEEEeqERKS8_
                0x00000000000074e8       0x22 AlarmManager/AlarmDispatch.o
                0x00000000000074e8                std::_Rb_tree_iterator<std::pair<short const, std::__cxx11::list<AlarmItem, std::allocator<AlarmItem> > > >::operator==(std::_Rb_tree_iterator<std::pair<short const, std::__cxx11::list<AlarmItem, std::allocator<AlarmItem> > > > const&) const
 .text._ZNSt7__cxx114listI9AlarmItemSaIS1_EEC2Ev
                0x000000000000750a       0x1b AlarmManager/AlarmDispatch.o
                0x000000000000750a                std::__cxx11::list<AlarmItem, std::allocator<AlarmItem> >::list()
                0x000000000000750a                std::__cxx11::list<AlarmItem, std::allocator<AlarmItem> >::list()
 *fill*         0x0000000000007525        0x1 
 .text._ZNSt7__cxx1110_List_baseI9AlarmItemSaIS1_EE10_List_implD2Ev
                0x0000000000007526       0x1b AlarmManager/AlarmDispatch.o
                0x0000000000007526                std::__cxx11::_List_base<AlarmItem, std::allocator<AlarmItem> >::_List_impl::~_List_impl()
                0x0000000000007526                std::__cxx11::_List_base<AlarmItem, std::allocator<AlarmItem> >::_List_impl::~_List_impl()
 *fill*         0x0000000000007541        0x1 
 .text._ZNSt7__cxx1110_List_baseI9AlarmItemSaIS1_EED2Ev
                0x0000000000007542       0x27 AlarmManager/AlarmDispatch.o
                0x0000000000007542                std::__cxx11::_List_base<AlarmItem, std::allocator<AlarmItem> >::~_List_base()
                0x0000000000007542                std::__cxx11::_List_base<AlarmItem, std::allocator<AlarmItem> >::~_List_base()
 *fill*         0x0000000000007569        0x1 
 .text._ZNSt7__cxx114listI9AlarmItemSaIS1_EE9push_backERKS1_
                0x000000000000756a       0x35 AlarmManager/AlarmDispatch.o
                0x000000000000756a                std::__cxx11::list<AlarmItem, std::allocator<AlarmItem> >::push_back(AlarmItem const&)
 .text._ZSt7forwardIRNSt7__cxx114listI9AlarmItemSaIS2_EEEEOT_RNSt16remove_referenceIS6_E4typeE
                0x000000000000759f        0xe AlarmManager/AlarmDispatch.o
                0x000000000000759f                std::__cxx11::list<AlarmItem, std::allocator<AlarmItem> >& std::forward<std::__cxx11::list<AlarmItem, std::allocator<AlarmItem> >&>(std::remove_reference<std::__cxx11::list<AlarmItem, std::allocator<AlarmItem> >&>::type&)
 *fill*         0x00000000000075ad        0x1 
 .text._ZNSt4pairIKsNSt7__cxx114listI9AlarmItemSaIS3_EEEEC2IRsRS5_Lb1EEEOT_OT0_
                0x00000000000075ae       0x52 AlarmManager/AlarmDispatch.o
                0x00000000000075ae                std::pair<short const, std::__cxx11::list<AlarmItem, std::allocator<AlarmItem> > >::pair<short&, std::__cxx11::list<AlarmItem, std::allocator<AlarmItem> >&, true>(short&, std::__cxx11::list<AlarmItem, std::allocator<AlarmItem> >&)
                0x00000000000075ae                std::pair<short const, std::__cxx11::list<AlarmItem, std::allocator<AlarmItem> > >::pair<short&, std::__cxx11::list<AlarmItem, std::allocator<AlarmItem> >&, true>(short&, std::__cxx11::list<AlarmItem, std::allocator<AlarmItem> >&)
 .text._ZSt4moveIRSt4pairIKsNSt7__cxx114listI9AlarmItemSaIS4_EEEEEONSt16remove_referenceIT_E4typeEOSA_
                0x0000000000007600        0xe AlarmManager/AlarmDispatch.o
                0x0000000000007600                std::remove_reference<std::pair<short const, std::__cxx11::list<AlarmItem, std::allocator<AlarmItem> > >&>::type&& std::move<std::pair<short const, std::__cxx11::list<AlarmItem, std::allocator<AlarmItem> > >&>(std::pair<short const, std::__cxx11::list<AlarmItem, std::allocator<AlarmItem> > >&)
 .text._ZNSt3mapIsNSt7__cxx114listI9AlarmItemSaIS2_EEESt4lessIsESaISt4pairIKsS4_EEE6insertEOS9_
                0x000000000000760e       0x33 AlarmManager/AlarmDispatch.o
                0x000000000000760e                std::map<short, std::__cxx11::list<AlarmItem, std::allocator<AlarmItem> >, std::less<short>, std::allocator<std::pair<short const, std::__cxx11::list<AlarmItem, std::allocator<AlarmItem> > > > >::insert(std::pair<short const, std::__cxx11::list<AlarmItem, std::allocator<AlarmItem> > >&&)
 *fill*         0x0000000000007641        0x1 
 .text._ZNSt5tupleIJRKsEEC2IvLb1EEES1_
                0x0000000000007642       0x26 AlarmManager/AlarmDispatch.o
                0x0000000000007642                std::tuple<short const&>::tuple<void, true>(short const&)
                0x0000000000007642                std::tuple<short const&>::tuple<void, true>(short const&)
 .text._ZNSt11_Tuple_implILm0EJRKsEEC2ES1_
                0x0000000000007668       0x26 AlarmManager/AlarmDispatch.o
                0x0000000000007668                std::_Tuple_impl<0ul, short const&>::_Tuple_impl(short const&)
                0x0000000000007668                std::_Tuple_impl<0ul, short const&>::_Tuple_impl(short const&)
 .text._ZNSt10_Head_baseILm0ERKsLb0EEC2ES1_
                0x000000000000768e       0x1a AlarmManager/AlarmDispatch.o
                0x000000000000768e                std::_Head_base<0ul, short const&, false>::_Head_base(short const&)
                0x000000000000768e                std::_Head_base<0ul, short const&, false>::_Head_base(short const&)
 .text._ZNSt3mapIsNSt7__cxx114listI9AlarmItemSaIS2_EEESt4lessIsESaISt4pairIKsS4_EEEixERS8_
                0x00000000000076a8      0x11d AlarmManager/AlarmDispatch.o
                0x00000000000076a8                std::map<short, std::__cxx11::list<AlarmItem, std::allocator<AlarmItem> >, std::less<short>, std::allocator<std::pair<short const, std::__cxx11::list<AlarmItem, std::allocator<AlarmItem> > > > >::operator[](short const&)
 *fill*         0x00000000000077c5        0x1 
 .text._ZNSt7__cxx114listI9AlarmItemSaIS1_EE5beginEv
                0x00000000000077c6       0x4b AlarmManager/AlarmDispatch.o
                0x00000000000077c6                std::__cxx11::list<AlarmItem, std::allocator<AlarmItem> >::begin()
 *fill*         0x0000000000007811        0x1 
 .text._ZNSt7__cxx114listI9AlarmItemSaIS1_EE3endEv
                0x0000000000007812       0x48 AlarmManager/AlarmDispatch.o
                0x0000000000007812                std::__cxx11::list<AlarmItem, std::allocator<AlarmItem> >::end()
 .text._ZNKSt14_List_iteratorI9AlarmItemEneERKS1_
                0x000000000000785a       0x22 AlarmManager/AlarmDispatch.o
                0x000000000000785a                std::_List_iterator<AlarmItem>::operator!=(std::_List_iterator<AlarmItem> const&) const
 .text._ZNSt14_List_iteratorI9AlarmItemEppEv
                0x000000000000787c       0x1f AlarmManager/AlarmDispatch.o
                0x000000000000787c                std::_List_iterator<AlarmItem>::operator++()
 *fill*         0x000000000000789b        0x1 
 .text._ZNKSt14_List_iteratorI9AlarmItemEdeEv
                0x000000000000789c       0x1d AlarmManager/AlarmDispatch.o
                0x000000000000789c                std::_List_iterator<AlarmItem>::operator*() const
 *fill*         0x00000000000078b9        0x1 
 .text._ZNSt20_List_const_iteratorI9AlarmItemEC2ERKSt14_List_iteratorIS0_E
                0x00000000000078ba       0x1d AlarmManager/AlarmDispatch.o
                0x00000000000078ba                std::_List_const_iterator<AlarmItem>::_List_const_iterator(std::_List_iterator<AlarmItem> const&)
                0x00000000000078ba                std::_List_const_iterator<AlarmItem>::_List_const_iterator(std::_List_iterator<AlarmItem> const&)
 *fill*         0x00000000000078d7        0x1 
 .text._ZNSt7__cxx114listI9AlarmItemSaIS1_EE5eraseESt20_List_const_iteratorIS1_E
                0x00000000000078d8       0x6d AlarmManager/AlarmDispatch.o
                0x00000000000078d8                std::__cxx11::list<AlarmItem, std::allocator<AlarmItem> >::erase(std::_List_const_iterator<AlarmItem>)
 *fill*         0x0000000000007945        0x1 
 .text._ZNKSt14_List_iteratorI9AlarmItemEeqERKS1_
                0x0000000000007946       0x22 AlarmManager/AlarmDispatch.o
                0x0000000000007946                std::_List_iterator<AlarmItem>::operator==(std::_List_iterator<AlarmItem> const&) const
 .text._ZNKSt7__cxx114listI9AlarmItemSaIS1_EE5emptyEv
                0x0000000000007968       0x1b AlarmManager/AlarmDispatch.o
                0x0000000000007968                std::__cxx11::list<AlarmItem, std::allocator<AlarmItem> >::empty() const
 *fill*         0x0000000000007983        0x1 
 .text._ZNSt6vectorI9AlarmItemSaIS0_EE9push_backERKS0_
                0x0000000000007984       0x7b AlarmManager/AlarmDispatch.o
                0x0000000000007984                std::vector<AlarmItem, std::allocator<AlarmItem> >::push_back(AlarmItem const&)
 *fill*         0x00000000000079ff        0x1 
 .text._ZNKSt6vectorISt4pairIs7AlarmIdESaIS2_EE4sizeEv
                0x0000000000007a00       0x26 AlarmManager/AlarmDispatch.o
                0x0000000000007a00                std::vector<std::pair<short, AlarmId>, std::allocator<std::pair<short, AlarmId> > >::size() const
 .text._ZNSt6vectorISt4pairIs7AlarmIdESaIS2_EEixEm
                0x0000000000007a26       0x20 AlarmManager/AlarmDispatch.o
                0x0000000000007a26                std::vector<std::pair<short, AlarmId>, std::allocator<std::pair<short, AlarmId> > >::operator[](unsigned long)
 .text._ZNSt6vectorISt4pairIs7AlarmIdESaIS2_EE5beginEv
                0x0000000000007a46       0x48 AlarmManager/AlarmDispatch.o
                0x0000000000007a46                std::vector<std::pair<short, AlarmId>, std::allocator<std::pair<short, AlarmId> > >::begin()
 .text._ZNK9__gnu_cxx17__normal_iteratorIPSt4pairIs7AlarmIdESt6vectorIS3_SaIS3_EEEplEl
                0x0000000000007a8e       0x62 AlarmManager/AlarmDispatch.o
                0x0000000000007a8e                __gnu_cxx::__normal_iterator<std::pair<short, AlarmId>*, std::vector<std::pair<short, AlarmId>, std::allocator<std::pair<short, AlarmId> > > >::operator+(long) const
 .text._ZN9__gnu_cxx17__normal_iteratorIPKSt4pairIs7AlarmIdESt6vectorIS3_SaIS3_EEEC2IPS3_EERKNS0_IT_NS_11__enable_ifIXsrSt10__are_sameISC_SB_E7__valueES8_E6__typeEEE
                0x0000000000007af0       0x29 AlarmManager/AlarmDispatch.o
                0x0000000000007af0                __gnu_cxx::__normal_iterator<std::pair<short, AlarmId> const*, std::vector<std::pair<short, AlarmId>, std::allocator<std::pair<short, AlarmId> > > >::__normal_iterator<std::pair<short, AlarmId>*>(__gnu_cxx::__normal_iterator<std::pair<short, AlarmId>*, __gnu_cxx::__enable_if<std::__are_same<std::pair<short, AlarmId>*, std::pair<short, AlarmId>*>::__value, std::vector<std::pair<short, AlarmId>, std::allocator<std::pair<short, AlarmId> > > >::__type> const&)
                0x0000000000007af0                __gnu_cxx::__normal_iterator<std::pair<short, AlarmId> const*, std::vector<std::pair<short, AlarmId>, std::allocator<std::pair<short, AlarmId> > > >::__normal_iterator<std::pair<short, AlarmId>*>(__gnu_cxx::__normal_iterator<std::pair<short, AlarmId>*, __gnu_cxx::__enable_if<std::__are_same<std::pair<short, AlarmId>*, std::pair<short, AlarmId>*>::__value, std::vector<std::pair<short, AlarmId>, std::allocator<std::pair<short, AlarmId> > > >::__type> const&)
 *fill*         0x0000000000007b19        0x1 
 .text._ZNSt6vectorISt4pairIs7AlarmIdESaIS2_EE5eraseEN9__gnu_cxx17__normal_iteratorIPKS2_S4_EE
                0x0000000000007b1a       0x92 AlarmManager/AlarmDispatch.o
                0x0000000000007b1a                std::vector<std::pair<short, AlarmId>, std::allocator<std::pair<short, AlarmId> > >::erase(__gnu_cxx::__normal_iterator<std::pair<short, AlarmId> const*, std::vector<std::pair<short, AlarmId>, std::allocator<std::pair<short, AlarmId> > > >)
 .text._ZNSt6vectorISt4pairIs7AlarmIdESaIS2_EE5clearEv
                0x0000000000007bac       0x25 AlarmManager/AlarmDispatch.o
                0x0000000000007bac                std::vector<std::pair<short, AlarmId>, std::allocator<std::pair<short, AlarmId> > >::clear()
 *fill*         0x0000000000007bd1        0x1 
 .text._ZN9__gnu_cxx13new_allocatorISt13_Rb_tree_nodeISt4pairIKsNSt7__cxx114listI9AlarmItemSaIS6_EEEEEEC2Ev
                0x0000000000007bd2        0xb AlarmManager/AlarmDispatch.o
                0x0000000000007bd2                __gnu_cxx::new_allocator<std::_Rb_tree_node<std::pair<short const, std::__cxx11::list<AlarmItem, std::allocator<AlarmItem> > > > >::new_allocator()
                0x0000000000007bd2                __gnu_cxx::new_allocator<std::_Rb_tree_node<std::pair<short const, std::__cxx11::list<AlarmItem, std::allocator<AlarmItem> > > > >::new_allocator()
 *fill*         0x0000000000007bdd        0x1 
 .text._ZN9__gnu_cxx13new_allocatorISt13_Rb_tree_nodeISt4pairIKsNSt7__cxx114listI9AlarmItemSaIS6_EEEEEED2Ev
                0x0000000000007bde        0xb AlarmManager/AlarmDispatch.o
                0x0000000000007bde                __gnu_cxx::new_allocator<std::_Rb_tree_node<std::pair<short const, std::__cxx11::list<AlarmItem, std::allocator<AlarmItem> > > > >::~new_allocator()
                0x0000000000007bde                __gnu_cxx::new_allocator<std::_Rb_tree_node<std::pair<short const, std::__cxx11::list<AlarmItem, std::allocator<AlarmItem> > > > >::~new_allocator()
 *fill*         0x0000000000007be9        0x1 
 .text._ZNSt8_Rb_treeIsSt4pairIKsNSt7__cxx114listI9AlarmItemSaIS4_EEEESt10_Select1stIS7_ESt4lessIsESaIS7_EE8_M_eraseEPSt13_Rb_tree_nodeIS7_E
                0x0000000000007bea       0x65 AlarmManager/AlarmDispatch.o
                0x0000000000007bea                std::_Rb_tree<short, std::pair<short const, std::__cxx11::list<AlarmItem, std::allocator<AlarmItem> > >, std::_Select1st<std::pair<short const, std::__cxx11::list<AlarmItem, std::allocator<AlarmItem> > > >, std::less<short>, std::allocator<std::pair<short const, std::__cxx11::list<AlarmItem, std::allocator<AlarmItem> > > > >::_M_erase(std::_Rb_tree_node<std::pair<short const, std::__cxx11::list<AlarmItem, std::allocator<AlarmItem> > > >*)
 *fill*         0x0000000000007c4f        0x1 
 .text._ZNSt8_Rb_treeIsSt4pairIKsNSt7__cxx114listI9AlarmItemSaIS4_EEEESt10_Select1stIS7_ESt4lessIsESaIS7_EE8_M_beginEv
                0x0000000000007c50       0x12 AlarmManager/AlarmDispatch.o
                0x0000000000007c50                std::_Rb_tree<short, std::pair<short const, std::__cxx11::list<AlarmItem, std::allocator<AlarmItem> > >, std::_Select1st<std::pair<short const, std::__cxx11::list<AlarmItem, std::allocator<AlarmItem> > > >, std::less<short>, std::allocator<std::pair<short const, std::__cxx11::list<AlarmItem, std::allocator<AlarmItem> > > > >::_M_begin()
 .text._ZNSt12_Vector_baseISt4pairIs7AlarmIdESaIS2_EE12_Vector_implD2Ev
                0x0000000000007c62       0x1b AlarmManager/AlarmDispatch.o
                0x0000000000007c62                std::_Vector_base<std::pair<short, AlarmId>, std::allocator<std::pair<short, AlarmId> > >::_Vector_impl::~_Vector_impl()
                0x0000000000007c62                std::_Vector_base<std::pair<short, AlarmId>, std::allocator<std::pair<short, AlarmId> > >::_Vector_impl::~_Vector_impl()
 *fill*         0x0000000000007c7d        0x1 
 .text._ZNSt12_Vector_baseISt4pairIs7AlarmIdESaIS2_EEC2Ev
                0x0000000000007c7e       0x1b AlarmManager/AlarmDispatch.o
                0x0000000000007c7e                std::_Vector_base<std::pair<short, AlarmId>, std::allocator<std::pair<short, AlarmId> > >::_Vector_base()
                0x0000000000007c7e                std::_Vector_base<std::pair<short, AlarmId>, std::allocator<std::pair<short, AlarmId> > >::_Vector_base()
 *fill*         0x0000000000007c99        0x1 
 .text._ZNSt12_Vector_baseISt4pairIs7AlarmIdESaIS2_EED2Ev
                0x0000000000007c9a       0x50 AlarmManager/AlarmDispatch.o
                0x0000000000007c9a                std::_Vector_base<std::pair<short, AlarmId>, std::allocator<std::pair<short, AlarmId> > >::~_Vector_base()
                0x0000000000007c9a                std::_Vector_base<std::pair<short, AlarmId>, std::allocator<std::pair<short, AlarmId> > >::~_Vector_base()
 .text._ZNSt12_Vector_baseISt4pairIs7AlarmIdESaIS2_EE19_M_get_Tp_allocatorEv
                0x0000000000007cea        0xe AlarmManager/AlarmDispatch.o
                0x0000000000007cea                std::_Vector_base<std::pair<short, AlarmId>, std::allocator<std::pair<short, AlarmId> > >::_M_get_Tp_allocator()
 .text._ZSt8_DestroyIPSt4pairIs7AlarmIdES2_EvT_S4_RSaIT0_E
                0x0000000000007cf8       0x2a AlarmManager/AlarmDispatch.o
                0x0000000000007cf8                void std::_Destroy<std::pair<short, AlarmId>*, std::pair<short, AlarmId> >(std::pair<short, AlarmId>*, std::pair<short, AlarmId>*, std::allocator<std::pair<short, AlarmId> >&)
 .text._ZNSt8_Rb_treeIsSt4pairIKsNSt7__cxx114listI9AlarmItemSaIS4_EEEESt10_Select1stIS7_ESt4lessIsESaIS7_EE5clearEv
                0x0000000000007d22       0x3d AlarmManager/AlarmDispatch.o
                0x0000000000007d22                std::_Rb_tree<short, std::pair<short const, std::__cxx11::list<AlarmItem, std::allocator<AlarmItem> > >, std::_Select1st<std::pair<short const, std::__cxx11::list<AlarmItem, std::allocator<AlarmItem> > > >, std::less<short>, std::allocator<std::pair<short const, std::__cxx11::list<AlarmItem, std::allocator<AlarmItem> > > > >::clear()
 *fill*         0x0000000000007d5f        0x1 
 .text._ZNSt8_Rb_treeIsSt4pairIKsNSt7__cxx114listI9AlarmItemSaIS4_EEEESt10_Select1stIS7_ESt4lessIsESaIS7_EE5beginEv
                0x0000000000007d60       0x4c AlarmManager/AlarmDispatch.o
                0x0000000000007d60                std::_Rb_tree<short, std::pair<short const, std::__cxx11::list<AlarmItem, std::allocator<AlarmItem> > >, std::_Select1st<std::pair<short const, std::__cxx11::list<AlarmItem, std::allocator<AlarmItem> > > >, std::less<short>, std::allocator<std::pair<short const, std::__cxx11::list<AlarmItem, std::allocator<AlarmItem> > > > >::begin()
 .text._ZNSt8_Rb_treeIsSt4pairIKsNSt7__cxx114listI9AlarmItemSaIS4_EEEESt10_Select1stIS7_ESt4lessIsESaIS7_EE3endEv
                0x0000000000007dac       0x4c AlarmManager/AlarmDispatch.o
                0x0000000000007dac                std::_Rb_tree<short, std::pair<short const, std::__cxx11::list<AlarmItem, std::allocator<AlarmItem> > >, std::_Select1st<std::pair<short const, std::__cxx11::list<AlarmItem, std::allocator<AlarmItem> > > >, std::less<short>, std::allocator<std::pair<short const, std::__cxx11::list<AlarmItem, std::allocator<AlarmItem> > > > >::end()
 .text._ZNSt13_Rb_tree_nodeISt4pairIKsNSt7__cxx114listI9AlarmItemSaIS4_EEEEE9_M_valptrEv
                0x0000000000007df8       0x1e AlarmManager/AlarmDispatch.o
                0x0000000000007df8                std::_Rb_tree_node<std::pair<short const, std::__cxx11::list<AlarmItem, std::allocator<AlarmItem> > > >::_M_valptr()
 .text._ZNSt7__cxx1110_List_baseI9AlarmItemSaIS1_EE8_M_clearEv
                0x0000000000007e16       0x7a AlarmManager/AlarmDispatch.o
                0x0000000000007e16                std::__cxx11::_List_base<AlarmItem, std::allocator<AlarmItem> >::_M_clear()
 .text._ZNSt7__cxx1110_List_baseI9AlarmItemSaIS1_EE7_M_initEv
                0x0000000000007e90       0x37 AlarmManager/AlarmDispatch.o
                0x0000000000007e90                std::__cxx11::_List_base<AlarmItem, std::allocator<AlarmItem> >::_M_init()
 *fill*         0x0000000000007ec7        0x1 
 .text._ZNSt8_Rb_treeIsSt4pairIKsNSt7__cxx114listI9AlarmItemSaIS4_EEEESt10_Select1stIS7_ESt4lessIsESaIS7_EE4findERS1_
                0x0000000000007ec8       0xd2 AlarmManager/AlarmDispatch.o
                0x0000000000007ec8                std::_Rb_tree<short, std::pair<short const, std::__cxx11::list<AlarmItem, std::allocator<AlarmItem> > >, std::_Select1st<std::pair<short const, std::__cxx11::list<AlarmItem, std::allocator<AlarmItem> > > >, std::less<short>, std::allocator<std::pair<short const, std::__cxx11::list<AlarmItem, std::allocator<AlarmItem> > > > >::find(short const&)
 .text._ZNSt7__cxx1110_List_baseI9AlarmItemSaIS1_EEC2Ev
                0x0000000000007f9a       0x27 AlarmManager/AlarmDispatch.o
                0x0000000000007f9a                std::__cxx11::_List_base<AlarmItem, std::allocator<AlarmItem> >::_List_base()
                0x0000000000007f9a                std::__cxx11::_List_base<AlarmItem, std::allocator<AlarmItem> >::_List_base()
 *fill*         0x0000000000007fc1        0x1 
 .text._ZNSaISt10_List_nodeI9AlarmItemEED2Ev
                0x0000000000007fc2       0x1b AlarmManager/AlarmDispatch.o
                0x0000000000007fc2                std::allocator<std::_List_node<AlarmItem> >::~allocator()
                0x0000000000007fc2                std::allocator<std::_List_node<AlarmItem> >::~allocator()
 .text._ZSt7forwardIRK9AlarmItemEOT_RNSt16remove_referenceIS3_E4typeE
                0x0000000000007fdd        0xe AlarmManager/AlarmDispatch.o
                0x0000000000007fdd                AlarmItem const& std::forward<AlarmItem const&>(std::remove_reference<AlarmItem const&>::type&)
 *fill*         0x0000000000007feb        0x1 
 .text._ZNSt7__cxx114listI9AlarmItemSaIS1_EE9_M_insertIJRKS1_EEEvSt14_List_iteratorIS1_EDpOT_
                0x0000000000007fec       0x5d AlarmManager/AlarmDispatch.o
                0x0000000000007fec                void std::__cxx11::list<AlarmItem, std::allocator<AlarmItem> >::_M_insert<AlarmItem const&>(std::_List_iterator<AlarmItem>, AlarmItem const&)
 .text._ZSt7forwardIRsEOT_RNSt16remove_referenceIS1_E4typeE
                0x0000000000008049        0xe AlarmManager/AlarmDispatch.o
                0x0000000000008049                short& std::forward<short&>(std::remove_reference<short&>::type&)
 *fill*         0x0000000000008057        0x1 
 .text._ZNSt7__cxx114listI9AlarmItemSaIS1_EEC2ERKS3_
                0x0000000000008058       0xd3 AlarmManager/AlarmDispatch.o
                0x0000000000008058                std::__cxx11::list<AlarmItem, std::allocator<AlarmItem> >::list(std::__cxx11::list<AlarmItem, std::allocator<AlarmItem> > const&)
                0x0000000000008058                std::__cxx11::list<AlarmItem, std::allocator<AlarmItem> >::list(std::__cxx11::list<AlarmItem, std::allocator<AlarmItem> > const&)
 .text._ZSt7forwardISt4pairIKsNSt7__cxx114listI9AlarmItemSaIS4_EEEEEOT_RNSt16remove_referenceIS8_E4typeE
                0x000000000000812b        0xe AlarmManager/AlarmDispatch.o
                0x000000000000812b                std::pair<short const, std::__cxx11::list<AlarmItem, std::allocator<AlarmItem> > >&& std::forward<std::pair<short const, std::__cxx11::list<AlarmItem, std::allocator<AlarmItem> > > >(std::remove_reference<std::pair<short const, std::__cxx11::list<AlarmItem, std::allocator<AlarmItem> > > >::type&)
 *fill*         0x0000000000008139        0x1 
 .text._ZNSt8_Rb_treeIsSt4pairIKsNSt7__cxx114listI9AlarmItemSaIS4_EEEESt10_Select1stIS7_ESt4lessIsESaIS7_EE16_M_insert_uniqueIS7_EES0_ISt17_Rb_tree_iteratorIS7_EbEOT_
                0x000000000000813a      0x10a AlarmManager/AlarmDispatch.o
                0x000000000000813a                std::pair<std::_Rb_tree_iterator<std::pair<short const, std::__cxx11::list<AlarmItem, std::allocator<AlarmItem> > > >, bool> std::_Rb_tree<short, std::pair<short const, std::__cxx11::list<AlarmItem, std::allocator<AlarmItem> > >, std::_Select1st<std::pair<short const, std::__cxx11::list<AlarmItem, std::allocator<AlarmItem> > > >, std::less<short>, std::allocator<std::pair<short const, std::__cxx11::list<AlarmItem, std::allocator<AlarmItem> > > > >::_M_insert_unique<std::pair<short const, std::__cxx11::list<AlarmItem, std::allocator<AlarmItem> > > >(std::pair<short const, std::__cxx11::list<AlarmItem, std::allocator<AlarmItem> > >&&)
 .text._ZNSt3mapIsNSt7__cxx114listI9AlarmItemSaIS2_EEESt4lessIsESaISt4pairIKsS4_EEE11lower_boundERS8_
                0x0000000000008244       0x25 AlarmManager/AlarmDispatch.o
                0x0000000000008244                std::map<short, std::__cxx11::list<AlarmItem, std::allocator<AlarmItem> >, std::less<short>, std::allocator<std::pair<short const, std::__cxx11::list<AlarmItem, std::allocator<AlarmItem> > > > >::lower_bound(short const&)
 *fill*         0x0000000000008269        0x1 
 .text._ZNKSt3mapIsNSt7__cxx114listI9AlarmItemSaIS2_EEESt4lessIsESaISt4pairIKsS4_EEE8key_compEv
                0x000000000000826a       0x22 AlarmManager/AlarmDispatch.o
                0x000000000000826a                std::map<short, std::__cxx11::list<AlarmItem, std::allocator<AlarmItem> >, std::less<short>, std::allocator<std::pair<short const, std::__cxx11::list<AlarmItem, std::allocator<AlarmItem> > > > >::key_comp() const
 .text._ZNKSt17_Rb_tree_iteratorISt4pairIKsNSt7__cxx114listI9AlarmItemSaIS4_EEEEEdeEv
                0x000000000000828c       0x1d AlarmManager/AlarmDispatch.o
                0x000000000000828c                std::_Rb_tree_iterator<std::pair<short const, std::__cxx11::list<AlarmItem, std::allocator<AlarmItem> > > >::operator*() const
 *fill*         0x00000000000082a9        0x1 
 .text._ZNKSt4lessIsEclERKsS2_
                0x00000000000082aa       0x26 AlarmManager/AlarmDispatch.o
                0x00000000000082aa                std::less<short>::operator()(short const&, short const&) const
 .text._ZNSt23_Rb_tree_const_iteratorISt4pairIKsNSt7__cxx114listI9AlarmItemSaIS4_EEEEEC2ERKSt17_Rb_tree_iteratorIS7_E
                0x00000000000082d0       0x1d AlarmManager/AlarmDispatch.o
                0x00000000000082d0                std::_Rb_tree_const_iterator<std::pair<short const, std::__cxx11::list<AlarmItem, std::allocator<AlarmItem> > > >::_Rb_tree_const_iterator(std::_Rb_tree_iterator<std::pair<short const, std::__cxx11::list<AlarmItem, std::allocator<AlarmItem> > > > const&)
                0x00000000000082d0                std::_Rb_tree_const_iterator<std::pair<short const, std::__cxx11::list<AlarmItem, std::allocator<AlarmItem> > > >::_Rb_tree_const_iterator(std::_Rb_tree_iterator<std::pair<short const, std::__cxx11::list<AlarmItem, std::allocator<AlarmItem> > > > const&)
 .text._ZSt7forwardIRKSt21piecewise_construct_tEOT_RNSt16remove_referenceIS3_E4typeE
                0x00000000000082ed        0xe AlarmManager/AlarmDispatch.o
                0x00000000000082ed                std::piecewise_construct_t const& std::forward<std::piecewise_construct_t const&>(std::remove_reference<std::piecewise_construct_t const&>::type&)
 .text._ZSt7forwardISt5tupleIJRKsEEEOT_RNSt16remove_referenceIS4_E4typeE
                0x00000000000082fb        0xe AlarmManager/AlarmDispatch.o
                0x00000000000082fb                std::tuple<short const&>&& std::forward<std::tuple<short const&> >(std::remove_reference<std::tuple<short const&> >::type&)
 .text._ZSt7forwardISt5tupleIJEEEOT_RNSt16remove_referenceIS2_E4typeE
                0x0000000000008309        0xe AlarmManager/AlarmDispatch.o
                0x0000000000008309                std::tuple<>&& std::forward<std::tuple<> >(std::remove_reference<std::tuple<> >::type&)
 *fill*         0x0000000000008317        0x1 
 .text._ZNSt8_Rb_treeIsSt4pairIKsNSt7__cxx114listI9AlarmItemSaIS4_EEEESt10_Select1stIS7_ESt4lessIsESaIS7_EE22_M_emplace_hint_uniqueIJRKSt21piecewise_construct_tSt5tupleIJRS1_EESI_IJEEEEESt17_Rb_tree_iteratorIS7_ESt23_Rb_tree_const_iteratorIS7_EDpOT_
                0x0000000000008318      0x13a AlarmManager/AlarmDispatch.o
                0x0000000000008318                std::_Rb_tree_iterator<std::pair<short const, std::__cxx11::list<AlarmItem, std::allocator<AlarmItem> > > > std::_Rb_tree<short, std::pair<short const, std::__cxx11::list<AlarmItem, std::allocator<AlarmItem> > >, std::_Select1st<std::pair<short const, std::__cxx11::list<AlarmItem, std::allocator<AlarmItem> > > >, std::less<short>, std::allocator<std::pair<short const, std::__cxx11::list<AlarmItem, std::allocator<AlarmItem> > > > >::_M_emplace_hint_unique<std::piecewise_construct_t const&, std::tuple<short const&>, std::tuple<> >(std::_Rb_tree_const_iterator<std::pair<short const, std::__cxx11::list<AlarmItem, std::allocator<AlarmItem> > > >, std::piecewise_construct_t const&, std::tuple<short const&>&&, std::tuple<>&&)
 .text._ZNSt14_List_iteratorI9AlarmItemEC2EPNSt8__detail15_List_node_baseE
                0x0000000000008452       0x1a AlarmManager/AlarmDispatch.o
                0x0000000000008452                std::_List_iterator<AlarmItem>::_List_iterator(std::__detail::_List_node_base*)
                0x0000000000008452                std::_List_iterator<AlarmItem>::_List_iterator(std::__detail::_List_node_base*)
 .text._ZNSt10_List_nodeI9AlarmItemE9_M_valptrEv
                0x000000000000846c       0x1e AlarmManager/AlarmDispatch.o
                0x000000000000846c                std::_List_node<AlarmItem>::_M_valptr()
 .text._ZNSt7__cxx114listI9AlarmItemSaIS1_EE8_M_eraseESt14_List_iteratorIS1_E
                0x000000000000848a       0x77 AlarmManager/AlarmDispatch.o
                0x000000000000848a                std::__cxx11::list<AlarmItem, std::allocator<AlarmItem> >::_M_erase(std::_List_iterator<AlarmItem>)
 *fill*         0x0000000000008501        0x1 
 .text._ZNKSt20_List_const_iteratorI9AlarmItemE13_M_const_castEv
                0x0000000000008502       0x4b AlarmManager/AlarmDispatch.o
                0x0000000000008502                std::_List_const_iterator<AlarmItem>::_M_const_cast() const
 .text._ZNSt16allocator_traitsISaI9AlarmItemEE9constructIS0_JRKS0_EEEvRS1_PT_DpOT0_
                0x000000000000854d       0x39 AlarmManager/AlarmDispatch.o
                0x000000000000854d                void std::allocator_traits<std::allocator<AlarmItem> >::construct<AlarmItem, AlarmItem const&>(std::allocator<AlarmItem>&, AlarmItem*, AlarmItem const&)
 .text._ZNSt6vectorI9AlarmItemSaIS0_EE3endEv
                0x0000000000008586       0x4c AlarmManager/AlarmDispatch.o
                0x0000000000008586                std::vector<AlarmItem, std::allocator<AlarmItem> >::end()
 .text._ZNSt6vectorI9AlarmItemSaIS0_EE17_M_realloc_insertIJRKS0_EEEvN9__gnu_cxx17__normal_iteratorIPS0_S2_EEDpOT_
                0x00000000000085d2      0x2a8 AlarmManager/AlarmDispatch.o
                0x00000000000085d2                void std::vector<AlarmItem, std::allocator<AlarmItem> >::_M_realloc_insert<AlarmItem const&>(__gnu_cxx::__normal_iterator<AlarmItem*, std::vector<AlarmItem, std::allocator<AlarmItem> > >, AlarmItem const&)
 .text._ZN9__gnu_cxx17__normal_iteratorIPSt4pairIs7AlarmIdESt6vectorIS3_SaIS3_EEEC2ERKS4_
                0x000000000000887a       0x1d AlarmManager/AlarmDispatch.o
                0x000000000000887a                __gnu_cxx::__normal_iterator<std::pair<short, AlarmId>*, std::vector<std::pair<short, AlarmId>, std::allocator<std::pair<short, AlarmId> > > >::__normal_iterator(std::pair<short, AlarmId>* const&)
                0x000000000000887a                __gnu_cxx::__normal_iterator<std::pair<short, AlarmId>*, std::vector<std::pair<short, AlarmId>, std::allocator<std::pair<short, AlarmId> > > >::__normal_iterator(std::pair<short, AlarmId>* const&)
 *fill*         0x0000000000008897        0x1 
 .text._ZNK9__gnu_cxx17__normal_iteratorIPSt4pairIs7AlarmIdESt6vectorIS3_SaIS3_EEE4baseEv
                0x0000000000008898        0xe AlarmManager/AlarmDispatch.o
                0x0000000000008898                __gnu_cxx::__normal_iterator<std::pair<short, AlarmId>*, std::vector<std::pair<short, AlarmId>, std::allocator<std::pair<short, AlarmId> > > >::base() const
 .text._ZNKSt6vectorISt4pairIs7AlarmIdESaIS2_EE6cbeginEv
                0x00000000000088a6       0x53 AlarmManager/AlarmDispatch.o
                0x00000000000088a6                std::vector<std::pair<short, AlarmId>, std::allocator<std::pair<short, AlarmId> > >::cbegin() const
 .text._ZN9__gnu_cxxmiIPKSt4pairIs7AlarmIdESt6vectorIS3_SaIS3_EEEENS_17__normal_iteratorIT_T0_E15difference_typeERKSC_SF_
                0x00000000000088f9       0x43 AlarmManager/AlarmDispatch.o
                0x00000000000088f9                __gnu_cxx::__normal_iterator<std::pair<short, AlarmId> const*, std::vector<std::pair<short, AlarmId>, std::allocator<std::pair<short, AlarmId> > > >::difference_type __gnu_cxx::operator-<std::pair<short, AlarmId> const*, std::vector<std::pair<short, AlarmId>, std::allocator<std::pair<short, AlarmId> > > >(__gnu_cxx::__normal_iterator<std::pair<short, AlarmId> const*, std::vector<std::pair<short, AlarmId>, std::allocator<std::pair<short, AlarmId> > > > const&, __gnu_cxx::__normal_iterator<std::pair<short, AlarmId> const*, std::vector<std::pair<short, AlarmId>, std::allocator<std::pair<short, AlarmId> > > > const&)
 .text._ZNSt6vectorISt4pairIs7AlarmIdESaIS2_EE8_M_eraseEN9__gnu_cxx17__normal_iteratorIPS2_S4_EE
                0x000000000000893c       0xdb AlarmManager/AlarmDispatch.o
                0x000000000000893c                std::vector<std::pair<short, AlarmId>, std::allocator<std::pair<short, AlarmId> > >::_M_erase(__gnu_cxx::__normal_iterator<std::pair<short, AlarmId>*, std::vector<std::pair<short, AlarmId>, std::allocator<std::pair<short, AlarmId> > > >)
 *fill*         0x0000000000008a17        0x1 
 .text._ZNSt6vectorISt4pairIs7AlarmIdESaIS2_EE15_M_erase_at_endEPS2_
                0x0000000000008a18       0x45 AlarmManager/AlarmDispatch.o
                0x0000000000008a18                std::vector<std::pair<short, AlarmId>, std::allocator<std::pair<short, AlarmId> > >::_M_erase_at_end(std::pair<short, AlarmId>*)
 .text._ZNSt8_Rb_treeIsSt4pairIKsNSt7__cxx114listI9AlarmItemSaIS4_EEEESt10_Select1stIS7_ESt4lessIsESaIS7_EE8_S_rightEPSt18_Rb_tree_node_base
                0x0000000000008a5d       0x12 AlarmManager/AlarmDispatch.o
                0x0000000000008a5d                std::_Rb_tree<short, std::pair<short const, std::__cxx11::list<AlarmItem, std::allocator<AlarmItem> > >, std::_Select1st<std::pair<short const, std::__cxx11::list<AlarmItem, std::allocator<AlarmItem> > > >, std::less<short>, std::allocator<std::pair<short const, std::__cxx11::list<AlarmItem, std::allocator<AlarmItem> > > > >::_S_right(std::_Rb_tree_node_base*)
 .text._ZNSt8_Rb_treeIsSt4pairIKsNSt7__cxx114listI9AlarmItemSaIS4_EEEESt10_Select1stIS7_ESt4lessIsESaIS7_EE7_S_leftEPSt18_Rb_tree_node_base
                0x0000000000008a6f       0x12 AlarmManager/AlarmDispatch.o
                0x0000000000008a6f                std::_Rb_tree<short, std::pair<short const, std::__cxx11::list<AlarmItem, std::allocator<AlarmItem> > >, std::_Select1st<std::pair<short const, std::__cxx11::list<AlarmItem, std::allocator<AlarmItem> > > >, std::less<short>, std::allocator<std::pair<short const, std::__cxx11::list<AlarmItem, std::allocator<AlarmItem> > > > >::_S_left(std::_Rb_tree_node_base*)
 *fill*         0x0000000000008a81        0x1 
 .text._ZNSt8_Rb_treeIsSt4pairIKsNSt7__cxx114listI9AlarmItemSaIS4_EEEESt10_Select1stIS7_ESt4lessIsESaIS7_EE12_M_drop_nodeEPSt13_Rb_tree_nodeIS7_E
                0x0000000000008a82       0x39 AlarmManager/AlarmDispatch.o
                0x0000000000008a82                std::_Rb_tree<short, std::pair<short const, std::__cxx11::list<AlarmItem, std::allocator<AlarmItem> > >, std::_Select1st<std::pair<short const, std::__cxx11::list<AlarmItem, std::allocator<AlarmItem> > > >, std::less<short>, std::allocator<std::pair<short const, std::__cxx11::list<AlarmItem, std::allocator<AlarmItem> > > > >::_M_drop_node(std::_Rb_tree_node<std::pair<short const, std::__cxx11::list<AlarmItem, std::allocator<AlarmItem> > > >*)
 *fill*         0x0000000000008abb        0x1 
 .text._ZNSt12_Vector_baseISt4pairIs7AlarmIdESaIS2_EE12_Vector_implC2Ev
                0x0000000000008abc       0x3e AlarmManager/AlarmDispatch.o
                0x0000000000008abc                std::_Vector_base<std::pair<short, AlarmId>, std::allocator<std::pair<short, AlarmId> > >::_Vector_impl::_Vector_impl()
                0x0000000000008abc                std::_Vector_base<std::pair<short, AlarmId>, std::allocator<std::pair<short, AlarmId> > >::_Vector_impl::_Vector_impl()
 .text._ZNSaISt4pairIs7AlarmIdEED2Ev
                0x0000000000008afa       0x1b AlarmManager/AlarmDispatch.o
                0x0000000000008afa                std::allocator<std::pair<short, AlarmId> >::~allocator()
                0x0000000000008afa                std::allocator<std::pair<short, AlarmId> >::~allocator()
 *fill*         0x0000000000008b15        0x1 
 .text._ZNSt12_Vector_baseISt4pairIs7AlarmIdESaIS2_EE13_M_deallocateEPS2_m
                0x0000000000008b16       0x35 AlarmManager/AlarmDispatch.o
                0x0000000000008b16                std::_Vector_base<std::pair<short, AlarmId>, std::allocator<std::pair<short, AlarmId> > >::_M_deallocate(std::pair<short, AlarmId>*, unsigned long)
 .text._ZSt8_DestroyIPSt4pairIs7AlarmIdEEvT_S4_
                0x0000000000008b4b       0x26 AlarmManager/AlarmDispatch.o
                0x0000000000008b4b                void std::_Destroy<std::pair<short, AlarmId>*>(std::pair<short, AlarmId>*, std::pair<short, AlarmId>*)
 *fill*         0x0000000000008b71        0x1 
 .text._ZNSt17_Rb_tree_iteratorISt4pairIKsNSt7__cxx114listI9AlarmItemSaIS4_EEEEEC2EPSt18_Rb_tree_node_base
                0x0000000000008b72       0x1a AlarmManager/AlarmDispatch.o
                0x0000000000008b72                std::_Rb_tree_iterator<std::pair<short const, std::__cxx11::list<AlarmItem, std::allocator<AlarmItem> > > >::_Rb_tree_iterator(std::_Rb_tree_node_base*)
                0x0000000000008b72                std::_Rb_tree_iterator<std::pair<short const, std::__cxx11::list<AlarmItem, std::allocator<AlarmItem> > > >::_Rb_tree_iterator(std::_Rb_tree_node_base*)
 .text._ZN9__gnu_cxx16__aligned_membufISt4pairIKsNSt7__cxx114listI9AlarmItemSaIS5_EEEEE6_M_ptrEv
                0x0000000000008b8c       0x1a AlarmManager/AlarmDispatch.o
                0x0000000000008b8c                __gnu_cxx::__aligned_membuf<std::pair<short const, std::__cxx11::list<AlarmItem, std::allocator<AlarmItem> > > >::_M_ptr()
 .text._ZNSt7__cxx1110_List_baseI9AlarmItemSaIS1_EE21_M_get_Node_allocatorEv
                0x0000000000008ba6        0xe AlarmManager/AlarmDispatch.o
                0x0000000000008ba6                std::__cxx11::_List_base<AlarmItem, std::allocator<AlarmItem> >::_M_get_Node_allocator()
 .text._ZNSt16allocator_traitsISaISt10_List_nodeI9AlarmItemEEE7destroyIS1_EEvRS3_PT_
                0x0000000000008bb4       0x26 AlarmManager/AlarmDispatch.o
                0x0000000000008bb4                void std::allocator_traits<std::allocator<std::_List_node<AlarmItem> > >::destroy<AlarmItem>(std::allocator<std::_List_node<AlarmItem> >&, AlarmItem*)
 .text._ZNSt7__cxx1110_List_baseI9AlarmItemSaIS1_EE11_M_put_nodeEPSt10_List_nodeIS1_E
                0x0000000000008bda       0x2b AlarmManager/AlarmDispatch.o
                0x0000000000008bda                std::__cxx11::_List_base<AlarmItem, std::allocator<AlarmItem> >::_M_put_node(std::_List_node<AlarmItem>*)
 *fill*         0x0000000000008c05        0x1 
 .text._ZNSt7__cxx1110_List_baseI9AlarmItemSaIS1_EE11_M_set_sizeEm
                0x0000000000008c06       0x29 AlarmManager/AlarmDispatch.o
                0x0000000000008c06                std::__cxx11::_List_base<AlarmItem, std::allocator<AlarmItem> >::_M_set_size(unsigned long)
 *fill*         0x0000000000008c2f        0x1 
 .text._ZNSt8_Rb_treeIsSt4pairIKsNSt7__cxx114listI9AlarmItemSaIS4_EEEESt10_Select1stIS7_ESt4lessIsESaIS7_EE6_M_endEv
                0x0000000000008c30       0x12 AlarmManager/AlarmDispatch.o
                0x0000000000008c30                std::_Rb_tree<short, std::pair<short const, std::__cxx11::list<AlarmItem, std::allocator<AlarmItem> > >, std::_Select1st<std::pair<short const, std::__cxx11::list<AlarmItem, std::allocator<AlarmItem> > > >, std::less<short>, std::allocator<std::pair<short const, std::__cxx11::list<AlarmItem, std::allocator<AlarmItem> > > > >::_M_end()
 .text._ZNSt8_Rb_treeIsSt4pairIKsNSt7__cxx114listI9AlarmItemSaIS4_EEEESt10_Select1stIS7_ESt4lessIsESaIS7_EE14_M_lower_boundEPSt13_Rb_tree_nodeIS7_EPSt18_Rb_tree_node_baseRS1_
                0x0000000000008c42       0xb9 AlarmManager/AlarmDispatch.o
                0x0000000000008c42                std::_Rb_tree<short, std::pair<short const, std::__cxx11::list<AlarmItem, std::allocator<AlarmItem> > >, std::_Select1st<std::pair<short const, std::__cxx11::list<AlarmItem, std::allocator<AlarmItem> > > >, std::less<short>, std::allocator<std::pair<short const, std::__cxx11::list<AlarmItem, std::allocator<AlarmItem> > > > >::_M_lower_bound(std::_Rb_tree_node<std::pair<short const, std::__cxx11::list<AlarmItem, std::allocator<AlarmItem> > > >*, std::_Rb_tree_node_base*, short const&)
 .text._ZNSt8_Rb_treeIsSt4pairIKsNSt7__cxx114listI9AlarmItemSaIS4_EEEESt10_Select1stIS7_ESt4lessIsESaIS7_EE6_S_keyEPKSt18_Rb_tree_node_base
                0x0000000000008cfb       0x4f AlarmManager/AlarmDispatch.o
                0x0000000000008cfb                std::_Rb_tree<short, std::pair<short const, std::__cxx11::list<AlarmItem, std::allocator<AlarmItem> > >, std::_Select1st<std::pair<short const, std::__cxx11::list<AlarmItem, std::allocator<AlarmItem> > > >, std::less<short>, std::allocator<std::pair<short const, std::__cxx11::list<AlarmItem, std::allocator<AlarmItem> > > > >::_S_key(std::_Rb_tree_node_base const*)
 .text._ZNSt7__cxx1110_List_baseI9AlarmItemSaIS1_EE10_List_implC2Ev
                0x0000000000008d4a       0x36 AlarmManager/AlarmDispatch.o
                0x0000000000008d4a                std::__cxx11::_List_base<AlarmItem, std::allocator<AlarmItem> >::_List_impl::_List_impl()
                0x0000000000008d4a                std::__cxx11::_List_base<AlarmItem, std::allocator<AlarmItem> >::_List_impl::_List_impl()
 .text._ZN9__gnu_cxx13new_allocatorISt10_List_nodeI9AlarmItemEED2Ev
                0x0000000000008d80        0xb AlarmManager/AlarmDispatch.o
                0x0000000000008d80                __gnu_cxx::new_allocator<std::_List_node<AlarmItem> >::~new_allocator()
                0x0000000000008d80                __gnu_cxx::new_allocator<std::_List_node<AlarmItem> >::~new_allocator()
 *fill*         0x0000000000008d8b        0x1 
 .text._ZNSt7__cxx114listI9AlarmItemSaIS1_EE14_M_create_nodeIJRKS1_EEEPSt10_List_nodeIS1_EDpOT_
                0x0000000000008d8c       0xe2 AlarmManager/AlarmDispatch.o
                0x0000000000008d8c                std::_List_node<AlarmItem>* std::__cxx11::list<AlarmItem, std::allocator<AlarmItem> >::_M_create_node<AlarmItem const&>(AlarmItem const&)
 .text._ZNSt7__cxx1110_List_baseI9AlarmItemSaIS1_EE11_M_inc_sizeEm
                0x0000000000008e6e       0x2c AlarmManager/AlarmDispatch.o
                0x0000000000008e6e                std::__cxx11::_List_base<AlarmItem, std::allocator<AlarmItem> >::_M_inc_size(unsigned long)
 .text._ZN9__gnu_cxx14__alloc_traitsISaISt10_List_nodeI9AlarmItemEEE17_S_select_on_copyERKS4_
                0x0000000000008e9a       0x4c AlarmManager/AlarmDispatch.o
                0x0000000000008e9a                __gnu_cxx::__alloc_traits<std::allocator<std::_List_node<AlarmItem> > >::_S_select_on_copy(std::allocator<std::_List_node<AlarmItem> > const&)
 .text._ZNKSt7__cxx1110_List_baseI9AlarmItemSaIS1_EE21_M_get_Node_allocatorEv
                0x0000000000008ee6        0xe AlarmManager/AlarmDispatch.o
                0x0000000000008ee6                std::__cxx11::_List_base<AlarmItem, std::allocator<AlarmItem> >::_M_get_Node_allocator() const
 .text._ZNSt7__cxx1110_List_baseI9AlarmItemSaIS1_EEC2ERKSaISt10_List_nodeIS1_EE
                0x0000000000008ef4       0x32 AlarmManager/AlarmDispatch.o
                0x0000000000008ef4                std::__cxx11::_List_base<AlarmItem, std::allocator<AlarmItem> >::_List_base(std::allocator<std::_List_node<AlarmItem> > const&)
                0x0000000000008ef4                std::__cxx11::_List_base<AlarmItem, std::allocator<AlarmItem> >::_List_base(std::allocator<std::_List_node<AlarmItem> > const&)
 .text._ZNKSt7__cxx114listI9AlarmItemSaIS1_EE5beginEv
                0x0000000000008f26       0x4b AlarmManager/AlarmDispatch.o
                0x0000000000008f26                std::__cxx11::list<AlarmItem, std::allocator<AlarmItem> >::begin() const
 *fill*         0x0000000000008f71        0x1 
 .text._ZNKSt7__cxx114listI9AlarmItemSaIS1_EE3endEv
                0x0000000000008f72       0x48 AlarmManager/AlarmDispatch.o
                0x0000000000008f72                std::__cxx11::list<AlarmItem, std::allocator<AlarmItem> >::end() const
 .text._ZNSt7__cxx114listI9AlarmItemSaIS1_EE22_M_initialize_dispatchISt20_List_const_iteratorIS1_EEEvT_S7_St12__false_type
                0x0000000000008fba       0x5a AlarmManager/AlarmDispatch.o
                0x0000000000008fba                void std::__cxx11::list<AlarmItem, std::allocator<AlarmItem> >::_M_initialize_dispatch<std::_List_const_iterator<AlarmItem> >(std::_List_const_iterator<AlarmItem>, std::_List_const_iterator<AlarmItem>, std::__false_type)
 .text._ZNSt4pairIPSt18_Rb_tree_node_baseS1_EC2IRPSt13_Rb_tree_nodeIS_IKsNSt7__cxx114listI9AlarmItemSaIS8_EEEEERS1_Lb1EEEOT_OT0_
                0x0000000000009014       0x44 AlarmManager/AlarmDispatch.o
                0x0000000000009014                std::pair<std::_Rb_tree_node_base*, std::_Rb_tree_node_base*>::pair<std::_Rb_tree_node<std::pair<short const, std::__cxx11::list<AlarmItem, std::allocator<AlarmItem> > > >*&, std::_Rb_tree_node_base*&, true>(std::_Rb_tree_node<std::pair<short const, std::__cxx11::list<AlarmItem, std::allocator<AlarmItem> > > >*&, std::_Rb_tree_node_base*&)
                0x0000000000009014                std::pair<std::_Rb_tree_node_base*, std::_Rb_tree_node_base*>::pair<std::_Rb_tree_node<std::pair<short const, std::__cxx11::list<AlarmItem, std::allocator<AlarmItem> > > >*&, std::_Rb_tree_node_base*&, true>(std::_Rb_tree_node<std::pair<short const, std::__cxx11::list<AlarmItem, std::allocator<AlarmItem> > > >*&, std::_Rb_tree_node_base*&)
 .text._ZSt7forwardIRPSt13_Rb_tree_nodeISt4pairIKsNSt7__cxx114listI9AlarmItemSaIS5_EEEEEEOT_RNSt16remove_referenceISC_E4typeE
                0x0000000000009058        0xe AlarmManager/AlarmDispatch.o
                0x0000000000009058                std::_Rb_tree_node<std::pair<short const, std::__cxx11::list<AlarmItem, std::allocator<AlarmItem> > > >*& std::forward<std::_Rb_tree_node<std::pair<short const, std::__cxx11::list<AlarmItem, std::allocator<AlarmItem> > > >*&>(std::remove_reference<std::_Rb_tree_node<std::pair<short const, std::__cxx11::list<AlarmItem, std::allocator<AlarmItem> > > >*&>::type&)
 .text._ZNSt4pairIPSt18_Rb_tree_node_baseS1_EC2IRS1_Lb1EEEOT_RKS1_
                0x0000000000009066       0x3c AlarmManager/AlarmDispatch.o
                0x0000000000009066                std::pair<std::_Rb_tree_node_base*, std::_Rb_tree_node_base*>::pair<std::_Rb_tree_node_base*&, true>(std::_Rb_tree_node_base*&, std::_Rb_tree_node_base* const&)
                0x0000000000009066                std::pair<std::_Rb_tree_node_base*, std::_Rb_tree_node_base*>::pair<std::_Rb_tree_node_base*&, true>(std::_Rb_tree_node_base*&, std::_Rb_tree_node_base* const&)
 .text._ZSt7forwardIRPSt18_Rb_tree_node_baseEOT_RNSt16remove_referenceIS3_E4typeE
                0x00000000000090a2        0xe AlarmManager/AlarmDispatch.o
                0x00000000000090a2                std::_Rb_tree_node_base*& std::forward<std::_Rb_tree_node_base*&>(std::remove_reference<std::_Rb_tree_node_base*&>::type&)
 .text._ZNSt8_Rb_treeIsSt4pairIKsNSt7__cxx114listI9AlarmItemSaIS4_EEEESt10_Select1stIS7_ESt4lessIsESaIS7_EE24_M_get_insert_unique_posERS1_
                0x00000000000090b0      0x199 AlarmManager/AlarmDispatch.o
                0x00000000000090b0                std::_Rb_tree<short, std::pair<short const, std::__cxx11::list<AlarmItem, std::allocator<AlarmItem> > >, std::_Select1st<std::pair<short const, std::__cxx11::list<AlarmItem, std::allocator<AlarmItem> > > >, std::less<short>, std::allocator<std::pair<short const, std::__cxx11::list<AlarmItem, std::allocator<AlarmItem> > > > >::_M_get_insert_unique_pos(short const&)
 *fill*         0x0000000000009249        0x1 
 .text._ZNKSt10_Select1stISt4pairIKsNSt7__cxx114listI9AlarmItemSaIS4_EEEEEclERS7_
                0x000000000000924a       0x12 AlarmManager/AlarmDispatch.o
                0x000000000000924a                std::_Select1st<std::pair<short const, std::__cxx11::list<AlarmItem, std::allocator<AlarmItem> > > >::operator()(std::pair<short const, std::__cxx11::list<AlarmItem, std::allocator<AlarmItem> > >&) const
 .text._ZNSt8_Rb_treeIsSt4pairIKsNSt7__cxx114listI9AlarmItemSaIS4_EEEESt10_Select1stIS7_ESt4lessIsESaIS7_EE11_Alloc_nodeC2ERSD_
                0x000000000000925c       0x1a AlarmManager/AlarmDispatch.o
                0x000000000000925c                std::_Rb_tree<short, std::pair<short const, std::__cxx11::list<AlarmItem, std::allocator<AlarmItem> > >, std::_Select1st<std::pair<short const, std::__cxx11::list<AlarmItem, std::allocator<AlarmItem> > > >, std::less<short>, std::allocator<std::pair<short const, std::__cxx11::list<AlarmItem, std::allocator<AlarmItem> > > > >::_Alloc_node::_Alloc_node(std::_Rb_tree<short, std::pair<short const, std::__cxx11::list<AlarmItem, std::allocator<AlarmItem> > >, std::_Select1st<std::pair<short const, std::__cxx11::list<AlarmItem, std::allocator<AlarmItem> > > >, std::less<short>, std::allocator<std::pair<short const, std::__cxx11::list<AlarmItem, std::allocator<AlarmItem> > > > >&)
                0x000000000000925c                std::_Rb_tree<short, std::pair<short const, std::__cxx11::list<AlarmItem, std::allocator<AlarmItem> > >, std::_Select1st<std::pair<short const, std::__cxx11::list<AlarmItem, std::allocator<AlarmItem> > > >, std::less<short>, std::allocator<std::pair<short const, std::__cxx11::list<AlarmItem, std::allocator<AlarmItem> > > > >::_Alloc_node::_Alloc_node(std::_Rb_tree<short, std::pair<short const, std::__cxx11::list<AlarmItem, std::allocator<AlarmItem> > >, std::_Select1st<std::pair<short const, std::__cxx11::list<AlarmItem, std::allocator<AlarmItem> > > >, std::less<short>, std::allocator<std::pair<short const, std::__cxx11::list<AlarmItem, std::allocator<AlarmItem> > > > >&)
 .text._ZNSt8_Rb_treeIsSt4pairIKsNSt7__cxx114listI9AlarmItemSaIS4_EEEESt10_Select1stIS7_ESt4lessIsESaIS7_EE10_M_insert_IS7_NSD_11_Alloc_nodeEEESt17_Rb_tree_iteratorIS7_EPSt18_Rb_tree_node_baseSJ_OT_RT0_
                0x0000000000009276      0x113 AlarmManager/AlarmDispatch.o
                0x0000000000009276                std::_Rb_tree_iterator<std::pair<short const, std::__cxx11::list<AlarmItem, std::allocator<AlarmItem> > > > std::_Rb_tree<short, std::pair<short const, std::__cxx11::list<AlarmItem, std::allocator<AlarmItem> > >, std::_Select1st<std::pair<short const, std::__cxx11::list<AlarmItem, std::allocator<AlarmItem> > > >, std::less<short>, std::allocator<std::pair<short const, std::__cxx11::list<AlarmItem, std::allocator<AlarmItem> > > > >::_M_insert_<std::pair<short const, std::__cxx11::list<AlarmItem, std::allocator<AlarmItem> > >, std::_Rb_tree<short, std::pair<short const, std::__cxx11::list<AlarmItem, std::allocator<AlarmItem> > >, std::_Select1st<std::pair<short const, std::__cxx11::list<AlarmItem, std::allocator<AlarmItem> > > >, std::less<short>, std::allocator<std::pair<short const, std::__cxx11::list<AlarmItem, std::allocator<AlarmItem> > > > >::_Alloc_node>(std::_Rb_tree_node_base*, std::_Rb_tree_node_base*, std::pair<short const, std::__cxx11::list<AlarmItem, std::allocator<AlarmItem> > >&&, std::_Rb_tree<short, std::pair<short const, std::__cxx11::list<AlarmItem, std::allocator<AlarmItem> > >, std::_Select1st<std::pair<short const, std::__cxx11::list<AlarmItem, std::allocator<AlarmItem> > > >, std::less<short>, std::allocator<std::pair<short const, std::__cxx11::list<AlarmItem, std::allocator<AlarmItem> > > > >::_Alloc_node&)
 .text._ZSt7forwardISt17_Rb_tree_iteratorISt4pairIKsNSt7__cxx114listI9AlarmItemSaIS5_EEEEEEOT_RNSt16remove_referenceISA_E4typeE
                0x0000000000009389        0xe AlarmManager/AlarmDispatch.o
                0x0000000000009389                std::_Rb_tree_iterator<std::pair<short const, std::__cxx11::list<AlarmItem, std::allocator<AlarmItem> > > >&& std::forward<std::_Rb_tree_iterator<std::pair<short const, std::__cxx11::list<AlarmItem, std::allocator<AlarmItem> > > > >(std::remove_reference<std::_Rb_tree_iterator<std::pair<short const, std::__cxx11::list<AlarmItem, std::allocator<AlarmItem> > > > >::type&)
 *fill*         0x0000000000009397        0x1 
 .text._ZNSt4pairISt17_Rb_tree_iteratorIS_IKsNSt7__cxx114listI9AlarmItemSaIS4_EEEEEbEC2IS8_bLb1EEEOT_OT0_
                0x0000000000009398       0x46 AlarmManager/AlarmDispatch.o
                0x0000000000009398                std::pair<std::_Rb_tree_iterator<std::pair<short const, std::__cxx11::list<AlarmItem, std::allocator<AlarmItem> > > >, bool>::pair<std::_Rb_tree_iterator<std::pair<short const, std::__cxx11::list<AlarmItem, std::allocator<AlarmItem> > > >, bool, true>(std::_Rb_tree_iterator<std::pair<short const, std::__cxx11::list<AlarmItem, std::allocator<AlarmItem> > > >&&, bool&&)
                0x0000000000009398                std::pair<std::_Rb_tree_iterator<std::pair<short const, std::__cxx11::list<AlarmItem, std::allocator<AlarmItem> > > >, bool>::pair<std::_Rb_tree_iterator<std::pair<short const, std::__cxx11::list<AlarmItem, std::allocator<AlarmItem> > > >, bool, true>(std::_Rb_tree_iterator<std::pair<short const, std::__cxx11::list<AlarmItem, std::allocator<AlarmItem> > > >&&, bool&&)
 .text._ZNSt8_Rb_treeIsSt4pairIKsNSt7__cxx114listI9AlarmItemSaIS4_EEEESt10_Select1stIS7_ESt4lessIsESaIS7_EE11lower_boundERS1_
                0x00000000000093de       0x4c AlarmManager/AlarmDispatch.o
                0x00000000000093de                std::_Rb_tree<short, std::pair<short const, std::__cxx11::list<AlarmItem, std::allocator<AlarmItem> > >, std::_Select1st<std::pair<short const, std::__cxx11::list<AlarmItem, std::allocator<AlarmItem> > > >, std::less<short>, std::allocator<std::pair<short const, std::__cxx11::list<AlarmItem, std::allocator<AlarmItem> > > > >::lower_bound(short const&)
 .text._ZNKSt8_Rb_treeIsSt4pairIKsNSt7__cxx114listI9AlarmItemSaIS4_EEEESt10_Select1stIS7_ESt4lessIsESaIS7_EE8key_compEv
                0x000000000000942a        0xa AlarmManager/AlarmDispatch.o